#
# A fatal error has been detected by the Java Runtime Environment:
#
#  EXCEPTION_ACCESS_VIOLATION (0xc0000005) at pc=0x00000000d4019e02, pid=2416, tid=34328
#
# JRE version: Java(TM) SE Runtime Environment (22.0.2+9) (build 22.0.2+9-70)
# Java VM: Java HotSpot(TM) 64-Bit Server VM (22.0.2+9-70, mixed mode, sharing, tiered, compressed oops, compressed class ptrs, g1 gc, windows-amd64)
# Problematic frame:
# C  [jdwp.dll+0x161bf]
#
# No core dump will be written. Minidumps are not enabled by default on client versions of Windows
#
# If you would like to submit a bug report, please visit:
#   https://bugreport.java.com/bugreport/crash.jsp
# The crash happened outside the Java Virtual Machine in native code.
# See problematic frame for where to report the bug.
#

---------------  S U M M A R Y ------------

Command Line: -Ddebugger.agent.enable.coroutines=true -Dkotlinx.coroutines.debug.enable.creation.stack.trace=false -Dkotlinx.coroutines.debug.enable.flows.stack.trace=true -Dkotlinx.coroutines.debug.enable.mutable.state.flows.stack.trace=true -agentlib:jdwp=transport=dt_socket,server=n,suspend=y,address=127.0.0.1:54046 -javaagent:C:\Users\lukag\AppData\Local\JetBrains\IntelliJIdea2025.1\captureAgent\debugger-agent.jar=file:///C:/Users/lukag/AppData/Local/Temp/capture15117528686746032185.props -Dfile.encoding=UTF-8 -Duser.country=CH -Duser.language=de -Duser.variant -ea ch.noseryoung.Main java.library.path=libs

Host: 13th Gen Intel(R) Core(TM) i9-13905H, 20 cores, 63G,  Windows 11 , 64 bit Build 26100 (10.0.26100.4484)
Time: Wed Jul 16 17:06:13 2025 Mitteleuropäische Sommerzeit elapsed time: 1.614155 seconds (0d 0h 0m 1s)

---------------  T H R E A D  ---------------

Current thread (0x0000014090128470):  JavaThread "main"             [_thread_in_native, id=34328, stack(0x000000203ae00000,0x000000203af00000) (1024K)]

Stack: [0x000000203ae00000,0x000000203af00000],  sp=0x000000203aefeb30,  free space=1018k
Native frames: (J=compiled Java code, j=interpreted, Vv=VM code, C=native code)
C  0x00000000d4019e02  (no source info available)

Java frames: (J=compiled Java code, j=interpreted, Vv=VM code)
j  org.lwjgl.opengl.GL11.glEnable(I)V+1
j  ch.noseryoung.chiikawagameengine.Window.init()V+177
j  ch.noseryoung.chiikawagameengine.Window.run()V+15
j  ch.noseryoung.Main.main([Ljava/lang/String;)V+5
v  ~StubRoutines::call_stub 0x000001409f8c100d

siginfo: EXCEPTION_ACCESS_VIOLATION (0xc0000005), data execution prevention violation at address 0x00000000d4019e02


Registers:
RAX=0x0000014107b877a0, RBX=0x00000140a80f7430, RCX=0x0000014090128830, RDX=0x00000140a80f7430
RSP=0x000000203aefeb28, RBP=0x0000000000000002, RSI=0x000000203aefebd0, RDI=0x0000014090128830
R8 =0x0000000000010002, R9 =0x0000000000000000, R10=0x00007ff9fe6e0000, R11=0x000000203aefeaf8
R12=0x0000000000000007, R13=0x00000140a80f7430, R14=0x00007ff9fd250400, R15=0x0000000000000000
RIP=0x00000000d4019e02, EFLAGS=0x0000000000010202


Register to memory mapping:

RAX=0x0000014107b877a0 points into unknown readable memory: 0x0000000000000000 | 00 00 00 00 00 00 00 00
RBX=0x00000140a80f7430 points into unknown readable memory: 0x0000000443809b38 | 38 9b 80 43 04 00 00 00
RCX=0x0000014090128830 points into unknown readable memory: 0x0000014107b877a0 | a0 77 b8 07 41 01 00 00
RDX=0x00000140a80f7430 points into unknown readable memory: 0x0000000443809b38 | 38 9b 80 43 04 00 00 00
RSP=0x000000203aefeb28 is pointing into the stack for thread: 0x0000014090128470
RBP=0x0000000000000002 is an unknown value
RSI=0x000000203aefebd0 is pointing into the stack for thread: 0x0000014090128470
RDI=0x0000014090128830 points into unknown readable memory: 0x0000014107b877a0 | a0 77 b8 07 41 01 00 00
R8 =0x0000000000010002 is an unknown value
R9 =0x0 is null
R10=0x00007ff9fe6e0000 VCRUNTIME140.dll
R11=0x000000203aefeaf8 is pointing into the stack for thread: 0x0000014090128470
R12=0x0000000000000007 is an unknown value
R13=0x00000140a80f7430 points into unknown readable memory: 0x0000000443809b38 | 38 9b 80 43 04 00 00 00
R14=0x00007ff9fd250400 jdwp.dll
R15=0x0 is null

Top of Stack: (sp=0x000000203aefeb28)
0x000000203aefeb28:   00007ff9fd2361bf 00000140a80f7430
0x000000203aefeb38:   000000203aefebd0 0000000000000000
0x000000203aefeb48:   0000000000000000 0000000200000007
0x000000203aefeb58:   00000140bf28a2f0 000001408ddd5a10
0x000000203aefeb68:   00007ff9fd250428 0000014090128a50
0x000000203aefeb78:   00007ff9fd23283f 00000140a80f7430
0x000000203aefeb88:   0000000000000002 0000014090128830
0x000000203aefeb98:   00000140a80f7438 000000203aefed90
0x000000203aefeba8:   00000140bfb3ede0 00000005079c0100
0x000000203aefebb8:   00000140c108e000 0000000000000000
0x000000203aefebc8:   0000000bffffffff 0000000000000007
0x000000203aefebd8:   00000140a80f7430 0000000000000000
0x000000203aefebe8:   00000140a80f7438 0000000000000000
0x000000203aefebf8:   0000000000000000 0000000000000000
0x000000203aefec08:   0000000000000000 0000000000000000
0x000000203aefec18:   0000000000000000 0000000000000000
0x000000203aefec28:   0000014090128a50 00000140c108e000
0x000000203aefec38:   00007ff9417904e7 00000140a80f7438
0x000000203aefec48:   00000140bf330af0 0000014090128470
0x000000203aefec58:   00007ff941485c22 0000fe103e1752c8
0x000000203aefec68:   000001408de024a0 00000140c108e000
0x000000203aefec78:   0000014101572108 000000203aefed10
0x000000203aefec88:   00007ff9414824d0 00000140c108e000
0x000000203aefec98:   0000000000000000 000001408ddd78c0
0x000000203aefeca8:   000001408ddf0ca0 000001408ddf0cb0
0x000000203aefecb8:   000001408ddf1088 00000000000003d8
0x000000203aefecc8:   0000014090128470 0000014090128470
0x000000203aefecd8:   000001408ddd7b80 000001408dddbcc0
0x000000203aefece8:   000001408dddbce0 000001408dddbda8
0x000000203aefecf8:   00000000000000d8 000000203aefed10
0x000000203aefed08:   00007ff94147c758 0000014090128470
0x000000203aefed18:   000001408ddd7b80 000001408dddbcc0 

Instructions: (pc=0x00007ff9fd2361bf)
0x00007ff9fd2360bf:   2c 41 b8 61 02 00 00 48 8d 0d cb 6e 01 00 48 8b
0x00007ff9fd2360cf:   d3 e8 7f 50 00 00 41 8b cc e8 33 a0 ff ff 48 8b
0x00007ff9fd2360df:   d0 48 8d 0d 89 a4 01 00 e8 10 51 00 00 4c 8b 4e
0x00007ff9fd2360ef:   28 48 8d 0d 91 a4 01 00 4c 8b 46 20 48 8b 56 08
0x00007ff9fd2360ff:   e8 4c 0d 01 00 48 8b 05 e5 0f 02 00 f6 80 10 02
0x00007ff9fd23610f:   00 00 02 74 28 41 b8 6a 02 00 00 48 8d 0d a3 62
0x00007ff9fd23611f:   01 00 48 8b d3 e8 2b 50 00 00 48 8d 15 88 63 01
0x00007ff9fd23612f:   00 48 8d 0d a1 62 01 00 e8 c0 50 00 00 48 8b 07
0x00007ff9fd23613f:   48 8b cf ff 50 78 48 8b 0d a4 0f 02 00 4c 8b f8
0x00007ff9fd23614f:   f6 81 10 02 00 00 02 74 28 41 b8 6b 02 00 00 48
0x00007ff9fd23615f:   8d 0d 5f 62 01 00 48 8b d3 e8 e7 4f 00 00 48 8d
0x00007ff9fd23616f:   15 7c 63 01 00 48 8d 0d 5d 62 01 00 e8 7c 50 00
0x00007ff9fd23617f:   00 48 8b 07 48 8b cf ff 90 88 00 00 00 83 3d 19
0x00007ff9fd23618f:   0b 02 00 00 76 0c e8 ce 5b ff ff 83 25 0b 0b 02
0x00007ff9fd23619f:   00 00 48 8b 5e 08 48 85 db 74 4b 48 8b 05 3f 0f
0x00007ff9fd2361af:   02 00 80 78 13 00 74 0b 48 8b cb e8 f5 06 01 00
0x00007ff9fd2361bf:   88 46 10 4d 8b c7 48 8b d6 41 8a ce e8 08 a1 00
0x00007ff9fd2361cf:   00 48 8b e8 48 85 c0 75 25 48 8b cb e8 c0 44 00
0x00007ff9fd2361df:   00 84 c0 0f 84 ea 00 00 00 48 8b d3 41 8a ce e8
0x00007ff9fd2361ef:   ad 13 00 00 eb e3 e8 0e 0e 00 00 48 8b e8 4c 8b
0x00007ff9fd2361ff:   cd 44 88 74 24 20 45 8b c4 48 8b d6 48 8b cf e8
0x00007ff9fd23620f:   e1 00 00 00 83 3e 14 75 0b 48 8b 05 d1 0e 02 00
0x00007ff9fd23621f:   c6 40 10 01 48 85 db 75 08 48 8b cd e8 0c 53 ff
0x00007ff9fd23622f:   ff 48 8b 05 b9 0e 02 00 4d 85 ff 74 43 f6 80 10
0x00007ff9fd23623f:   02 00 00 02 74 2c 41 b8 b3 02 00 00 48 8d 15 d6
0x00007ff9fd23624f:   a1 01 00 48 8d 0d 6b 61 01 00 e8 f6 4e 00 00 48
0x00007ff9fd23625f:   8d 15 1b 7d 01 00 48 8d 0d 6c 61 01 00 e8 8b 4f
0x00007ff9fd23626f:   00 00 48 8b 07 49 8b d7 48 8b cf ff 50 68 eb 41
0x00007ff9fd23627f:   f6 80 10 02 00 00 02 74 2c 41 b8 b5 02 00 00 48
0x00007ff9fd23628f:   8d 15 93 a1 01 00 48 8d 0d 28 61 01 00 e8 b3 4e
0x00007ff9fd23629f:   00 00 48 8d 15 48 62 01 00 48 8d 0d 29 61 01 00
0x00007ff9fd2362af:   e8 48 4f 00 00 48 8b 07 48 8b cf ff 90 88 00 00 


Stack slot to memory mapping:

stack at sp + 0 slots: 0x00000140a80f7430 points into unknown readable memory: 0x0000000443809b38 | 38 9b 80 43 04 00 00 00
stack at sp + 1 slots: 0x000000203aefebd0 is pointing into the stack for thread: 0x0000014090128470
stack at sp + 2 slots: 0x0 is null
stack at sp + 3 slots: 0x0 is null
stack at sp + 4 slots: 0x0000000200000007 is an unknown value
stack at sp + 5 slots: 0x00000140bf28a2f0 points into unknown readable memory: 0x00000140a0010a10 | 10 0a 01 a0 40 01 00 00
stack at sp + 6 slots: 0x000001408ddd5a10 points into unknown readable memory: 0x8000001200000001 | 01 00 00 00 12 00 00 80
stack at sp + 7 slots: 0x00007ff9fd250428 jdwp.dll


---------------  P R O C E S S  ---------------

Threads class SMR info:
_java_thread_list=0x0000014107b88bb0, length=20, elements={
0x0000014090128470, 0x00000140a810e4b0, 0x00000140bf17b3d0, 0x00000140bf1809f0,
0x00000140bf185b10, 0x00000140bf187be0, 0x00000140bf18b330, 0x00000140bf189610,
0x00000140bf19ac00, 0x00000140bf19b9a0, 0x00000140bf304040, 0x00000140bf199e60,
0x00000140bf19c070, 0x00000140bf3e09a0, 0x00000140bf3e1030, 0x00000140bf478aa0,
0x00000140bf4ee1d0, 0x00000140bf486f80, 0x00000140bf1989f0, 0x00000140bf1990c0
}

Java Threads: ( => current thread )
=>0x0000014090128470 JavaThread "main"                              [_thread_in_native, id=34328, stack(0x000000203ae00000,0x000000203af00000) (1024K)]
  0x00000140a810e4b0 JavaThread "Reference Handler"          daemon [_thread_blocked, id=23628, stack(0x000000203b600000,0x000000203b700000) (1024K)]
  0x00000140bf17b3d0 JavaThread "Finalizer"                  daemon [_thread_blocked, id=22428, stack(0x000000203b700000,0x000000203b800000) (1024K)]
  0x00000140bf1809f0 JavaThread "Signal Dispatcher"          daemon [_thread_blocked, id=36124, stack(0x000000203b800000,0x000000203b900000) (1024K)]
  0x00000140bf185b10 JavaThread "Attach Listener"            daemon [_thread_blocked, id=29624, stack(0x000000203b900000,0x000000203ba00000) (1024K)]
  0x00000140bf187be0 JavaThread "Service Thread"             daemon [_thread_blocked, id=29724, stack(0x000000203ba00000,0x000000203bb00000) (1024K)]
  0x00000140bf18b330 JavaThread "Monitor Deflation Thread"   daemon [_thread_blocked, id=35488, stack(0x000000203bb00000,0x000000203bc00000) (1024K)]
  0x00000140bf189610 JavaThread "C2 CompilerThread0"         daemon [_thread_blocked, id=6500, stack(0x000000203bc00000,0x000000203bd00000) (1024K)]
  0x00000140bf19ac00 JavaThread "C1 CompilerThread0"         daemon [_thread_blocked, id=19164, stack(0x000000203bd00000,0x000000203be00000) (1024K)]
  0x00000140bf19b9a0 JavaThread "C1 CompilerThread1"         daemon [_thread_blocked, id=34352, stack(0x000000203be00000,0x000000203bf00000) (1024K)]
  0x00000140bf304040 JavaThread "Common-Cleaner"             daemon [_thread_blocked, id=32440, stack(0x000000203bf00000,0x000000203c000000) (1024K)]
  0x00000140bf199e60 JavaThread "C1 CompilerThread2"         daemon [_thread_blocked, id=36764, stack(0x000000203c000000,0x000000203c100000) (1024K)]
  0x00000140bf19c070 JavaThread "C1 CompilerThread3"         daemon [_thread_blocked, id=8984, stack(0x000000203c100000,0x000000203c200000) (1024K)]
  0x00000140bf3e09a0 JavaThread "JDWP Transport Listener: dt_socket" daemon [_thread_blocked, id=35788, stack(0x000000203c300000,0x000000203c400000) (1024K)]
  0x00000140bf3e1030 JavaThread "JDWP Event Helper Thread"   daemon [_thread_blocked, id=33648, stack(0x000000203c400000,0x000000203c500000) (1024K)]
  0x00000140bf478aa0 JavaThread "JDWP Command Reader"        daemon [_thread_in_native, id=33728, stack(0x000000203c500000,0x000000203c600000) (1024K)]
  0x00000140bf4ee1d0 JavaThread "IntelliJ Suspend Helper"    daemon [_thread_blocked, id=2748, stack(0x000000203c600000,0x000000203c700000) (1024K)]
  0x00000140bf486f80 JavaThread "Notification Thread"        daemon [_thread_blocked, id=35064, stack(0x000000203c700000,0x000000203c800000) (1024K)]
  0x00000140bf1989f0 JavaThread "C2 CompilerThread1"         daemon [_thread_blocked, id=22468, stack(0x000000203c200000,0x000000203c300000) (1024K)]
  0x00000140bf1990c0 JavaThread "C2 CompilerThread2"         daemon [_thread_blocked, id=5904, stack(0x000000203cd00000,0x000000203ce00000) (1024K)]
Total: 20

Other Threads:
  0x00000140a80f50b0 VMThread "VM Thread"                           [id=25892, stack(0x000000203b500000,0x000000203b600000) (1024K)]
  0x00000140a80e15d0 WatcherThread "VM Periodic Task Thread"        [id=36512, stack(0x000000203b400000,0x000000203b500000) (1024K)]
  0x00000140a7f90290 WorkerThread "GC Thread#0"                     [id=34132, stack(0x000000203af00000,0x000000203b000000) (1024K)]
  0x00000140901a44d0 ConcurrentGCThread "G1 Main Marker"            [id=29628, stack(0x000000203b000000,0x000000203b100000) (1024K)]
  0x00000140901a5d70 WorkerThread "G1 Conc#0"                       [id=35104, stack(0x000000203b100000,0x000000203b200000) (1024K)]
  0x00000140a801e480 ConcurrentGCThread "G1 Refine#0"               [id=24604, stack(0x000000203b200000,0x000000203b300000) (1024K)]
  0x00000140a801ee10 ConcurrentGCThread "G1 Service"                [id=9080, stack(0x000000203b300000,0x000000203b400000) (1024K)]
Total: 7

Threads with active compile tasks:
Total: 0

VM state: not at safepoint (normal execution)

VM Mutex/Monitor currently owned by a thread: None

Heap address: 0x0000000404000000, size: 16320 MB, Compressed Oops mode: Zero based, Oop shift amount: 3

CDS archive(s) mapped at: [0x00000140c0000000-0x00000140c0c60000-0x00000140c0c60000), size 12976128, SharedBaseAddress: 0x00000140c0000000, ArchiveRelocationMode: 1.
Compressed class space mapped at: 0x00000140c1000000-0x0000014101000000, reserved size: 1073741824
Narrow klass base: 0x00000140c0000000, Narrow klass shift: 0, Narrow klass range: 0x41000000

GC Precious Log:
 CardTable entry size: 512
 Card Set container configuration: InlinePtr #cards 4 size 8 Array Of Cards #cards 64 size 144 Howl #buckets 8 coarsen threshold 14745 Howl Bitmap #cards 2048 size 272 coarsen threshold 1843 Card regions per heap region 1 cards per card region 16384
 CPUs: 20 total, 20 available
 Memory: 65259M
 Large Page Support: Disabled
 NUMA Support: Disabled
 Compressed Oops: Enabled (Zero based)
 Heap Region Size: 8M
 Heap Min Capacity: 8M
 Heap Initial Capacity: 1G
 Heap Max Capacity: 16320M
 Pre-touch: Disabled
 Parallel Workers: 15
 Concurrent Workers: 4
 Concurrent Refinement Workers: 15
 Periodic GC: Disabled

Heap:
 garbage-first heap   total reserved 16711680K, committed 1048576K, used 24576K [0x0000000404000000, 0x0000000800000000)
  region size 8192K, 4 young (32768K), 0 survivors (0K)
 Metaspace       used 8039K, committed 8256K, reserved 1114112K
  class space    used 518K, committed 640K, reserved 1048576K

Heap Regions: E=young(eden), S=young(survivor), O=old, HS=humongous(starts), HC=humongous(continues), CS=collection set, F=free, TAMS=top-at-mark-start, PB=parsable bottom
|   0|0x0000000404000000, 0x0000000404000000, 0x0000000404800000|  0%| F|  |TAMS 0x0000000404000000| PB 0x0000000404000000| Untracked |  0
|   1|0x0000000404800000, 0x0000000404800000, 0x0000000405000000|  0%| F|  |TAMS 0x0000000404800000| PB 0x0000000404800000| Untracked |  0
|   2|0x0000000405000000, 0x0000000405000000, 0x0000000405800000|  0%| F|  |TAMS 0x0000000405000000| PB 0x0000000405000000| Untracked |  0
|   3|0x0000000405800000, 0x0000000405800000, 0x0000000406000000|  0%| F|  |TAMS 0x0000000405800000| PB 0x0000000405800000| Untracked |  0
|   4|0x0000000406000000, 0x0000000406000000, 0x0000000406800000|  0%| F|  |TAMS 0x0000000406000000| PB 0x0000000406000000| Untracked |  0
|   5|0x0000000406800000, 0x0000000406800000, 0x0000000407000000|  0%| F|  |TAMS 0x0000000406800000| PB 0x0000000406800000| Untracked |  0
|   6|0x0000000407000000, 0x0000000407000000, 0x0000000407800000|  0%| F|  |TAMS 0x0000000407000000| PB 0x0000000407000000| Untracked |  0
|   7|0x0000000407800000, 0x0000000407800000, 0x0000000408000000|  0%| F|  |TAMS 0x0000000407800000| PB 0x0000000407800000| Untracked |  0
|   8|0x0000000408000000, 0x0000000408000000, 0x0000000408800000|  0%| F|  |TAMS 0x0000000408000000| PB 0x0000000408000000| Untracked |  0
|   9|0x0000000408800000, 0x0000000408800000, 0x0000000409000000|  0%| F|  |TAMS 0x0000000408800000| PB 0x0000000408800000| Untracked |  0
|  10|0x0000000409000000, 0x0000000409000000, 0x0000000409800000|  0%| F|  |TAMS 0x0000000409000000| PB 0x0000000409000000| Untracked |  0
|  11|0x0000000409800000, 0x0000000409800000, 0x000000040a000000|  0%| F|  |TAMS 0x0000000409800000| PB 0x0000000409800000| Untracked |  0
|  12|0x000000040a000000, 0x000000040a000000, 0x000000040a800000|  0%| F|  |TAMS 0x000000040a000000| PB 0x000000040a000000| Untracked |  0
|  13|0x000000040a800000, 0x000000040a800000, 0x000000040b000000|  0%| F|  |TAMS 0x000000040a800000| PB 0x000000040a800000| Untracked |  0
|  14|0x000000040b000000, 0x000000040b000000, 0x000000040b800000|  0%| F|  |TAMS 0x000000040b000000| PB 0x000000040b000000| Untracked |  0
|  15|0x000000040b800000, 0x000000040b800000, 0x000000040c000000|  0%| F|  |TAMS 0x000000040b800000| PB 0x000000040b800000| Untracked |  0
|  16|0x000000040c000000, 0x000000040c000000, 0x000000040c800000|  0%| F|  |TAMS 0x000000040c000000| PB 0x000000040c000000| Untracked |  0
|  17|0x000000040c800000, 0x000000040c800000, 0x000000040d000000|  0%| F|  |TAMS 0x000000040c800000| PB 0x000000040c800000| Untracked |  0
|  18|0x000000040d000000, 0x000000040d000000, 0x000000040d800000|  0%| F|  |TAMS 0x000000040d000000| PB 0x000000040d000000| Untracked |  0
|  19|0x000000040d800000, 0x000000040d800000, 0x000000040e000000|  0%| F|  |TAMS 0x000000040d800000| PB 0x000000040d800000| Untracked |  0
|  20|0x000000040e000000, 0x000000040e000000, 0x000000040e800000|  0%| F|  |TAMS 0x000000040e000000| PB 0x000000040e000000| Untracked |  0
|  21|0x000000040e800000, 0x000000040e800000, 0x000000040f000000|  0%| F|  |TAMS 0x000000040e800000| PB 0x000000040e800000| Untracked |  0
|  22|0x000000040f000000, 0x000000040f000000, 0x000000040f800000|  0%| F|  |TAMS 0x000000040f000000| PB 0x000000040f000000| Untracked |  0
|  23|0x000000040f800000, 0x000000040f800000, 0x0000000410000000|  0%| F|  |TAMS 0x000000040f800000| PB 0x000000040f800000| Untracked |  0
|  24|0x0000000410000000, 0x0000000410000000, 0x0000000410800000|  0%| F|  |TAMS 0x0000000410000000| PB 0x0000000410000000| Untracked |  0
|  25|0x0000000410800000, 0x0000000410800000, 0x0000000411000000|  0%| F|  |TAMS 0x0000000410800000| PB 0x0000000410800000| Untracked |  0
|  26|0x0000000411000000, 0x0000000411000000, 0x0000000411800000|  0%| F|  |TAMS 0x0000000411000000| PB 0x0000000411000000| Untracked |  0
|  27|0x0000000411800000, 0x0000000411800000, 0x0000000412000000|  0%| F|  |TAMS 0x0000000411800000| PB 0x0000000411800000| Untracked |  0
|  28|0x0000000412000000, 0x0000000412000000, 0x0000000412800000|  0%| F|  |TAMS 0x0000000412000000| PB 0x0000000412000000| Untracked |  0
|  29|0x0000000412800000, 0x0000000412800000, 0x0000000413000000|  0%| F|  |TAMS 0x0000000412800000| PB 0x0000000412800000| Untracked |  0
|  30|0x0000000413000000, 0x0000000413000000, 0x0000000413800000|  0%| F|  |TAMS 0x0000000413000000| PB 0x0000000413000000| Untracked |  0
|  31|0x0000000413800000, 0x0000000413800000, 0x0000000414000000|  0%| F|  |TAMS 0x0000000413800000| PB 0x0000000413800000| Untracked |  0
|  32|0x0000000414000000, 0x0000000414000000, 0x0000000414800000|  0%| F|  |TAMS 0x0000000414000000| PB 0x0000000414000000| Untracked |  0
|  33|0x0000000414800000, 0x0000000414800000, 0x0000000415000000|  0%| F|  |TAMS 0x0000000414800000| PB 0x0000000414800000| Untracked |  0
|  34|0x0000000415000000, 0x0000000415000000, 0x0000000415800000|  0%| F|  |TAMS 0x0000000415000000| PB 0x0000000415000000| Untracked |  0
|  35|0x0000000415800000, 0x0000000415800000, 0x0000000416000000|  0%| F|  |TAMS 0x0000000415800000| PB 0x0000000415800000| Untracked |  0
|  36|0x0000000416000000, 0x0000000416000000, 0x0000000416800000|  0%| F|  |TAMS 0x0000000416000000| PB 0x0000000416000000| Untracked |  0
|  37|0x0000000416800000, 0x0000000416800000, 0x0000000417000000|  0%| F|  |TAMS 0x0000000416800000| PB 0x0000000416800000| Untracked |  0
|  38|0x0000000417000000, 0x0000000417000000, 0x0000000417800000|  0%| F|  |TAMS 0x0000000417000000| PB 0x0000000417000000| Untracked |  0
|  39|0x0000000417800000, 0x0000000417800000, 0x0000000418000000|  0%| F|  |TAMS 0x0000000417800000| PB 0x0000000417800000| Untracked |  0
|  40|0x0000000418000000, 0x0000000418000000, 0x0000000418800000|  0%| F|  |TAMS 0x0000000418000000| PB 0x0000000418000000| Untracked |  0
|  41|0x0000000418800000, 0x0000000418800000, 0x0000000419000000|  0%| F|  |TAMS 0x0000000418800000| PB 0x0000000418800000| Untracked |  0
|  42|0x0000000419000000, 0x0000000419000000, 0x0000000419800000|  0%| F|  |TAMS 0x0000000419000000| PB 0x0000000419000000| Untracked |  0
|  43|0x0000000419800000, 0x0000000419800000, 0x000000041a000000|  0%| F|  |TAMS 0x0000000419800000| PB 0x0000000419800000| Untracked |  0
|  44|0x000000041a000000, 0x000000041a000000, 0x000000041a800000|  0%| F|  |TAMS 0x000000041a000000| PB 0x000000041a000000| Untracked |  0
|  45|0x000000041a800000, 0x000000041a800000, 0x000000041b000000|  0%| F|  |TAMS 0x000000041a800000| PB 0x000000041a800000| Untracked |  0
|  46|0x000000041b000000, 0x000000041b000000, 0x000000041b800000|  0%| F|  |TAMS 0x000000041b000000| PB 0x000000041b000000| Untracked |  0
|  47|0x000000041b800000, 0x000000041b800000, 0x000000041c000000|  0%| F|  |TAMS 0x000000041b800000| PB 0x000000041b800000| Untracked |  0
|  48|0x000000041c000000, 0x000000041c000000, 0x000000041c800000|  0%| F|  |TAMS 0x000000041c000000| PB 0x000000041c000000| Untracked |  0
|  49|0x000000041c800000, 0x000000041c800000, 0x000000041d000000|  0%| F|  |TAMS 0x000000041c800000| PB 0x000000041c800000| Untracked |  0
|  50|0x000000041d000000, 0x000000041d000000, 0x000000041d800000|  0%| F|  |TAMS 0x000000041d000000| PB 0x000000041d000000| Untracked |  0
|  51|0x000000041d800000, 0x000000041d800000, 0x000000041e000000|  0%| F|  |TAMS 0x000000041d800000| PB 0x000000041d800000| Untracked |  0
|  52|0x000000041e000000, 0x000000041e000000, 0x000000041e800000|  0%| F|  |TAMS 0x000000041e000000| PB 0x000000041e000000| Untracked |  0
|  53|0x000000041e800000, 0x000000041e800000, 0x000000041f000000|  0%| F|  |TAMS 0x000000041e800000| PB 0x000000041e800000| Untracked |  0
|  54|0x000000041f000000, 0x000000041f000000, 0x000000041f800000|  0%| F|  |TAMS 0x000000041f000000| PB 0x000000041f000000| Untracked |  0
|  55|0x000000041f800000, 0x000000041f800000, 0x0000000420000000|  0%| F|  |TAMS 0x000000041f800000| PB 0x000000041f800000| Untracked |  0
|  56|0x0000000420000000, 0x0000000420000000, 0x0000000420800000|  0%| F|  |TAMS 0x0000000420000000| PB 0x0000000420000000| Untracked |  0
|  57|0x0000000420800000, 0x0000000420800000, 0x0000000421000000|  0%| F|  |TAMS 0x0000000420800000| PB 0x0000000420800000| Untracked |  0
|  58|0x0000000421000000, 0x0000000421000000, 0x0000000421800000|  0%| F|  |TAMS 0x0000000421000000| PB 0x0000000421000000| Untracked |  0
|  59|0x0000000421800000, 0x0000000421800000, 0x0000000422000000|  0%| F|  |TAMS 0x0000000421800000| PB 0x0000000421800000| Untracked |  0
|  60|0x0000000422000000, 0x0000000422000000, 0x0000000422800000|  0%| F|  |TAMS 0x0000000422000000| PB 0x0000000422000000| Untracked |  0
|  61|0x0000000422800000, 0x0000000422800000, 0x0000000423000000|  0%| F|  |TAMS 0x0000000422800000| PB 0x0000000422800000| Untracked |  0
|  62|0x0000000423000000, 0x0000000423000000, 0x0000000423800000|  0%| F|  |TAMS 0x0000000423000000| PB 0x0000000423000000| Untracked |  0
|  63|0x0000000423800000, 0x0000000423800000, 0x0000000424000000|  0%| F|  |TAMS 0x0000000423800000| PB 0x0000000423800000| Untracked |  0
|  64|0x0000000424000000, 0x0000000424000000, 0x0000000424800000|  0%| F|  |TAMS 0x0000000424000000| PB 0x0000000424000000| Untracked |  0
|  65|0x0000000424800000, 0x0000000424800000, 0x0000000425000000|  0%| F|  |TAMS 0x0000000424800000| PB 0x0000000424800000| Untracked |  0
|  66|0x0000000425000000, 0x0000000425000000, 0x0000000425800000|  0%| F|  |TAMS 0x0000000425000000| PB 0x0000000425000000| Untracked |  0
|  67|0x0000000425800000, 0x0000000425800000, 0x0000000426000000|  0%| F|  |TAMS 0x0000000425800000| PB 0x0000000425800000| Untracked |  0
|  68|0x0000000426000000, 0x0000000426000000, 0x0000000426800000|  0%| F|  |TAMS 0x0000000426000000| PB 0x0000000426000000| Untracked |  0
|  69|0x0000000426800000, 0x0000000426800000, 0x0000000427000000|  0%| F|  |TAMS 0x0000000426800000| PB 0x0000000426800000| Untracked |  0
|  70|0x0000000427000000, 0x0000000427000000, 0x0000000427800000|  0%| F|  |TAMS 0x0000000427000000| PB 0x0000000427000000| Untracked |  0
|  71|0x0000000427800000, 0x0000000427800000, 0x0000000428000000|  0%| F|  |TAMS 0x0000000427800000| PB 0x0000000427800000| Untracked |  0
|  72|0x0000000428000000, 0x0000000428000000, 0x0000000428800000|  0%| F|  |TAMS 0x0000000428000000| PB 0x0000000428000000| Untracked |  0
|  73|0x0000000428800000, 0x0000000428800000, 0x0000000429000000|  0%| F|  |TAMS 0x0000000428800000| PB 0x0000000428800000| Untracked |  0
|  74|0x0000000429000000, 0x0000000429000000, 0x0000000429800000|  0%| F|  |TAMS 0x0000000429000000| PB 0x0000000429000000| Untracked |  0
|  75|0x0000000429800000, 0x0000000429800000, 0x000000042a000000|  0%| F|  |TAMS 0x0000000429800000| PB 0x0000000429800000| Untracked |  0
|  76|0x000000042a000000, 0x000000042a000000, 0x000000042a800000|  0%| F|  |TAMS 0x000000042a000000| PB 0x000000042a000000| Untracked |  0
|  77|0x000000042a800000, 0x000000042a800000, 0x000000042b000000|  0%| F|  |TAMS 0x000000042a800000| PB 0x000000042a800000| Untracked |  0
|  78|0x000000042b000000, 0x000000042b000000, 0x000000042b800000|  0%| F|  |TAMS 0x000000042b000000| PB 0x000000042b000000| Untracked |  0
|  79|0x000000042b800000, 0x000000042b800000, 0x000000042c000000|  0%| F|  |TAMS 0x000000042b800000| PB 0x000000042b800000| Untracked |  0
|  80|0x000000042c000000, 0x000000042c000000, 0x000000042c800000|  0%| F|  |TAMS 0x000000042c000000| PB 0x000000042c000000| Untracked |  0
|  81|0x000000042c800000, 0x000000042c800000, 0x000000042d000000|  0%| F|  |TAMS 0x000000042c800000| PB 0x000000042c800000| Untracked |  0
|  82|0x000000042d000000, 0x000000042d000000, 0x000000042d800000|  0%| F|  |TAMS 0x000000042d000000| PB 0x000000042d000000| Untracked |  0
|  83|0x000000042d800000, 0x000000042d800000, 0x000000042e000000|  0%| F|  |TAMS 0x000000042d800000| PB 0x000000042d800000| Untracked |  0
|  84|0x000000042e000000, 0x000000042e000000, 0x000000042e800000|  0%| F|  |TAMS 0x000000042e000000| PB 0x000000042e000000| Untracked |  0
|  85|0x000000042e800000, 0x000000042e800000, 0x000000042f000000|  0%| F|  |TAMS 0x000000042e800000| PB 0x000000042e800000| Untracked |  0
|  86|0x000000042f000000, 0x000000042f000000, 0x000000042f800000|  0%| F|  |TAMS 0x000000042f000000| PB 0x000000042f000000| Untracked |  0
|  87|0x000000042f800000, 0x000000042f800000, 0x0000000430000000|  0%| F|  |TAMS 0x000000042f800000| PB 0x000000042f800000| Untracked |  0
|  88|0x0000000430000000, 0x0000000430000000, 0x0000000430800000|  0%| F|  |TAMS 0x0000000430000000| PB 0x0000000430000000| Untracked |  0
|  89|0x0000000430800000, 0x0000000430800000, 0x0000000431000000|  0%| F|  |TAMS 0x0000000430800000| PB 0x0000000430800000| Untracked |  0
|  90|0x0000000431000000, 0x0000000431000000, 0x0000000431800000|  0%| F|  |TAMS 0x0000000431000000| PB 0x0000000431000000| Untracked |  0
|  91|0x0000000431800000, 0x0000000431800000, 0x0000000432000000|  0%| F|  |TAMS 0x0000000431800000| PB 0x0000000431800000| Untracked |  0
|  92|0x0000000432000000, 0x0000000432000000, 0x0000000432800000|  0%| F|  |TAMS 0x0000000432000000| PB 0x0000000432000000| Untracked |  0
|  93|0x0000000432800000, 0x0000000432800000, 0x0000000433000000|  0%| F|  |TAMS 0x0000000432800000| PB 0x0000000432800000| Untracked |  0
|  94|0x0000000433000000, 0x0000000433000000, 0x0000000433800000|  0%| F|  |TAMS 0x0000000433000000| PB 0x0000000433000000| Untracked |  0
|  95|0x0000000433800000, 0x0000000433800000, 0x0000000434000000|  0%| F|  |TAMS 0x0000000433800000| PB 0x0000000433800000| Untracked |  0
|  96|0x0000000434000000, 0x0000000434000000, 0x0000000434800000|  0%| F|  |TAMS 0x0000000434000000| PB 0x0000000434000000| Untracked |  0
|  97|0x0000000434800000, 0x0000000434800000, 0x0000000435000000|  0%| F|  |TAMS 0x0000000434800000| PB 0x0000000434800000| Untracked |  0
|  98|0x0000000435000000, 0x0000000435000000, 0x0000000435800000|  0%| F|  |TAMS 0x0000000435000000| PB 0x0000000435000000| Untracked |  0
|  99|0x0000000435800000, 0x0000000435800000, 0x0000000436000000|  0%| F|  |TAMS 0x0000000435800000| PB 0x0000000435800000| Untracked |  0
| 100|0x0000000436000000, 0x0000000436000000, 0x0000000436800000|  0%| F|  |TAMS 0x0000000436000000| PB 0x0000000436000000| Untracked |  0
| 101|0x0000000436800000, 0x0000000436800000, 0x0000000437000000|  0%| F|  |TAMS 0x0000000436800000| PB 0x0000000436800000| Untracked |  0
| 102|0x0000000437000000, 0x0000000437000000, 0x0000000437800000|  0%| F|  |TAMS 0x0000000437000000| PB 0x0000000437000000| Untracked |  0
| 103|0x0000000437800000, 0x0000000437800000, 0x0000000438000000|  0%| F|  |TAMS 0x0000000437800000| PB 0x0000000437800000| Untracked |  0
| 104|0x0000000438000000, 0x0000000438000000, 0x0000000438800000|  0%| F|  |TAMS 0x0000000438000000| PB 0x0000000438000000| Untracked |  0
| 105|0x0000000438800000, 0x0000000438800000, 0x0000000439000000|  0%| F|  |TAMS 0x0000000438800000| PB 0x0000000438800000| Untracked |  0
| 106|0x0000000439000000, 0x0000000439000000, 0x0000000439800000|  0%| F|  |TAMS 0x0000000439000000| PB 0x0000000439000000| Untracked |  0
| 107|0x0000000439800000, 0x0000000439800000, 0x000000043a000000|  0%| F|  |TAMS 0x0000000439800000| PB 0x0000000439800000| Untracked |  0
| 108|0x000000043a000000, 0x000000043a000000, 0x000000043a800000|  0%| F|  |TAMS 0x000000043a000000| PB 0x000000043a000000| Untracked |  0
| 109|0x000000043a800000, 0x000000043a800000, 0x000000043b000000|  0%| F|  |TAMS 0x000000043a800000| PB 0x000000043a800000| Untracked |  0
| 110|0x000000043b000000, 0x000000043b000000, 0x000000043b800000|  0%| F|  |TAMS 0x000000043b000000| PB 0x000000043b000000| Untracked |  0
| 111|0x000000043b800000, 0x000000043b800000, 0x000000043c000000|  0%| F|  |TAMS 0x000000043b800000| PB 0x000000043b800000| Untracked |  0
| 112|0x000000043c000000, 0x000000043c000000, 0x000000043c800000|  0%| F|  |TAMS 0x000000043c000000| PB 0x000000043c000000| Untracked |  0
| 113|0x000000043c800000, 0x000000043c800000, 0x000000043d000000|  0%| F|  |TAMS 0x000000043c800000| PB 0x000000043c800000| Untracked |  0
| 114|0x000000043d000000, 0x000000043d000000, 0x000000043d800000|  0%| F|  |TAMS 0x000000043d000000| PB 0x000000043d000000| Untracked |  0
| 115|0x000000043d800000, 0x000000043d800000, 0x000000043e000000|  0%| F|  |TAMS 0x000000043d800000| PB 0x000000043d800000| Untracked |  0
| 116|0x000000043e000000, 0x000000043e000000, 0x000000043e800000|  0%| F|  |TAMS 0x000000043e000000| PB 0x000000043e000000| Untracked |  0
| 117|0x000000043e800000, 0x000000043e800000, 0x000000043f000000|  0%| F|  |TAMS 0x000000043e800000| PB 0x000000043e800000| Untracked |  0
| 118|0x000000043f000000, 0x000000043f000000, 0x000000043f800000|  0%| F|  |TAMS 0x000000043f000000| PB 0x000000043f000000| Untracked |  0
| 119|0x000000043f800000, 0x000000043f800000, 0x0000000440000000|  0%| F|  |TAMS 0x000000043f800000| PB 0x000000043f800000| Untracked |  0
| 120|0x0000000440000000, 0x0000000440000000, 0x0000000440800000|  0%| F|  |TAMS 0x0000000440000000| PB 0x0000000440000000| Untracked |  0
| 121|0x0000000440800000, 0x0000000440800000, 0x0000000441000000|  0%| F|  |TAMS 0x0000000440800000| PB 0x0000000440800000| Untracked |  0
| 122|0x0000000441000000, 0x0000000441000000, 0x0000000441800000|  0%| F|  |TAMS 0x0000000441000000| PB 0x0000000441000000| Untracked |  0
| 123|0x0000000441800000, 0x0000000441800000, 0x0000000442000000|  0%| F|  |TAMS 0x0000000441800000| PB 0x0000000441800000| Untracked |  0
| 124|0x0000000442000000, 0x00000004423d8318, 0x0000000442800000| 48%| E|  |TAMS 0x0000000442000000| PB 0x0000000442000000| Complete |  0
| 125|0x0000000442800000, 0x0000000443000000, 0x0000000443000000|100%| E|CS|TAMS 0x0000000442800000| PB 0x0000000442800000| Complete |  0
| 126|0x0000000443000000, 0x0000000443800000, 0x0000000443800000|100%| E|CS|TAMS 0x0000000443000000| PB 0x0000000443000000| Complete |  0
| 127|0x0000000443800000, 0x0000000444000000, 0x0000000444000000|100%| E|CS|TAMS 0x0000000443800000| PB 0x0000000443800000| Complete |  0

Card table byte_map: [0x00000140aa0f0000,0x00000140ac0d0000] _byte_map_base: 0x00000140a80d0000

Marking Bits: (CMBitMap*) 0x00000140a7f908b0
 Bits: [0x00000140ac0d0000, 0x00000140bbfd0000)

Polling page: 0x000001408e0b0000

Metaspace:

Usage:
  Non-class:      7.34 MB used.
      Class:    518.14 KB used.
       Both:      7.85 MB used.

Virtual space:
  Non-class space:       64.00 MB reserved,       7.44 MB ( 12%) committed,  1 nodes.
      Class space:        1.00 GB reserved,     640.00 KB ( <1%) committed,  1 nodes.
             Both:        1.06 GB reserved,       8.06 MB ( <1%) committed. 

Chunk freelists:
   Non-Class:  8.12 MB
       Class:  15.43 MB
        Both:  23.56 MB

MaxMetaspaceSize: unlimited
CompressedClassSpaceSize: 1.00 GB
Initial GC threshold: 21.00 MB
Current GC threshold: 21.00 MB
CDS: on
 - commit_granule_bytes: 65536.
 - commit_granule_words: 8192.
 - virtual_space_node_default_size: 8388608.
 - enlarge_chunks_in_place: 1.
 - use_allocation_guard: 0.


Internal statistics:

num_allocs_failed_limit: 0.
num_arena_births: 98.
num_arena_deaths: 0.
num_vsnodes_births: 2.
num_vsnodes_deaths: 0.
num_space_committed: 128.
num_space_uncommitted: 0.
num_chunks_returned_to_freelist: 0.
num_chunks_taken_from_freelist: 238.
num_chunk_merges: 0.
num_chunk_splits: 174.
num_chunks_enlarged: 133.
num_inconsistent_stats: 0.

CodeHeap 'non-profiled nmethods': size=119168Kb used=334Kb max_used=334Kb free=118833Kb
 bounds [0x00000140a0010000, 0x00000140a0280000, 0x00000140a7470000]
CodeHeap 'profiled nmethods': size=119104Kb used=1901Kb max_used=1901Kb free=117203Kb
 bounds [0x0000014098470000, 0x00000140986e0000, 0x000001409f8c0000]
CodeHeap 'non-nmethods': size=7488Kb used=3751Kb max_used=3780Kb free=3736Kb
 bounds [0x000001409f8c0000, 0x000001409fc80000, 0x00000140a0010000]
 total_blobs=2098 nmethods=1109 adapters=891
 compilation: enabled
              stopped_count=0, restarted_count=0
 full_count=0

Compilation events (20 events):
Event: 1.546 Thread 0x00000140bf189610 nmethod 1093 0x00000140a005b910 code [0x00000140a005ba80, 0x00000140a005bb30]
Event: 1.546 Thread 0x00000140bf189610 1094       4       java.util.Objects::checkIndex (7 bytes)
Event: 1.546 Thread 0x00000140bf19b9a0 nmethod 1095 0x000001409864a590 code [0x000001409864a780, 0x000001409864ada0]
Event: 1.546 Thread 0x00000140bf189610 nmethod 1094 0x00000140a005bc10 code [0x00000140a005bd80, 0x00000140a005be28]
Event: 1.548 Thread 0x00000140bf189610 1097       4       jdk.internal.util.ReferencedKeyMap::removeStaleReferences (30 bytes)
Event: 1.549 Thread 0x00000140bf189610 nmethod 1097 0x00000140a005bf10 code [0x00000140a005c0a0, 0x00000140a005c198]
Event: 1.549 Thread 0x00000140bf189610 1098       4       java.lang.invoke.MethodHandle::<init> (37 bytes)
Event: 1.552 Thread 0x00000140bf189610 nmethod 1098 0x00000140a005c290 code [0x00000140a005c440, 0x00000140a005c818]
Event: 1.552 Thread 0x00000140bf189610 1099       4       java.lang.invoke.MethodType::hashCode (53 bytes)
Event: 1.554 Thread 0x00000140bf189610 nmethod 1099 0x00000140a005ca10 code [0x00000140a005cbc0, 0x00000140a005ce00]
Event: 1.557 Thread 0x00000140bf189610 1100       4       java.lang.ref.SoftReference::get (29 bytes)
Event: 1.558 Thread 0x00000140bf189610 nmethod 1100 0x00000140a005cf90 code [0x00000140a005d120, 0x00000140a005d260]
Event: 1.559 Thread 0x00000140bf189610 1101       4       java.util.ImmutableCollections$List12::get (35 bytes)
Event: 1.560 Thread 0x00000140bf189610 nmethod 1101 0x00000140a005d310 code [0x00000140a005d4a0, 0x00000140a005d5d0]
Event: 1.560 Thread 0x00000140bf189610 1102       4       java.lang.invoke.MethodType::makeImpl (109 bytes)
Event: 1.596 Thread 0x00000140bf19ac00 1110       3       sun.net.www.protocol.jar.Handler::checkNestedProtocol (18 bytes)
Event: 1.597 Thread 0x00000140bf19ac00 nmethod 1110 0x000001409864af90 code [0x000001409864b140, 0x000001409864b320]
Event: 1.597 Thread 0x00000140bf1989f0 1107       4       java.util.Arrays::equals (57 bytes)
Event: 1.598 Thread 0x00000140bf1990c0 1103       4       java.lang.invoke.BoundMethodHandle::<init> (32 bytes)
Event: 1.599 Thread 0x00000140bf189610 nmethod 1102 0x00000140a005d690 code [0x00000140a005da20, 0x00000140a005f9f0]

GC Heap History (0 events):
No events

Dll operation events (10 events):
Event: 0.014 Loaded shared library C:\Program Files\Java\jdk-22\bin\java.dll
Event: 0.016 Loaded shared library C:\Program Files\Java\jdk-22\bin\zip.dll
Event: 0.055 Loaded shared library C:\Program Files\Java\jdk-22\bin\jsvml.dll
Event: 0.145 Loaded shared library C:\Program Files\Java\jdk-22\bin\instrument.dll
Event: 0.219 Loaded shared library C:\Program Files\Java\jdk-22\bin\net.dll
Event: 0.220 Loaded shared library C:\Program Files\Java\jdk-22\bin\nio.dll
Event: 0.231 Loaded shared library C:\Program Files\Java\jdk-22\bin\zip.dll
Event: 0.278 Loaded shared library C:\Program Files\Java\jdk-22\bin\jimage.dll
Event: 0.388 Loaded shared library C:\Users\lukag\AppData\Local\Temp\lwjgllukag\3.2.3-build-13\lwjgl.dll
Event: 0.872 Loaded shared library C:\Users\lukag\AppData\Local\Temp\lwjgllukag\3.2.3-build-13\lwjgl_opengl.dll

Deoptimization events (20 events):
Event: 0.286 Thread 0x0000014090128470 DEOPT PACKING pc=0x00000140a00298f4 sp=0x000000203aefe480
Event: 0.286 Thread 0x0000014090128470 DEOPT UNPACKING pc=0x000001409f9146a2 sp=0x000000203aefe418 mode 2
Event: 1.120 Thread 0x0000014090128470 Uncommon trap: trap_request=0xffffff3d fr.pc=0x00000140a004a430 relative=0x0000000000000d10
Event: 1.120 Thread 0x0000014090128470 Uncommon trap: reason=unstable_fused_if action=reinterpret pc=0x00000140a004a430 method=java.util.HashMap.resize()[Ljava/util/HashMap$Node; @ 31 c2
Event: 1.120 Thread 0x0000014090128470 DEOPT PACKING pc=0x00000140a004a430 sp=0x000000203aefe070
Event: 1.120 Thread 0x0000014090128470 DEOPT UNPACKING pc=0x000001409f9146a2 sp=0x000000203aefe008 mode 2
Event: 1.137 Thread 0x0000014090128470 Uncommon trap: trap_request=0xffffff45 fr.pc=0x00000140a00115f0 relative=0x0000000000000070
Event: 1.137 Thread 0x0000014090128470 Uncommon trap: reason=unstable_if action=reinterpret pc=0x00000140a00115f0 method=java.lang.String.isLatin1()Z @ 10 c2
Event: 1.137 Thread 0x0000014090128470 DEOPT PACKING pc=0x00000140a00115f0 sp=0x000000203aefebe0
Event: 1.137 Thread 0x0000014090128470 DEOPT UNPACKING pc=0x000001409f9146a2 sp=0x000000203aefeb80 mode 2
Event: 1.140 Thread 0x0000014090128470 Uncommon trap: trap_request=0xffffff54 fr.pc=0x00000140a004b078 relative=0x0000000000000078
Event: 1.140 Thread 0x0000014090128470 Uncommon trap: reason=speculate_null_assert action=make_not_entrant pc=0x00000140a004b078 method=sun.misc.Unsafe.putLong(Ljava/lang/Object;JJ)V @ 7 c2
Event: 1.140 Thread 0x0000014090128470 DEOPT PACKING pc=0x00000140a004b078 sp=0x000000203aeff250
Event: 1.140 Thread 0x0000014090128470 DEOPT UNPACKING pc=0x000001409f9146a2 sp=0x000000203aeff1e8 mode 2
Event: 1.307 Thread 0x0000014090128470 DEOPT PACKING pc=0x00000140984e3cb1 sp=0x000000203aefde00
Event: 1.307 Thread 0x0000014090128470 DEOPT UNPACKING pc=0x000001409f914e42 sp=0x000000203aefd260 mode 0
Event: 1.426 Thread 0x0000014090128470 DEOPT PACKING pc=0x00000140984e3543 sp=0x000000203aefdf70
Event: 1.426 Thread 0x0000014090128470 DEOPT UNPACKING pc=0x000001409f914e42 sp=0x000000203aefd3e8 mode 0
Event: 1.438 Thread 0x0000014090128470 DEOPT PACKING pc=0x0000014098517bff sp=0x000000203aefdf90
Event: 1.438 Thread 0x0000014090128470 DEOPT UNPACKING pc=0x000001409f914e42 sp=0x000000203aefd400 mode 0

Classes loaded (20 events):
Event: 1.495 Loading class org/lwjgl/opengl/INTELPerformanceQuery
Event: 1.495 Loading class org/lwjgl/opengl/INTELPerformanceQuery done
Event: 1.497 Loading class org/lwjgl/opengl/KHRBlendEquationAdvanced
Event: 1.497 Loading class org/lwjgl/opengl/KHRBlendEquationAdvanced done
Event: 1.498 Loading class org/lwjgl/opengl/KHRDebug
Event: 1.498 Loading class org/lwjgl/opengl/KHRDebug done
Event: 1.501 Loading class org/lwjgl/opengl/NVConditionalRender
Event: 1.501 Loading class org/lwjgl/opengl/NVConditionalRender done
Event: 1.506 Loading class org/lwjgl/opengl/NVPrimitiveRestart
Event: 1.506 Loading class org/lwjgl/opengl/NVPrimitiveRestart done
Event: 1.511 Loading class org/lwjgl/opengl/OVRMultiview
Event: 1.511 Loading class org/lwjgl/opengl/OVRMultiview done
Event: 1.513 Loading class jdk/internal/reflect/MethodHandleLongFieldAccessorImpl
Event: 1.513 Loading class jdk/internal/reflect/MethodHandleLongFieldAccessorImpl done
Event: 1.516 Loading class org/lwjgl/system/CheckIntrinsics
Event: 1.516 Loading class org/lwjgl/system/CheckIntrinsics done
Event: 1.596 Loading class org/lwjgl/system/MultiReleaseMemCopy
Event: 1.596 Loading class org/lwjgl/system/MultiReleaseMemCopy done
Event: 1.597 Loading class org/lwjgl/opengl/GL11C
Event: 1.597 Loading class org/lwjgl/opengl/GL11C done

Classes unloaded (0 events):
No events

Classes redefined (1 events):
Event: 0.182 Thread 0x00000140a80f50b0 redefined class name=java.lang.Throwable, count=1

Internal exceptions (20 events):
Event: 0.350 Thread 0x0000014090128470 Exception <a 'java/lang/NoSuchMethodError'{0x00000004435102b0}: 'void java.lang.invoke.DelegatingMethodHandle$Holder.delegate(java.lang.Object, java.lang.Object, int, java.lang.Object)'> (0x00000004435102b0) 
thrown [s\open\src\hotspot\share\interpreter\linkResolver.cpp, line 774]
Event: 0.351 Thread 0x0000014090128470 Exception <a 'java/lang/NoSuchMethodError'{0x0000000443514010}: 'int java.lang.invoke.DirectMethodHandle$Holder.invokeSpecial(java.lang.Object, java.lang.Object, java.lang.Object)'> (0x0000000443514010) 
thrown [s\open\src\hotspot\share\interpreter\linkResolver.cpp, line 774]
Event: 0.358 Thread 0x0000014090128470 Exception <a 'java/lang/NoSuchMethodError'{0x00000004435301a0}: 'void java.lang.System.loadLibrary(java.lang.String, java.lang.Class)'> (0x00000004435301a0) 
thrown [s\open\src\hotspot\share\interpreter\linkResolver.cpp, line 774]
Event: 0.394 Thread 0x0000014090128470 Exception <a 'sun/nio/fs/WindowsException'{0x000000044359d6b0}> (0x000000044359d6b0) 
thrown [s\open\src\hotspot\share\prims\jni.cpp, line 520]
Event: 0.395 Thread 0x0000014090128470 Exception <a 'sun/nio/fs/WindowsException'{0x000000044359ece0}> (0x000000044359ece0) 
thrown [s\open\src\hotspot\share\prims\jni.cpp, line 520]
Event: 0.442 Thread 0x0000014090128470 Exception <a 'sun/nio/fs/WindowsException'{0x00000004436c6ce8}> (0x00000004436c6ce8) 
thrown [s\open\src\hotspot\share\prims\jni.cpp, line 520]
Event: 0.442 Thread 0x0000014090128470 Exception <a 'sun/nio/fs/WindowsException'{0x00000004436c7078}> (0x00000004436c7078) 
thrown [s\open\src\hotspot\share\prims\jni.cpp, line 520]
Event: 0.453 Thread 0x0000014090128470 Exception <a 'java/lang/NoSuchMethodError'{0x00000004436dcc88}: 'int java.lang.invoke.Invokers$Holder.invokeExact_MT(java.lang.Object, java.lang.Object)'> (0x00000004436dcc88) 
thrown [s\open\src\hotspot\share\interpreter\linkResolver.cpp, line 774]
Event: 0.744 Thread 0x0000014090128470 Exception <a 'java/lang/NoSuchMethodError'{0x0000000443739e80}: 'void java.lang.invoke.DirectMethodHandle$Holder.invokeStaticInit(java.lang.Object, long, double, double)'> (0x0000000443739e80) 
thrown [s\open\src\hotspot\share\interpreter\linkResolver.cpp, line 774]
Event: 0.751 Thread 0x0000014090128470 Exception <a 'java/lang/NoSuchMethodError'{0x0000000443749848}: 'void java.lang.invoke.DirectMethodHandle$Holder.invokeStaticInit(java.lang.Object, long, int, int, int)'> (0x0000000443749848) 
thrown [s\open\src\hotspot\share\interpreter\linkResolver.cpp, line 774]
Event: 0.763 Thread 0x0000014090128470 Exception <a 'java/lang/NoSuchMethodError'{0x0000000443763e38}: 'void java.lang.invoke.DirectMethodHandle$Holder.invokeStaticInit(java.lang.Object, long, int, int, int, int)'> (0x0000000443763e38) 
thrown [s\open\src\hotspot\share\interpreter\linkResolver.cpp, line 774]
Event: 0.768 Thread 0x0000014090128470 Exception <a 'java/lang/NoSuchMethodError'{0x00000004437703f0}: 'void java.lang.invoke.DirectMethodHandle$Holder.invokeStatic(java.lang.Object, long, int, int)'> (0x00000004437703f0) 
thrown [s\open\src\hotspot\share\interpreter\linkResolver.cpp, line 774]
Event: 0.861 Thread 0x0000014090128470 Exception <a 'java/lang/NoSuchMethodError'{0x000000044379b0c8}: 'void java.lang.System.load(java.lang.String, java.lang.Class)'> (0x000000044379b0c8) 
thrown [s\open\src\hotspot\share\interpreter\linkResolver.cpp, line 774]
Event: 0.862 Thread 0x0000014090128470 Exception <a 'java/lang/NoSuchMethodError'{0x000000044379db38}: 'void java.lang.System.loadLibrary(java.lang.String, java.lang.Class)'> (0x000000044379db38) 
thrown [s\open\src\hotspot\share\interpreter\linkResolver.cpp, line 774]
Event: 0.869 Thread 0x0000014090128470 Exception <a 'sun/nio/fs/WindowsException'{0x00000004437ad670}> (0x00000004437ad670) 
thrown [s\open\src\hotspot\share\prims\jni.cpp, line 520]
Event: 0.869 Thread 0x0000014090128470 Exception <a 'sun/nio/fs/WindowsException'{0x00000004437ada40}> (0x00000004437ada40) 
thrown [s\open\src\hotspot\share\prims\jni.cpp, line 520]
Event: 0.876 Thread 0x0000014090128470 Exception <a 'sun/nio/fs/WindowsException'{0x00000004437b5020}> (0x00000004437b5020) 
thrown [s\open\src\hotspot\share\prims\jni.cpp, line 520]
Event: 0.876 Thread 0x0000014090128470 Exception <a 'sun/nio/fs/WindowsException'{0x00000004437b5328}> (0x00000004437b5328) 
thrown [s\open\src\hotspot\share\prims\jni.cpp, line 520]
Event: 1.513 Thread 0x0000014090128470 Exception <a 'java/lang/NoSuchMethodError'{0x0000000442060828}: 'long java.lang.invoke.DelegatingMethodHandle$Holder.reinvoke_L(java.lang.Object, java.lang.Object)'> (0x0000000442060828) 
thrown [s\open\src\hotspot\share\interpreter\linkResolver.cpp, line 774]
Event: 1.515 Thread 0x0000014090128470 Exception <a 'java/lang/NoSuchMethodError'{0x0000000442066c90}: 'long java.lang.invoke.Invokers$Holder.invokeExact_MT(java.lang.Object, java.lang.Object, java.lang.Object)'> (0x0000000442066c90) 
thrown [s\open\src\hotspot\share\interpreter\linkResolver.cpp, line 774]

ZGC Phase Switch (0 events):
No events

VM Operations (14 events):
Event: 0.105 Executing VM operation: HandshakeAllThreads (Deoptimize)
Event: 0.105 Executing VM operation: HandshakeAllThreads (Deoptimize) done
Event: 0.140 Executing VM operation: ChangeBreakpoints
Event: 0.140 Executing VM operation: ChangeBreakpoints done
Event: 0.141 Executing VM operation: ChangeBreakpoints
Event: 0.141 Executing VM operation: ChangeBreakpoints done
Event: 0.181 Executing VM operation: RedefineClasses
Event: 0.182 Executing VM operation: RedefineClasses done
Event: 0.184 Executing VM operation: get/set locals
Event: 0.184 Executing VM operation: get/set locals done
Event: 0.395 Executing VM operation: HandshakeAllThreads (Deoptimize)
Event: 0.396 Executing VM operation: HandshakeAllThreads (Deoptimize) done
Event: 1.404 Executing VM operation: Cleanup
Event: 1.404 Executing VM operation: Cleanup done

Memory protections (0 events):
No events

Nmethod flushes (0 events):
No events

Events (20 events):
Event: 0.052 Thread 0x0000014090128470 Thread added: 0x00000140bf185b10
Event: 0.052 Thread 0x0000014090128470 Thread added: 0x00000140bf187be0
Event: 0.052 Thread 0x0000014090128470 Thread added: 0x00000140bf18b330
Event: 0.052 Thread 0x0000014090128470 Thread added: 0x00000140bf189610
Event: 0.052 Thread 0x0000014090128470 Thread added: 0x00000140bf19ac00
Event: 0.059 Thread 0x00000140bf19ac00 Thread added: 0x00000140bf19b9a0
Event: 0.097 Thread 0x0000014090128470 Thread added: 0x00000140bf304040
Event: 0.107 Thread 0x00000140bf19ac00 Thread added: 0x00000140bf199e60
Event: 0.107 Thread 0x00000140bf19ac00 Thread added: 0x00000140bf19c070
Event: 0.113 Thread 0x00000140bf189610 Thread added: 0x00000140bf199790
Event: 0.126 Thread 0x0000014090128470 Thread added: 0x00000140bf3e09a0
Event: 0.126 Thread 0x0000014090128470 Thread added: 0x00000140bf3e1030
Event: 0.126 Thread 0x00000140bf3e09a0 Thread added: 0x00000140bf478aa0
Event: 0.186 Thread 0x0000014090128470 Thread added: 0x00000140bf4ee1d0
Event: 0.190 Thread 0x0000014090128470 Thread added: 0x00000140bf486f80
Event: 1.092 Thread 0x00000140bf199790 Thread exited: 0x00000140bf199790
Event: 1.111 Thread 0x00000140bf19b9a0 Thread added: 0x00000140bf1989f0
Event: 1.256 Thread 0x00000140bf1989f0 Thread exited: 0x00000140bf1989f0
Event: 1.597 Thread 0x00000140bf19ac00 Thread added: 0x00000140bf1989f0
Event: 1.597 Thread 0x00000140bf19ac00 Thread added: 0x00000140bf1990c0


Dynamic libraries:
0x00007ff79f730000 - 0x00007ff79f740000 	C:\Program Files\Java\jdk-22\bin\java.exe
0x00007ffa11700000 - 0x00007ffa11968000 	C:\WINDOWS\SYSTEM32\ntdll.dll
0x00007ffa0f5c0000 - 0x00007ffa0f689000 	C:\WINDOWS\System32\KERNEL32.DLL
0x00007ffa0e9d0000 - 0x00007ffa0edbd000 	C:\WINDOWS\System32\KERNELBASE.dll
0x00007ffa0f150000 - 0x00007ffa0f29b000 	C:\WINDOWS\System32\ucrtbase.dll
0x00007ff9fe6e0000 - 0x00007ff9fe6fb000 	C:\Program Files\Java\jdk-22\bin\VCRUNTIME140.dll
0x00007ff9fdfb0000 - 0x00007ff9fdfc7000 	C:\Program Files\Java\jdk-22\bin\jli.dll
0x00007ffa11070000 - 0x00007ffa1123c000 	C:\WINDOWS\System32\USER32.dll
0x00007ff9f7af0000 - 0x00007ff9f7d8a000 	C:\WINDOWS\WinSxS\amd64_microsoft.windows.common-controls_6595b64144ccf1df_6.0.26100.4484_none_3e0e6d4ce32ef3b3\COMCTL32.dll
0x00007ffa0f080000 - 0x00007ffa0f0a7000 	C:\WINDOWS\System32\win32u.dll
0x00007ffa10f00000 - 0x00007ffa10fa9000 	C:\WINDOWS\System32\msvcrt.dll
0x00007ffa11240000 - 0x00007ffa1126b000 	C:\WINDOWS\System32\GDI32.dll
0x00007ffa0f360000 - 0x00007ffa0f497000 	C:\WINDOWS\System32\gdi32full.dll
0x00007ffa0efd0000 - 0x00007ffa0f073000 	C:\WINDOWS\System32\msvcp_win.dll
0x00007ffa114f0000 - 0x00007ffa1151f000 	C:\WINDOWS\System32\IMM32.DLL
0x00007ff9fe7e0000 - 0x00007ff9fe7ec000 	C:\Program Files\Java\jdk-22\bin\vcruntime140_1.dll
0x00007ff9d95a0000 - 0x00007ff9d962e000 	C:\Program Files\Java\jdk-22\bin\msvcp140.dll
0x00007ff9411f0000 - 0x00007ff941f39000 	C:\Program Files\Java\jdk-22\bin\server\jvm.dll
0x00007ffa113d0000 - 0x00007ffa11484000 	C:\WINDOWS\System32\ADVAPI32.dll
0x00007ffa0f690000 - 0x00007ffa0f736000 	C:\WINDOWS\System32\sechost.dll
0x00007ffa0f4a0000 - 0x00007ffa0f5b8000 	C:\WINDOWS\System32\RPCRT4.dll
0x00007ffa11640000 - 0x00007ffa116b4000 	C:\WINDOWS\System32\WS2_32.dll
0x00007ffa0e6a0000 - 0x00007ffa0e6fe000 	C:\WINDOWS\SYSTEM32\POWRPROF.dll
0x00007ff9fcae0000 - 0x00007ff9fcaeb000 	C:\WINDOWS\SYSTEM32\VERSION.dll
0x00007ffa03b40000 - 0x00007ffa03b75000 	C:\WINDOWS\SYSTEM32\WINMM.dll
0x00007ffa0e680000 - 0x00007ffa0e694000 	C:\WINDOWS\SYSTEM32\UMPDC.dll
0x00007ffa0d5b0000 - 0x00007ffa0d5cb000 	C:\WINDOWS\SYSTEM32\kernel.appcore.dll
0x00007ff9fe6d0000 - 0x00007ff9fe6da000 	C:\Program Files\Java\jdk-22\bin\jimage.dll
0x00007ffa0bda0000 - 0x00007ffa0bfe1000 	C:\WINDOWS\SYSTEM32\DBGHELP.DLL
0x00007ffa0ffc0000 - 0x00007ffa10346000 	C:\WINDOWS\System32\combase.dll
0x00007ffa0f850000 - 0x00007ffa0f930000 	C:\WINDOWS\System32\OLEAUT32.dll
0x00007ff9fda60000 - 0x00007ff9fdaa3000 	C:\WINDOWS\SYSTEM32\dbgcore.DLL
0x00007ffa0f0b0000 - 0x00007ffa0f149000 	C:\WINDOWS\System32\bcryptPrimitives.dll
0x00007ff9fd220000 - 0x00007ff9fd25c000 	C:\Program Files\Java\jdk-22\bin\jdwp.dll
0x00007ff9fe480000 - 0x00007ff9fe48f000 	C:\Program Files\Java\jdk-22\bin\instrument.dll
0x00007ff9fdf90000 - 0x00007ff9fdfae000 	C:\Program Files\Java\jdk-22\bin\java.dll
0x00007ffa10580000 - 0x00007ffa10cca000 	C:\WINDOWS\System32\SHELL32.dll
0x00007ffa0e850000 - 0x00007ffa0e9c4000 	C:\WINDOWS\System32\wintypes.dll
0x00007ffa10cd0000 - 0x00007ffa10e6e000 	C:\WINDOWS\System32\ole32.dll
0x00007ff9fdf70000 - 0x00007ff9fdf87000 	C:\Program Files\Java\jdk-22\bin\zip.dll
0x00007ffa0c450000 - 0x00007ffa0ccab000 	C:\WINDOWS\SYSTEM32\windows.storage.dll
0x00007ffa112d0000 - 0x00007ffa113c5000 	C:\WINDOWS\System32\SHCORE.dll
0x00007ffa10e80000 - 0x00007ffa10eea000 	C:\WINDOWS\System32\shlwapi.dll
0x00007ffa0e760000 - 0x00007ffa0e78f000 	C:\WINDOWS\SYSTEM32\profapi.dll
0x00007ff9ce440000 - 0x00007ff9ce517000 	C:\Program Files\Java\jdk-22\bin\jsvml.dll
0x00007ff9fd210000 - 0x00007ff9fd21c000 	C:\Program Files\Java\jdk-22\bin\dt_socket.dll
0x00007ffa0d100000 - 0x00007ffa0d133000 	C:\WINDOWS\SYSTEM32\IPHLPAPI.DLL
0x00007ffa0db20000 - 0x00007ffa0db8a000 	C:\WINDOWS\system32\mswsock.dll
0x00007ff9fdda0000 - 0x00007ff9fddb0000 	C:\Program Files\Java\jdk-22\bin\net.dll
0x00007ff9fdd30000 - 0x00007ff9fdd46000 	C:\Program Files\Java\jdk-22\bin\nio.dll
0x00007ff9f5d40000 - 0x00007ff9f5da4000 	C:\Users\lukag\AppData\Local\Temp\lwjgllukag\3.2.3-build-13\lwjgl.dll
0x00007ff9f4290000 - 0x00007ff9f42f2000 	C:\Users\lukag\AppData\Local\Temp\lwjgllukag\3.2.3-build-13\glfw.dll
0x00007ffa0b440000 - 0x00007ffa0b4ef000 	C:\WINDOWS\system32\uxtheme.dll
0x00007ff9faf20000 - 0x00007ff9faf6b000 	C:\WINDOWS\SYSTEM32\dinput8.dll
0x00007ff9fbd20000 - 0x00007ff9fbd32000 	C:\WINDOWS\SYSTEM32\xinput1_4.dll
0x00007ffa0e390000 - 0x00007ffa0e3e7000 	C:\WINDOWS\SYSTEM32\cfgmgr32.dll
0x00007ffa0e3f0000 - 0x00007ffa0e41d000 	C:\WINDOWS\SYSTEM32\DEVOBJ.dll
0x00007ffa0b890000 - 0x00007ffa0b8c6000 	C:\WINDOWS\SYSTEM32\dwmapi.dll
0x00007ff9df900000 - 0x00007ff9dfae3000 	C:\WINDOWS\SYSTEM32\inputhost.dll
0x00007ffa0b060000 - 0x00007ffa0b185000 	C:\WINDOWS\SYSTEM32\CoreMessaging.dll
0x00007ffa0f940000 - 0x00007ffa0faa0000 	C:\WINDOWS\System32\MSCTF.dll
0x00007ffa0dd60000 - 0x00007ffa0dd6c000 	C:\WINDOWS\SYSTEM32\CRYPTBASE.DLL
0x00007ffa0ccb0000 - 0x00007ffa0ccbf000 	C:\WINDOWS\SYSTEM32\HID.DLL
0x00007ffa0fab0000 - 0x00007ffa0ff36000 	C:\WINDOWS\System32\SETUPAPI.DLL
0x00007ffa0ef40000 - 0x00007ffa0efc4000 	C:\WINDOWS\System32\WINTRUST.dll
0x00007ffa0edc0000 - 0x00007ffa0ef37000 	C:\WINDOWS\System32\CRYPT32.dll
0x00007ffa0df60000 - 0x00007ffa0df73000 	C:\WINDOWS\SYSTEM32\MSASN1.dll
0x00007ff9df0e0000 - 0x00007ff9df1f8000 	C:\WINDOWS\SYSTEM32\opengl32.dll
0x00007ff9f9cd0000 - 0x00007ff9f9cfd000 	C:\WINDOWS\SYSTEM32\GLU32.dll
0x00007ffa0b540000 - 0x00007ffa0b58d000 	C:\WINDOWS\SYSTEM32\dxcore.dll
0x00007ffa0b590000 - 0x00007ffa0b5f4000 	C:\WINDOWS\SYSTEM32\directxdatabasehelper.dll
0x00007ff9f4a10000 - 0x00007ff9f4a2a000 	C:\WINDOWS\SYSTEM32\windows.staterepositorycore.dll
0x00007ff93e470000 - 0x00007ff93f6d9000 	C:\WINDOWS\System32\DriverStore\FileRepository\iigd_dch.inf_amd64_1d93109bf5281989\igxelpicd64.dll
0x00007ffa0b6e0000 - 0x00007ffa0b818000 	C:\WINDOWS\system32\dxgi.dll
0x00007ff9929b0000 - 0x00007ff992cfc000 	C:\WINDOWS\System32\DriverStore\FileRepository\iigd_dch.inf_amd64_1d93109bf5281989\igdml64.dll
0x00007ffa03300000 - 0x00007ffa0373e000 	C:\WINDOWS\System32\DriverStore\FileRepository\iigd_dch.inf_amd64_1d93109bf5281989\igdgmm64.dll
0x00007ff9ff260000 - 0x00007ffa032b4000 	C:\WINDOWS\System32\DriverStore\FileRepository\iigd_dch.inf_amd64_1d93109bf5281989\igc64.dll
0x00007ff9f1260000 - 0x00007ff9f13b0000 	C:\WINDOWS\SYSTEM32\textinputframework.dll
0x00007ffa05fb0000 - 0x00007ffa06293000 	C:\WINDOWS\SYSTEM32\CoreUIComponents.dll
0x00007ff9eac20000 - 0x00007ff9eac79000 	C:\Users\lukag\AppData\Local\Temp\lwjgllukag\3.2.3-build-13\lwjgl_opengl.dll

dbghelp: loaded successfully - version: 4.0.5 - missing functions: none
symbol engine: initialized successfully - sym options: 0x614 - pdb path: .;C:\Program Files\Java\jdk-22\bin;C:\WINDOWS\SYSTEM32;C:\WINDOWS\WinSxS\amd64_microsoft.windows.common-controls_6595b64144ccf1df_6.0.26100.4484_none_3e0e6d4ce32ef3b3;C:\Program Files\Java\jdk-22\bin\server;C:\Users\lukag\AppData\Local\Temp\lwjgllukag\3.2.3-build-13;C:\WINDOWS\System32\DriverStore\FileRepository\iigd_dch.inf_amd64_1d93109bf5281989

VM Arguments:
jvm_args: -Ddebugger.agent.enable.coroutines=true -Dkotlinx.coroutines.debug.enable.creation.stack.trace=false -Dkotlinx.coroutines.debug.enable.flows.stack.trace=true -Dkotlinx.coroutines.debug.enable.mutable.state.flows.stack.trace=true -agentlib:jdwp=transport=dt_socket,server=n,suspend=y,address=127.0.0.1:54046 -javaagent:C:\Users\lukag\AppData\Local\JetBrains\IntelliJIdea2025.1\captureAgent\debugger-agent.jar=file:///C:/Users/lukag/AppData/Local/Temp/capture15117528686746032185.props -Dfile.encoding=UTF-8 -Duser.country=CH -Duser.language=de -Duser.variant -ea 
java_command: ch.noseryoung.Main java.library.path=libs
java_class_path (initial): C:\Users\lukag\Documents\GitHub\chiikawa-game_luka\Chiikawa-Game\build\classes\java\main;C:\Users\lukag\Documents\GitHub\chiikawa-game_luka\Chiikawa-Game\build\resources\main;C:\Users\lukag\Documents\GitHub\chiikawa-game_luka\Chiikawa-Game\libs\imgui-app-1.81.0-javadoc.jar;C:\Users\lukag\Documents\GitHub\chiikawa-game_luka\Chiikawa-Game\libs\imgui-app-1.81.0-sources.jar;C:\Users\lukag\Documents\GitHub\chiikawa-game_luka\Chiikawa-Game\libs\imgui-app-1.81.0.jar;C:\Users\lukag\Documents\GitHub\chiikawa-game_luka\Chiikawa-Game\libs\imgui-binding-1.81.0-javadoc.jar;C:\Users\lukag\Documents\GitHub\chiikawa-game_luka\Chiikawa-Game\libs\imgui-binding-1.81.0-sources.jar;C:\Users\lukag\Documents\GitHub\chiikawa-game_luka\Chiikawa-Game\libs\imgui-binding-1.81.0.jar;C:\Users\lukag\Documents\GitHub\chiikawa-game_luka\Chiikawa-Game\libs\imgui-lwjgl3-1.81.0-javadoc.jar;C:\Users\lukag\Documents\GitHub\chiikawa-game_luka\Chiikawa-Game\libs\imgui-lwjgl3-1.81.0-sources.jar;C:\Users\lukag\Documents\GitHub\chiikawa-game_luka\Chiikawa-Game\libs\imgui-lwjgl3-1.81.0.jar;C:\Users\lukag\.gradle\caches\modules-2\files-2.1\com.google.code.gson\gson\2.13.1\853ce06c11316b33a8eae5e9095da096a9528b8f\gson-2.13.1.jar;C:\Users\lukag\.gradle\caches\modules-2\files-2.1\org.lwjgl\lwjgl-assimp\3.2.3\f62aa07a20afbdd3097efc296c4841e0d29700eb\lwjgl-assimp-3.2.3.jar;C:\Users\lukag\.gradle\caches\modules-2\files-2.1\org.lwjgl\lwjgl-assimp\3.2.3\4e60aeb75f0343c4a9ede4ef8b6b32ca702a00a3\lwjgl-assimp-3.2.3-natives-windows.jar;C:\Users\lukag\.gradle\caches\modules-2\files-2.1\org.lwjgl\lwjgl-glfw\3.2.3\5e520d5c290c8b012545a8d34fa5db5ab051ea53\lwjgl-glfw-3.2.3.jar;C:\Users\lukag\.gradle\caches\modules-2\files-2.1\org.lwjgl\lwjgl-glfw\3.2.3\b4d8a3477cdc2edcf7a5f1e822926be846223f54\lwjgl-glfw-3.2.3-natives-windows.jar;C:\Users\lukag\.gradle\caches\modules-2\files-2.1\org.lwjgl\lwjgl-nfd\3.2.3\c44fee1043c022cf6614a28872d44cf114ca7737\lwjgl-nfd-3.2.3.jar;C:\Users\lukag\.gradle\caches\modules-2\files-2.1\org.lwjgl\lwjgl-nfd\3.2.3\32782f5f5c57769efb82af864e70b819c77bc891\lwjgl-nfd-3.2.3-natives-windows.jar;C:\Users\lukag\.gradle\caches\modules-2\files-2.1\org.lwjgl\lwjgl-openal\3.2.3\106742e805803ab9eab8e343f0fb31a3d263903c\lwjgl-openal-3.2.3.jar;C:\Users\lukag\.gradle\caches\modules-2\files-2.1\org.lwjgl\lwjgl-openal\3.2.3\ec898e8ce11b5886f4f532a1536283ef2817758d\lwjgl-openal-3.2.3-natives-windows.jar;C:\Users\lukag\.gradle\caches\modules-2\files-2.1\org.lwjgl\lwjgl-opengl\3.2.3\bdd534a323d0c8f54969b95e424b6ac8984f7d6e\lwjgl-opengl-3.2.3.jar;C:\Users\lukag\.gradle\caches\modules-2\files-2.1\org.lwjgl\lwjgl-opengl\3.2.3\e81cfc73ec8708e5e791ed770e4ec3edfc1bbab1\lwjgl-opengl-3.2.3-natives-windows.jar;C:\Users\lukag\.gradle\caches\modules-2\files-2.1\org.lwjgl\lwjgl-stb\3.2.3\40eccaa4fa86fc815f2e17946a392fb5fdcc286a\lwjgl-stb-3.2.3.jar;C:\Users\lukag\.gradle\caches\modules-2\files-2.1\org.lwjgl\lwjgl-stb\3.2.3\817b21ec286f0ba3dcedb56a3bd275e6a9345be9\lwjgl-stb-3.2.3-natives-windows.jar;C:\Users\lukag\.gradle\caches\modules-2\files-2.1\org.lwjgl\lwjgl\3.2.3\17a59ba0fe8d474ec9dbe0d5db40d2cfe59c4c08\lwjgl-3.2.3.jar;C:\Users\lukag\.gradle\caches\modules-2\files-2.1\org.lwjgl\lwjgl\3.2.3\27f32cd35349684745951e04388e8e00d681cdcd\lwjgl-3.2.3-natives-windows.jar;C:\Users\lukag\.gradle\caches\modules-2\files-2.1\org.joml\joml\1.10.8\fc0a71dad90a2cf41d82a76156a0e700af8e4f8d\joml-1.10.8.jar;C:\Users\lukag\.gradle\caches\modules-2\files-2.1\com.google.errorprone\error_prone_annotations\2.38.0\fc0ae991433e8590ba51cd558421478318a74c8c\error_prone_annotations-2.38.0.jar;C:\Users\lukag\.gradle\caches\modules-2\files-2.1\org.jetbrains.kotlin\kotlin-stdlib-jdk8\1.8.20\73576ddf378c5b4f1f6b449fe6b119b8183fc078\kotlin-stdlib-jdk8-1.8.20.jar;C:\Users\lukag\.gradle\caches\modules-2\files-2.1\org.jetbrains.kotlin\kotlin-stdlib-jdk7\1.8.20\3aa51faf20aae8b31e1a4bc54f8370673d7b7df4\kotlin-stdlib-jdk7-1.8.20.jar;C:\Users\lukag\.gradle\caches\modules-2\files-2.1\org.jetbrains.kotlin\kotlin-stdlib\1.8.20\e72fc5e03ec6c064c678a6bd0d955c88d55b0c4a\kotlin-stdlib-1.8.20.jar;C:\Users\lukag\.gradle\caches\modules-2\files-2.1\org.jetbrains.kotlin\kotlin-stdlib-common\1.8.20\5eddaaf234c8c49d03eebeb6a14feb7f90faca71\kotlin-stdlib-common-1.8.20.jar;C:\Users\lukag\.gradle\caches\modules-2\files-2.1\org.jetbrains\annotations\13.0\919f0dfe192fb4e063e7dacadee7f8bb9a2672a9\annotations-13.0.jar
Launcher Type: SUN_STANDARD

[Global flags]
     intx CICompilerCount                          = 12                                        {product} {ergonomic}
     uint ConcGCThreads                            = 4                                         {product} {ergonomic}
     uint G1ConcRefinementThreads                  = 15                                        {product} {ergonomic}
   size_t G1HeapRegionSize                         = 8388608                                   {product} {ergonomic}
   size_t InitialHeapSize                          = 1073741824                                {product} {ergonomic}
   size_t MarkStackSize                            = 4194304                                   {product} {ergonomic}
   size_t MaxHeapSize                              = 17112760320                               {product} {ergonomic}
   size_t MaxNewSize                               = 10267656192                               {product} {ergonomic}
   size_t MinHeapDeltaBytes                        = 8388608                                   {product} {ergonomic}
   size_t MinHeapSize                              = 8388608                                   {product} {ergonomic}
    uintx NonNMethodCodeHeapSize                   = 7602480                                {pd product} {ergonomic}
    uintx NonProfiledCodeHeapSize                  = 122027880                              {pd product} {ergonomic}
    uintx ProfiledCodeHeapSize                     = 122027880                              {pd product} {ergonomic}
    uintx ReservedCodeCacheSize                    = 251658240                              {pd product} {ergonomic}
     bool SegmentedCodeCache                       = true                                      {product} {ergonomic}
   size_t SoftMaxHeapSize                          = 17112760320                            {manageable} {ergonomic}
     bool UseCompressedOops                        = true                           {product lp64_product} {ergonomic}
     bool UseG1GC                                  = true                                      {product} {ergonomic}
     bool UseLargePagesIndividualAllocation        = false                                  {pd product} {ergonomic}

Logging:
Log output configuration:
 #0: stdout all=warning uptime,level,tags foldmultilines=false
 #1: stderr all=off uptime,level,tags foldmultilines=false

Environment Variables:
JAVA_HOME=C:\Program Files\Eclipse Adoptium\jdk-21.0.5.11-hotspot\
PATH=C:\Program Files\Eclipse Adoptium\jdk-17.0.15.6-hotspot\bin;C:\Program Files (x86)\VMware\VMware Workstation\bin\;C:\Program Files\Eclipse Adoptium\jdk-21.0.5.11-hotspot\bin;C:\Program Files\Common Files\Oracle\Java\javapath;C:\WINDOWS\system32;C:\WINDOWS;C:\WINDOWS\System32\Wbem;C:\WINDOWS\System32\WindowsPowerShell\v1.0\;C:\WINDOWS\System32\OpenSSH\;C:\Program Files (x86)\NVIDIA Corporation\PhysX\Common;C:\Program Files\NVIDIA Corporation\NVIDIA NvDLISR;C:\Program Files\Java\jdk-22\bin;C:\Program Files\PuTTY\;C:\Program Files\Git\cmd;C:\Program Files\nodejs\;C:\Program Files\WireGuard\;C:\Program Files\Docker\Docker\resources\bin;C:\Program Files\dotnet\;C:\Users\lukag\AppData\Local\Programs\Python\Launcher\;C:\Users\lukag\AppData\Local\Microsoft\WindowsApps;C:\Users\lukag\AppData\Local\JetBrains\IntelliJ IDEA 2024.2.0.2\bin;;C:\Users\lukag\AppData\Local\GitHubDesktop\bin;C:\Users\lukag\AppData\Local\Programs\Microsoft VS Code\bin;C:\Users\lukag\AppData\Roaming\npm;C:\Program Files\PostgreSQL\17\bin;
USERNAME=lukag
OS=Windows_NT
PROCESSOR_IDENTIFIER=Intel64 Family 6 Model 186 Stepping 2, GenuineIntel
TMP=C:\Users\lukag\AppData\Local\Temp
TEMP=C:\Users\lukag\AppData\Local\Temp




Periodic native trim disabled

---------------  S Y S T E M  ---------------

OS:
 Windows 11 , 64 bit Build 26100 (10.0.26100.4484)
OS uptime: 2 days 8:09 hours
Hyper-V role detected

CPU: total 20 (initial active 20) (10 cores per cpu, 2 threads per core) family 6 model 186 stepping 2 microcode 0x4123, cx8, cmov, fxsr, ht, mmx, 3dnowpref, sse, sse2, sse3, ssse3, sse4.1, sse4.2, popcnt, lzcnt, tsc, tscinvbit, avx, avx2, aes, erms, clmul, bmi1, bmi2, adx, sha, fma, vzeroupper, clflush, clflushopt, clwb, hv, serialize, rdtscp, rdpid, fsrm, f16c, cet_ibt, cet_ss
Processor Information for processor 0
  Max Mhz: 2600, Current Mhz: 2600, Mhz Limit: 2600
Processor Information for processor 1
  Max Mhz: 2600, Current Mhz: 2600, Mhz Limit: 2600
Processor Information for processor 2
  Max Mhz: 2600, Current Mhz: 2600, Mhz Limit: 2600
Processor Information for processor 3
  Max Mhz: 2600, Current Mhz: 2600, Mhz Limit: 2600
Processor Information for processor 4
  Max Mhz: 2600, Current Mhz: 2600, Mhz Limit: 2600
Processor Information for processor 5
  Max Mhz: 2600, Current Mhz: 2600, Mhz Limit: 2600
Processor Information for processor 6
  Max Mhz: 2600, Current Mhz: 1496, Mhz Limit: 2600
Processor Information for processor 7
  Max Mhz: 2600, Current Mhz: 2600, Mhz Limit: 2600
Processor Information for processor 8
  Max Mhz: 2600, Current Mhz: 1496, Mhz Limit: 2600
Processor Information for processor 9
  Max Mhz: 2600, Current Mhz: 2600, Mhz Limit: 2600
Processor Information for processor 10
  Max Mhz: 2600, Current Mhz: 2600, Mhz Limit: 2600
Processor Information for processor 11
  Max Mhz: 2600, Current Mhz: 1496, Mhz Limit: 2600
Processor Information for processor 12
  Max Mhz: 2600, Current Mhz: 1505, Mhz Limit: 2600
Processor Information for processor 13
  Max Mhz: 2600, Current Mhz: 1505, Mhz Limit: 2600
Processor Information for processor 14
  Max Mhz: 2600, Current Mhz: 1505, Mhz Limit: 2600
Processor Information for processor 15
  Max Mhz: 2600, Current Mhz: 1505, Mhz Limit: 2600
Processor Information for processor 16
  Max Mhz: 2600, Current Mhz: 1505, Mhz Limit: 2600
Processor Information for processor 17
  Max Mhz: 2600, Current Mhz: 1505, Mhz Limit: 2600
Processor Information for processor 18
  Max Mhz: 2600, Current Mhz: 1505, Mhz Limit: 2600
Processor Information for processor 19
  Max Mhz: 2600, Current Mhz: 1505, Mhz Limit: 2600

Memory: 4k page, system-wide physical 65259M (41730M free)
TotalPageFile size 69355M (AvailPageFile size 42202M)
current process WorkingSet (physical memory assigned to process): 173M, peak: 174M
current process commit charge ("private bytes"): 1193M, peak: 1194M

vm_info: Java HotSpot(TM) 64-Bit Server VM (22.0.2+9-70) for windows-amd64 JRE (22.0.2+9-70), built on 2024-06-04T16:52:23Z by "mach5one" with MS VC++ 17.6 (VS2022)

END.
