#
# A fatal error has been detected by the Java Runtime Environment:
#
#  EXCEPTION_ACCESS_VIOLATION (0xc0000005) at pc=0x00007ff9fd246918, pid=29604, tid=28784
#
# JRE version: Java(TM) SE Runtime Environment (22.0.2+9) (build 22.0.2+9-70)
# Java VM: Java HotSpot(TM) 64-Bit Server VM (22.0.2+9-70, mixed mode, sharing, tiered, compressed oops, compressed class ptrs, g1 gc, windows-amd64)
# Problematic frame:
# C  [jdwp.dll+0x26918]
#
# No core dump will be written. Minidumps are not enabled by default on client versions of Windows
#
# If you would like to submit a bug report, please visit:
#   https://bugreport.java.com/bugreport/crash.jsp
# The crash happened outside the Java Virtual Machine in native code.
# See problematic frame for where to report the bug.
#

---------------  S U M M A R Y ------------

Command Line: -Ddebugger.agent.enable.coroutines=true -Dkotlinx.coroutines.debug.enable.creation.stack.trace=false -Dkotlinx.coroutines.debug.enable.flows.stack.trace=true -Dkotlinx.coroutines.debug.enable.mutable.state.flows.stack.trace=true -agentlib:jdwp=transport=dt_socket,server=n,suspend=y,address=127.0.0.1:54026 -javaagent:C:\Users\lukag\AppData\Local\JetBrains\IntelliJIdea2025.1\captureAgent\debugger-agent.jar=file:///C:/Users/lukag/AppData/Local/Temp/capture9928549726670961517.props -Dfile.encoding=UTF-8 -Duser.country=CH -Duser.language=de -Duser.variant -ea ch.noseryoung.Main java.library.path=libs

Host: 13th Gen Intel(R) Core(TM) i9-13905H, 20 cores, 63G,  Windows 11 , 64 bit Build 26100 (10.0.26100.4484)
Time: Wed Jul 16 17:05:45 2025 Mitteleuropäische Sommerzeit elapsed time: 2.162409 seconds (0d 0h 0m 2s)

---------------  T H R E A D  ---------------

Current thread (0x0000018ce1a304d0):  JavaThread "main"             [_thread_in_native, id=28784, stack(0x0000004ffba00000,0x0000004ffbb00000) (1024K)]

Stack: [0x0000004ffba00000,0x0000004ffbb00000],  sp=0x0000004ffbafebd8,  free space=1018k
Native frames: (J=compiled Java code, j=interpreted, Vv=VM code, C=native code)
C  [jdwp.dll+0x26918]  (no source info available)
C  [jdwp.dll+0x161bf]  (no source info available)
C  [jdwp.dll+0x1283f]  (no source info available)
V  [jvm.dll+0x5a04e7]  (no source info available)
V  [jvm.dll+0x3c9000]  (no source info available)
V  [jvm.dll+0x3c7c5c]  (no source info available)
V  [jvm.dll+0x3c7bf8]  (no source info available)
V  [jvm.dll+0x5ec239]  (no source info available)
V  [jvm.dll+0x5eb1a4]  (no source info available)
V  [jvm.dll+0x3ddbfd]  (no source info available)
V  [jvm.dll+0x3dd1fd]  (no source info available)
C  0x0000018cf3574bf1  (no source info available)

The last pc belongs to invokestatic (printed below).
Java frames: (J=compiled Java code, j=interpreted, Vv=VM code)
j  org.lwjgl.opengl.GL11.glEnable(I)V+1
j  ch.noseryoung.chiikawagameengine.Window.init()V+177
j  ch.noseryoung.chiikawagameengine.Window.run()V+15
j  ch.noseryoung.Main.main([Ljava/lang/String;)V+5
v  ~StubRoutines::call_stub 0x0000018cf355100d

siginfo: EXCEPTION_ACCESS_VIOLATION (0xc0000005), reading address 0xffffffffffffffff


Registers:
RAX=0x0000018cdba4bb30, RBX=0x0000018cfbd61e70, RCX=0x0000018ce1a30890, RDX=0x0000018cfbd61e70
RSP=0x0000004ffbafebd8, RBP=0x0000000000000002, RSI=0x0000004ffbafec80, RDI=0x0000018ce1a30890
R8 =0x0000000000010002, R9 =0x0000000000000000, R10=0x00007ff9fe6e0000, R11=0x0000004ffbafeba8
R12=0x0000000000000007, R13=0x0000018cfbd61e70, R14=0x00007ff9fd250400, R15=0x0000000000000000
RIP=0x00007ff9fd246918, EFLAGS=0x0000000000010202


Register to memory mapping:

RAX=0x0000018cdba4bb30 points into unknown readable memory: 0x0000000000000000 | 00 00 00 00 00 00 00 00
RBX=0x0000018cfbd61e70 points into unknown readable memory: 0x0000000443809b38 | 38 9b 80 43 04 00 00 00
RCX=0x0000018ce1a30890 points into unknown readable memory: 0x0000018cdba4bb30 | 30 bb a4 db 8c 01 00 00
RDX=0x0000018cfbd61e70 points into unknown readable memory: 0x0000000443809b38 | 38 9b 80 43 04 00 00 00
RSP=0x0000004ffbafebd8 is pointing into the stack for thread: 0x0000018ce1a304d0
RBP=0x0000000000000002 is an unknown value
RSI=0x0000004ffbafec80 is pointing into the stack for thread: 0x0000018ce1a304d0
RDI=0x0000018ce1a30890 points into unknown readable memory: 0x0000018cdba4bb30 | 30 bb a4 db 8c 01 00 00
R8 =0x0000000000010002 is an unknown value
R9 =0x0 is null
R10=0x00007ff9fe6e0000 VCRUNTIME140.dll
R11=0x0000004ffbafeba8 is pointing into the stack for thread: 0x0000018ce1a304d0
R12=0x0000000000000007 is an unknown value
R13=0x0000018cfbd61e70 points into unknown readable memory: 0x0000000443809b38 | 38 9b 80 43 04 00 00 00
R14=0x00007ff9fd250400 jdwp.dll
R15=0x0 is null

Top of Stack: (sp=0x0000004ffbafebd8)
0x0000004ffbafebd8:   00007ff9fd2361bf 0000018cfbd61e70
0x0000004ffbafebe8:   0000004ffbafec80 0000000000000000
0x0000004ffbafebf8:   0000000000000000 0000000200000007
0x0000004ffbafec08:   0000018cfbd7b830 0000018ce1a1c870
0x0000004ffbafec18:   00007ff9fd250428 0000018ce1a30ab0
0x0000004ffbafec28:   00007ff9fd23283f 0000018cfbd61e70
0x0000004ffbafec38:   0000000000000002 0000018ce1a30890
0x0000004ffbafec48:   0000018cfbd61e78 0000004ffbafee40
0x0000004ffbafec58:   0000018cd47b0c00 00000005d4140100
0x0000004ffbafec68:   0000018c9408e000 0000000000000000
0x0000004ffbafec78:   0000000bffffffff 0000000000000007
0x0000004ffbafec88:   0000018cfbd61e70 0000000000000000
0x0000004ffbafec98:   0000018cfbd61e78 0000000000000000
0x0000004ffbafeca8:   0000000000000000 0000000000000000
0x0000004ffbafecb8:   0000000000000000 0000000000000000
0x0000004ffbafecc8:   0000000000000000 0000000000000000
0x0000004ffbafecd8:   0000018ce1a30ab0 0000018c9408e000
0x0000004ffbafece8:   00007ff9417904e7 0000018cfbd61e78
0x0000004ffbafecf8:   0000018cd4284960 0000018ce1a304d0
0x0000004ffbafed08:   00007ff941485c22 0000aa3df3aca4a7
0x0000004ffbafed18:   0000018ce3daf500 0000018c9408e000
0x0000004ffbafed28:   0000018cd5572108 0000004ffbafedc0
0x0000004ffbafed38:   00007ff9414824d0 0000018c9408e000
0x0000004ffbafed48:   0000000000000000 0000018ce1a172d0
0x0000004ffbafed58:   0000018ce3db6270 0000018ce3db6280
0x0000004ffbafed68:   0000018ce3db6658 00000000000003d8
0x0000004ffbafed78:   0000018ce1a304d0 0000018ce1a304d0
0x0000004ffbafed88:   0000018ce1a176d0 0000018ce1a1a5b0
0x0000004ffbafed98:   0000018ce1a1a5d0 0000018ce1a1a698
0x0000004ffbafeda8:   00000000000000d8 0000004ffbafedc0
0x0000004ffbafedb8:   00007ff94147c758 0000018ce1a304d0
0x0000004ffbafedc8:   0000018ce1a176d0 0000018ce1a1a5b0 

Instructions: (pc=0x00007ff9fd246918)
0x00007ff9fd246818:   05 d3 08 01 00 48 8b 03 48 8b d7 4d 8b 40 30 48
0x00007ff9fd246828:   8b cb 48 8b 5c 24 30 48 83 c4 20 5f 48 ff a0 00
0x00007ff9fd246838:   01 00 00 cc 48 89 5c 24 08 57 48 83 ec 20 48 8b
0x00007ff9fd246848:   f9 e8 f2 ea ff ff 4c 8b 05 9b 08 01 00 48 8b d8
0x00007ff9fd246858:   41 f6 80 10 02 00 00 02 74 33 41 b8 20 06 00 00
0x00007ff9fd246868:   48 8d 15 19 c4 00 00 48 8d 0d 4e 5b 00 00 e8 d9
0x00007ff9fd246878:   48 ff ff 48 8d 15 56 9a 00 00 48 8d 0d 4f 5b 00
0x00007ff9fd246888:   00 e8 6e 49 ff ff 4c 8b 05 5b 08 01 00 48 8b 03
0x00007ff9fd246898:   48 8b d7 4d 8b 40 38 48 8b cb 48 8b 5c 24 30 48
0x00007ff9fd2468a8:   83 c4 20 5f 48 ff a0 00 01 00 00 cc 48 89 5c 24
0x00007ff9fd2468b8:   08 57 48 83 ec 20 48 8b f9 e8 7a ea ff ff 48 8b
0x00007ff9fd2468c8:   15 23 08 01 00 48 8b d8 f6 82 10 02 00 00 02 74
0x00007ff9fd2468d8:   2c 41 b8 12 06 00 00 48 8d 15 a2 c3 00 00 48 8d
0x00007ff9fd2468e8:   0d d7 5a 00 00 e8 62 48 ff ff 48 8d 15 27 6b 00
0x00007ff9fd2468f8:   00 48 8d 0d d8 5a 00 00 e8 f7 48 ff ff 48 8b 03
0x00007ff9fd246908:   48 8b d7 48 8b cb 48 8b 5c 24 30 48 83 c4 20 5f
0x00007ff9fd246918:   48 ff a0 50 07 00 00 cc 48 89 5c 24 08 48 89 74
0x00007ff9fd246928:   24 10 48 89 7c 24 18 41 56 48 83 ec 20 4c 63 f2
0x00007ff9fd246938:   49 8b d8 48 8b d1 41 8b f9 48 8b cb 4d 8d 46 ff
0x00007ff9fd246948:   ff 15 22 59 00 00 85 c0 75 3c 41 0f be 44 1e ff
0x00007ff9fd246958:   3b c7 75 32 49 03 de eb 10 0f be c8 ff 15 f6 58
0x00007ff9fd246968:   00 00 85 c0 74 09 48 ff c3 8a 03 84 c0 75 ea 80
0x00007ff9fd246978:   3b 3b 74 12 8b d7 48 8b cb e8 2c 4b 00 00 48 85
0x00007ff9fd246988:   c0 0f 94 c0 eb 02 32 c0 48 8b 5c 24 30 48 8b 74
0x00007ff9fd246998:   24 38 48 8b 7c 24 40 48 83 c4 20 41 5e c3 cc cc
0x00007ff9fd2469a8:   0f b6 d1 83 fa 1e 0f 87 83 00 00 00 74 7b 83 fa
0x00007ff9fd2469b8:   07 77 41 74 39 83 ea 01 74 2e 83 ea 01 74 23 83
0x00007ff9fd2469c8:   ea 01 74 18 83 ea 01 74 0d 83 fa 02 0f 85 8a 00
0x00007ff9fd2469d8:   00 00 8d 42 03 c3 b8 04 00 00 00 c3 b8 03 00 00
0x00007ff9fd2469e8:   00 c3 b8 02 00 00 00 c3 b8 01 00 00 00 c3 b8 06
0x00007ff9fd2469f8:   00 00 00 c3 b8 08 00 00 00 2b d0 74 26 83 ea 01
0x00007ff9fd246a08:   0f 84 88 00 00 00 83 ea 01 74 12 b8 0a 00 00 00 


Stack slot to memory mapping:

stack at sp + 0 slots: 0x00007ff9fd2361bf jdwp.dll
stack at sp + 1 slots: 0x0000018cfbd61e70 points into unknown readable memory: 0x0000000443809b38 | 38 9b 80 43 04 00 00 00
stack at sp + 2 slots: 0x0000004ffbafec80 is pointing into the stack for thread: 0x0000018ce1a304d0
stack at sp + 3 slots: 0x0 is null
stack at sp + 4 slots: 0x0 is null
stack at sp + 5 slots: 0x0000000200000007 is an unknown value
stack at sp + 6 slots: 0x0000018cfbd7b830 points into unknown readable memory: 0x0000018cf3ca0a10 | 10 0a ca f3 8c 01 00 00
stack at sp + 7 slots: 0x0000018ce1a1c870 points into unknown readable memory: 0x8000001200000001 | 01 00 00 00 12 00 00 80

invokestatic  184 invokestatic  [0x0000018cf3574b40, 0x0000018cf3574ee0]  928 bytes
[MachCode]
  0x0000018cf3574b40: 4883 ec08 | c5fa 1104 | 24eb 1f48 | 83ec 10c5 | fb11 0424 | eb14 4883 | ec10 4889 | 0424 48c7 
  0x0000018cf3574b60: 4424 0800 | 0000 00eb | 0150 488b | 4dd0 410f | b755 0148 | 8b49 306b | d218 488d | 4c11 080f 
  0x0000018cf3574b80: b659 1681 | fbb8 0000 | 000f 8474 | 0100 00bb | b800 0000 | e805 0000 | 00e9 5001 | 0000 488b 
  0x0000018cf3574ba0: d348 8d44 | 2408 4c89 | 6dc0 498b | cfc5 f877 | 4989 afb0 | 0300 0049 | 8987 a003 | 0000 4883 
  0x0000018cf3574bc0: ec20 40f6 | c40f 0f84 | 1900 0000 | 4883 ec08 | 48b8 90d1 | 5c41 f97f | 0000 ffd0 | 4883 c408 
  0x0000018cf3574be0: e90c 0000 | 0048 b890 | d15c 41f9 | 7f00 00ff | d048 83c4 | 2049 c787 | a003 0000 | 0000 0000 
  0x0000018cf3574c00: 49c7 87b0 | 0300 0000 | 0000 0049 | c787 a803 | 0000 0000 | 0000 c5f8 | 7741 8b8f | 3405 0000 
  0x0000018cf3574c20: f6c1 010f | 8442 0000 | 00f6 c102 | 0f85 3900 | 0000 4883 | ec20 40f6 | c40f 0f84 | 1900 0000 
  0x0000018cf3574c40: 4883 ec08 | 48b8 c07b | 5c41 f97f | 0000 ffd0 | 4883 c408 | e90c 0000 | 0048 b8c0 | 7b5c 41f9 
  0x0000018cf3574c60: 7f00 00ff | d048 83c4 | 20ff e049 | 8b8f e005 | 0000 4885 | c90f 8455 | 0000 008b | 899c 0000 
  0x0000018cf3574c80: 0083 f901 | 0f85 4600 | 0000 498b | 8fe0 0500 | 008b 89a0 | 0000 0048 | 83ec 2040 | f6c4 0f0f 
  0x0000018cf3574ca0: 8419 0000 | 0048 83ec | 0848 b8b0 | 7b5c 41f9 | 7f00 00ff | d048 83c4 | 08e9 0c00 | 0000 48b8 
  0x0000018cf3574cc0: b07b 5c41 | f97f 0000 | ffd0 4883 | c420 ffe0 | 4983 7f08 | 000f 8405 | 0000 00e9 | 20c2 fdff 
  0x0000018cf3574ce0: 4c8b 6dc0 | 4c8b 75c8 | 4e8d 74f5 | 00c3 488b | 4dd0 410f | b755 0148 | 8b49 306b | d218 488d 
  0x0000018cf3574d00: 4c11 0848 | 8b19 488b | 5b08 488b | 5b08 488b | 5b18 80bb | 2001 0000 | 050f 840d | 0000 004c 
  0x0000018cf3574d20: 3bbb 3001 | 0000 0f85 | 63fe ffff | 0fb6 5115 | 488b 194c | 896d c044 | 8bea 0fb6 | 5114 49ba 
  0x0000018cf3574d40: 40c8 e641 | f97f 0000 | 498b 14d2 | 5241 8bd5 | 4c8b 6dc0 | 488b 45d8 | 4885 c00f | 8412 0000 
  0x0000018cf3574d60: 0048 8340 | 0801 4883 | 5808 0048 | 83c0 1048 | 8945 d848 | 8b45 d848 | 85c0 0f84 | 3d01 0000 
  0x0000018cf3574d80: 8078 f00a | 0f85 3301 | 0000 4883 | c008 4c8b | 68f8 4183 | ed00 4183 | fd02 0f8c | 1201 0000 
  0x0000018cf3574da0: 4c8b 6b08 | 450f b76d | 2e4c 2b28 | 4183 ed01 | 4e8b 6cec | 084d 85ed | 750e f640 | 0801 7558 
  0x0000018cf3574dc0: f048 8348 | 0801 eb50 | 458b 6d08 | 49ba 0000 | 0093 8c01 | 0000 4d03 | ea4d 8bd5 | 4c33 6808 
  0x0000018cf3574de0: 49f7 c5fc | ffff ff74 | 2f41 f6c5 | 0275 2948 | 8378 0800 | 741e 4883 | 7808 0174 | 174d 8bea 
  0x0000018cf3574e00: 4c33 6808 | 49f7 c5fc | ffff ff74 | 0b48 8348 | 0802 eb04 | 4c89 6808 | 4883 c010 | 4c8b 68e8 
  0x0000018cf3574e20: 4183 ed02 | 4183 fd02 | 0f8c 8400 | 0000 4c8b | 6b08 450f | b76d 2e4c | 2b28 4183 | ed01 4e8b 
  0x0000018cf3574e40: 6cec 084d | 85ed 750e | f640 0801 | 7558 f048 | 8348 0801 | eb50 458b | 6d08 49ba | 0000 0093 
  0x0000018cf3574e60: 8c01 0000 | 4d03 ea4d | 8bd5 4c33 | 6808 49f7 | c5fc ffff | ff74 2f41 | f6c5 0275 | 2948 8378 
  0x0000018cf3574e80: 0800 741e | 4883 7808 | 0174 174d | 8bea 4c33 | 6808 49f7 | c5fc ffff | ff74 0b48 | 8348 0802 
  0x0000018cf3574ea0: eb04 4c89 | 6808 4883 | c010 4c8b | 68d8 4183 | ed04 41c1 | e503 4903 | c548 8945 | d84c 8d6c 
  0x0000018cf3574ec0: 2408 498b | cd48 2bcd | 48c1 f903 | 4889 4df0 | 4180 bfe8 | 0500 0000 | 7403 ff63 | 38ff 6350 
[/MachCode]

---------------  P R O C E S S  ---------------

Threads class SMR info:
_java_thread_list=0x0000018cdb60c1e0, length=19, elements={
0x0000018ce1a304d0, 0x0000018cfbd7d2a0, 0x0000018cfbd7ef10, 0x0000018cfbd83a10,
0x0000018cfbd867e0, 0x0000018cfbd88240, 0x0000018cfbd8b820, 0x0000018cd40fd2f0,
0x0000018cfbd97ab0, 0x0000018cd41d00e0, 0x0000018cd41dc7c0, 0x0000018cd4213ec0,
0x0000018cd437b320, 0x0000018cd437fb10, 0x0000018cd43b8240, 0x0000018cd43c2c90,
0x0000018cd43e0080, 0x0000018cdbaffb20, 0x0000018cdbaa0910
}

Java Threads: ( => current thread )
=>0x0000018ce1a304d0 JavaThread "main"                              [_thread_in_native, id=28784, stack(0x0000004ffba00000,0x0000004ffbb00000) (1024K)]
  0x0000018cfbd7d2a0 JavaThread "Reference Handler"          daemon [_thread_blocked, id=7860, stack(0x0000004ffc200000,0x0000004ffc300000) (1024K)]
  0x0000018cfbd7ef10 JavaThread "Finalizer"                  daemon [_thread_blocked, id=30384, stack(0x0000004ffc300000,0x0000004ffc400000) (1024K)]
  0x0000018cfbd83a10 JavaThread "Signal Dispatcher"          daemon [_thread_blocked, id=25772, stack(0x0000004ffc400000,0x0000004ffc500000) (1024K)]
  0x0000018cfbd867e0 JavaThread "Attach Listener"            daemon [_thread_blocked, id=19664, stack(0x0000004ffc500000,0x0000004ffc600000) (1024K)]
  0x0000018cfbd88240 JavaThread "Service Thread"             daemon [_thread_blocked, id=4640, stack(0x0000004ffc600000,0x0000004ffc700000) (1024K)]
  0x0000018cfbd8b820 JavaThread "Monitor Deflation Thread"   daemon [_thread_blocked, id=28576, stack(0x0000004ffc700000,0x0000004ffc800000) (1024K)]
  0x0000018cd40fd2f0 JavaThread "C2 CompilerThread0"         daemon [_thread_blocked, id=14172, stack(0x0000004ffc800000,0x0000004ffc900000) (1024K)]
  0x0000018cfbd97ab0 JavaThread "C1 CompilerThread0"         daemon [_thread_blocked, id=31756, stack(0x0000004ffc900000,0x0000004ffca00000) (1024K)]
  0x0000018cd41d00e0 JavaThread "C1 CompilerThread1"         daemon [_thread_blocked, id=23844, stack(0x0000004ffca00000,0x0000004ffcb00000) (1024K)]
  0x0000018cd41dc7c0 JavaThread "C1 CompilerThread2"         daemon [_thread_blocked, id=28588, stack(0x0000004ffcb00000,0x0000004ffcc00000) (1024K)]
  0x0000018cd4213ec0 JavaThread "Common-Cleaner"             daemon [_thread_blocked, id=33820, stack(0x0000004ffcc00000,0x0000004ffcd00000) (1024K)]
  0x0000018cd437b320 JavaThread "JDWP Transport Listener: dt_socket" daemon [_thread_blocked, id=23612, stack(0x0000004ffcd00000,0x0000004ffce00000) (1024K)]
  0x0000018cd437fb10 JavaThread "JDWP Event Helper Thread"   daemon [_thread_blocked, id=24908, stack(0x0000004ffce00000,0x0000004ffcf00000) (1024K)]
  0x0000018cd43b8240 JavaThread "JDWP Command Reader"        daemon [_thread_in_native, id=11508, stack(0x0000004ffcf00000,0x0000004ffd000000) (1024K)]
  0x0000018cd43c2c90 JavaThread "IntelliJ Suspend Helper"    daemon [_thread_blocked, id=35704, stack(0x0000004ffd000000,0x0000004ffd100000) (1024K)]
  0x0000018cd43e0080 JavaThread "Notification Thread"        daemon [_thread_blocked, id=27448, stack(0x0000004ffd100000,0x0000004ffd200000) (1024K)]
  0x0000018cdbaffb20 JavaThread "C1 CompilerThread3"         daemon [_thread_blocked, id=6916, stack(0x0000004ffd200000,0x0000004ffd300000) (1024K)]
  0x0000018cdbaa0910 JavaThread "C2 CompilerThread1"         daemon [_thread_blocked, id=30480, stack(0x0000004ffd800000,0x0000004ffd900000) (1024K)]
Total: 19

Other Threads:
  0x0000018cfbd5e280 VMThread "VM Thread"                           [id=33924, stack(0x0000004ffc100000,0x0000004ffc200000) (1024K)]
  0x0000018cd40db0c0 WatcherThread "VM Periodic Task Thread"        [id=30328, stack(0x0000004ffc000000,0x0000004ffc100000) (1024K)]
  0x0000018cfbc20290 WorkerThread "GC Thread#0"                     [id=12708, stack(0x0000004ffbb00000,0x0000004ffbc00000) (1024K)]
  0x0000018cfbc62d30 ConcurrentGCThread "G1 Main Marker"            [id=34656, stack(0x0000004ffbc00000,0x0000004ffbd00000) (1024K)]
  0x0000018ce3e2e290 WorkerThread "G1 Conc#0"                       [id=27836, stack(0x0000004ffbd00000,0x0000004ffbe00000) (1024K)]
  0x0000018cfbce2dd0 ConcurrentGCThread "G1 Refine#0"               [id=35328, stack(0x0000004ffbe00000,0x0000004ffbf00000) (1024K)]
  0x0000018cfbce3760 ConcurrentGCThread "G1 Service"                [id=11544, stack(0x0000004ffbf00000,0x0000004ffc000000) (1024K)]
Total: 7

Threads with active compile tasks:
Total: 0

VM state: not at safepoint (normal execution)

VM Mutex/Monitor currently owned by a thread: None

Heap address: 0x0000000404000000, size: 16320 MB, Compressed Oops mode: Zero based, Oop shift amount: 3

CDS archive(s) mapped at: [0x0000018c93000000-0x0000018c93c60000-0x0000018c93c60000), size 12976128, SharedBaseAddress: 0x0000018c93000000, ArchiveRelocationMode: 1.
Compressed class space mapped at: 0x0000018c94000000-0x0000018cd4000000, reserved size: 1073741824
Narrow klass base: 0x0000018c93000000, Narrow klass shift: 0, Narrow klass range: 0x41000000

GC Precious Log:
 CardTable entry size: 512
 Card Set container configuration: InlinePtr #cards 4 size 8 Array Of Cards #cards 64 size 144 Howl #buckets 8 coarsen threshold 14745 Howl Bitmap #cards 2048 size 272 coarsen threshold 1843 Card regions per heap region 1 cards per card region 16384
 CPUs: 20 total, 20 available
 Memory: 65259M
 Large Page Support: Disabled
 NUMA Support: Disabled
 Compressed Oops: Enabled (Zero based)
 Heap Region Size: 8M
 Heap Min Capacity: 8M
 Heap Initial Capacity: 1G
 Heap Max Capacity: 16320M
 Pre-touch: Disabled
 Parallel Workers: 15
 Concurrent Workers: 4
 Concurrent Refinement Workers: 15
 Periodic GC: Disabled

Heap:
 garbage-first heap   total reserved 16711680K, committed 1048576K, used 24576K [0x0000000404000000, 0x0000000800000000)
  region size 8192K, 4 young (32768K), 0 survivors (0K)
 Metaspace       used 8039K, committed 8256K, reserved 1114112K
  class space    used 518K, committed 640K, reserved 1048576K

Heap Regions: E=young(eden), S=young(survivor), O=old, HS=humongous(starts), HC=humongous(continues), CS=collection set, F=free, TAMS=top-at-mark-start, PB=parsable bottom
|   0|0x0000000404000000, 0x0000000404000000, 0x0000000404800000|  0%| F|  |TAMS 0x0000000404000000| PB 0x0000000404000000| Untracked |  0
|   1|0x0000000404800000, 0x0000000404800000, 0x0000000405000000|  0%| F|  |TAMS 0x0000000404800000| PB 0x0000000404800000| Untracked |  0
|   2|0x0000000405000000, 0x0000000405000000, 0x0000000405800000|  0%| F|  |TAMS 0x0000000405000000| PB 0x0000000405000000| Untracked |  0
|   3|0x0000000405800000, 0x0000000405800000, 0x0000000406000000|  0%| F|  |TAMS 0x0000000405800000| PB 0x0000000405800000| Untracked |  0
|   4|0x0000000406000000, 0x0000000406000000, 0x0000000406800000|  0%| F|  |TAMS 0x0000000406000000| PB 0x0000000406000000| Untracked |  0
|   5|0x0000000406800000, 0x0000000406800000, 0x0000000407000000|  0%| F|  |TAMS 0x0000000406800000| PB 0x0000000406800000| Untracked |  0
|   6|0x0000000407000000, 0x0000000407000000, 0x0000000407800000|  0%| F|  |TAMS 0x0000000407000000| PB 0x0000000407000000| Untracked |  0
|   7|0x0000000407800000, 0x0000000407800000, 0x0000000408000000|  0%| F|  |TAMS 0x0000000407800000| PB 0x0000000407800000| Untracked |  0
|   8|0x0000000408000000, 0x0000000408000000, 0x0000000408800000|  0%| F|  |TAMS 0x0000000408000000| PB 0x0000000408000000| Untracked |  0
|   9|0x0000000408800000, 0x0000000408800000, 0x0000000409000000|  0%| F|  |TAMS 0x0000000408800000| PB 0x0000000408800000| Untracked |  0
|  10|0x0000000409000000, 0x0000000409000000, 0x0000000409800000|  0%| F|  |TAMS 0x0000000409000000| PB 0x0000000409000000| Untracked |  0
|  11|0x0000000409800000, 0x0000000409800000, 0x000000040a000000|  0%| F|  |TAMS 0x0000000409800000| PB 0x0000000409800000| Untracked |  0
|  12|0x000000040a000000, 0x000000040a000000, 0x000000040a800000|  0%| F|  |TAMS 0x000000040a000000| PB 0x000000040a000000| Untracked |  0
|  13|0x000000040a800000, 0x000000040a800000, 0x000000040b000000|  0%| F|  |TAMS 0x000000040a800000| PB 0x000000040a800000| Untracked |  0
|  14|0x000000040b000000, 0x000000040b000000, 0x000000040b800000|  0%| F|  |TAMS 0x000000040b000000| PB 0x000000040b000000| Untracked |  0
|  15|0x000000040b800000, 0x000000040b800000, 0x000000040c000000|  0%| F|  |TAMS 0x000000040b800000| PB 0x000000040b800000| Untracked |  0
|  16|0x000000040c000000, 0x000000040c000000, 0x000000040c800000|  0%| F|  |TAMS 0x000000040c000000| PB 0x000000040c000000| Untracked |  0
|  17|0x000000040c800000, 0x000000040c800000, 0x000000040d000000|  0%| F|  |TAMS 0x000000040c800000| PB 0x000000040c800000| Untracked |  0
|  18|0x000000040d000000, 0x000000040d000000, 0x000000040d800000|  0%| F|  |TAMS 0x000000040d000000| PB 0x000000040d000000| Untracked |  0
|  19|0x000000040d800000, 0x000000040d800000, 0x000000040e000000|  0%| F|  |TAMS 0x000000040d800000| PB 0x000000040d800000| Untracked |  0
|  20|0x000000040e000000, 0x000000040e000000, 0x000000040e800000|  0%| F|  |TAMS 0x000000040e000000| PB 0x000000040e000000| Untracked |  0
|  21|0x000000040e800000, 0x000000040e800000, 0x000000040f000000|  0%| F|  |TAMS 0x000000040e800000| PB 0x000000040e800000| Untracked |  0
|  22|0x000000040f000000, 0x000000040f000000, 0x000000040f800000|  0%| F|  |TAMS 0x000000040f000000| PB 0x000000040f000000| Untracked |  0
|  23|0x000000040f800000, 0x000000040f800000, 0x0000000410000000|  0%| F|  |TAMS 0x000000040f800000| PB 0x000000040f800000| Untracked |  0
|  24|0x0000000410000000, 0x0000000410000000, 0x0000000410800000|  0%| F|  |TAMS 0x0000000410000000| PB 0x0000000410000000| Untracked |  0
|  25|0x0000000410800000, 0x0000000410800000, 0x0000000411000000|  0%| F|  |TAMS 0x0000000410800000| PB 0x0000000410800000| Untracked |  0
|  26|0x0000000411000000, 0x0000000411000000, 0x0000000411800000|  0%| F|  |TAMS 0x0000000411000000| PB 0x0000000411000000| Untracked |  0
|  27|0x0000000411800000, 0x0000000411800000, 0x0000000412000000|  0%| F|  |TAMS 0x0000000411800000| PB 0x0000000411800000| Untracked |  0
|  28|0x0000000412000000, 0x0000000412000000, 0x0000000412800000|  0%| F|  |TAMS 0x0000000412000000| PB 0x0000000412000000| Untracked |  0
|  29|0x0000000412800000, 0x0000000412800000, 0x0000000413000000|  0%| F|  |TAMS 0x0000000412800000| PB 0x0000000412800000| Untracked |  0
|  30|0x0000000413000000, 0x0000000413000000, 0x0000000413800000|  0%| F|  |TAMS 0x0000000413000000| PB 0x0000000413000000| Untracked |  0
|  31|0x0000000413800000, 0x0000000413800000, 0x0000000414000000|  0%| F|  |TAMS 0x0000000413800000| PB 0x0000000413800000| Untracked |  0
|  32|0x0000000414000000, 0x0000000414000000, 0x0000000414800000|  0%| F|  |TAMS 0x0000000414000000| PB 0x0000000414000000| Untracked |  0
|  33|0x0000000414800000, 0x0000000414800000, 0x0000000415000000|  0%| F|  |TAMS 0x0000000414800000| PB 0x0000000414800000| Untracked |  0
|  34|0x0000000415000000, 0x0000000415000000, 0x0000000415800000|  0%| F|  |TAMS 0x0000000415000000| PB 0x0000000415000000| Untracked |  0
|  35|0x0000000415800000, 0x0000000415800000, 0x0000000416000000|  0%| F|  |TAMS 0x0000000415800000| PB 0x0000000415800000| Untracked |  0
|  36|0x0000000416000000, 0x0000000416000000, 0x0000000416800000|  0%| F|  |TAMS 0x0000000416000000| PB 0x0000000416000000| Untracked |  0
|  37|0x0000000416800000, 0x0000000416800000, 0x0000000417000000|  0%| F|  |TAMS 0x0000000416800000| PB 0x0000000416800000| Untracked |  0
|  38|0x0000000417000000, 0x0000000417000000, 0x0000000417800000|  0%| F|  |TAMS 0x0000000417000000| PB 0x0000000417000000| Untracked |  0
|  39|0x0000000417800000, 0x0000000417800000, 0x0000000418000000|  0%| F|  |TAMS 0x0000000417800000| PB 0x0000000417800000| Untracked |  0
|  40|0x0000000418000000, 0x0000000418000000, 0x0000000418800000|  0%| F|  |TAMS 0x0000000418000000| PB 0x0000000418000000| Untracked |  0
|  41|0x0000000418800000, 0x0000000418800000, 0x0000000419000000|  0%| F|  |TAMS 0x0000000418800000| PB 0x0000000418800000| Untracked |  0
|  42|0x0000000419000000, 0x0000000419000000, 0x0000000419800000|  0%| F|  |TAMS 0x0000000419000000| PB 0x0000000419000000| Untracked |  0
|  43|0x0000000419800000, 0x0000000419800000, 0x000000041a000000|  0%| F|  |TAMS 0x0000000419800000| PB 0x0000000419800000| Untracked |  0
|  44|0x000000041a000000, 0x000000041a000000, 0x000000041a800000|  0%| F|  |TAMS 0x000000041a000000| PB 0x000000041a000000| Untracked |  0
|  45|0x000000041a800000, 0x000000041a800000, 0x000000041b000000|  0%| F|  |TAMS 0x000000041a800000| PB 0x000000041a800000| Untracked |  0
|  46|0x000000041b000000, 0x000000041b000000, 0x000000041b800000|  0%| F|  |TAMS 0x000000041b000000| PB 0x000000041b000000| Untracked |  0
|  47|0x000000041b800000, 0x000000041b800000, 0x000000041c000000|  0%| F|  |TAMS 0x000000041b800000| PB 0x000000041b800000| Untracked |  0
|  48|0x000000041c000000, 0x000000041c000000, 0x000000041c800000|  0%| F|  |TAMS 0x000000041c000000| PB 0x000000041c000000| Untracked |  0
|  49|0x000000041c800000, 0x000000041c800000, 0x000000041d000000|  0%| F|  |TAMS 0x000000041c800000| PB 0x000000041c800000| Untracked |  0
|  50|0x000000041d000000, 0x000000041d000000, 0x000000041d800000|  0%| F|  |TAMS 0x000000041d000000| PB 0x000000041d000000| Untracked |  0
|  51|0x000000041d800000, 0x000000041d800000, 0x000000041e000000|  0%| F|  |TAMS 0x000000041d800000| PB 0x000000041d800000| Untracked |  0
|  52|0x000000041e000000, 0x000000041e000000, 0x000000041e800000|  0%| F|  |TAMS 0x000000041e000000| PB 0x000000041e000000| Untracked |  0
|  53|0x000000041e800000, 0x000000041e800000, 0x000000041f000000|  0%| F|  |TAMS 0x000000041e800000| PB 0x000000041e800000| Untracked |  0
|  54|0x000000041f000000, 0x000000041f000000, 0x000000041f800000|  0%| F|  |TAMS 0x000000041f000000| PB 0x000000041f000000| Untracked |  0
|  55|0x000000041f800000, 0x000000041f800000, 0x0000000420000000|  0%| F|  |TAMS 0x000000041f800000| PB 0x000000041f800000| Untracked |  0
|  56|0x0000000420000000, 0x0000000420000000, 0x0000000420800000|  0%| F|  |TAMS 0x0000000420000000| PB 0x0000000420000000| Untracked |  0
|  57|0x0000000420800000, 0x0000000420800000, 0x0000000421000000|  0%| F|  |TAMS 0x0000000420800000| PB 0x0000000420800000| Untracked |  0
|  58|0x0000000421000000, 0x0000000421000000, 0x0000000421800000|  0%| F|  |TAMS 0x0000000421000000| PB 0x0000000421000000| Untracked |  0
|  59|0x0000000421800000, 0x0000000421800000, 0x0000000422000000|  0%| F|  |TAMS 0x0000000421800000| PB 0x0000000421800000| Untracked |  0
|  60|0x0000000422000000, 0x0000000422000000, 0x0000000422800000|  0%| F|  |TAMS 0x0000000422000000| PB 0x0000000422000000| Untracked |  0
|  61|0x0000000422800000, 0x0000000422800000, 0x0000000423000000|  0%| F|  |TAMS 0x0000000422800000| PB 0x0000000422800000| Untracked |  0
|  62|0x0000000423000000, 0x0000000423000000, 0x0000000423800000|  0%| F|  |TAMS 0x0000000423000000| PB 0x0000000423000000| Untracked |  0
|  63|0x0000000423800000, 0x0000000423800000, 0x0000000424000000|  0%| F|  |TAMS 0x0000000423800000| PB 0x0000000423800000| Untracked |  0
|  64|0x0000000424000000, 0x0000000424000000, 0x0000000424800000|  0%| F|  |TAMS 0x0000000424000000| PB 0x0000000424000000| Untracked |  0
|  65|0x0000000424800000, 0x0000000424800000, 0x0000000425000000|  0%| F|  |TAMS 0x0000000424800000| PB 0x0000000424800000| Untracked |  0
|  66|0x0000000425000000, 0x0000000425000000, 0x0000000425800000|  0%| F|  |TAMS 0x0000000425000000| PB 0x0000000425000000| Untracked |  0
|  67|0x0000000425800000, 0x0000000425800000, 0x0000000426000000|  0%| F|  |TAMS 0x0000000425800000| PB 0x0000000425800000| Untracked |  0
|  68|0x0000000426000000, 0x0000000426000000, 0x0000000426800000|  0%| F|  |TAMS 0x0000000426000000| PB 0x0000000426000000| Untracked |  0
|  69|0x0000000426800000, 0x0000000426800000, 0x0000000427000000|  0%| F|  |TAMS 0x0000000426800000| PB 0x0000000426800000| Untracked |  0
|  70|0x0000000427000000, 0x0000000427000000, 0x0000000427800000|  0%| F|  |TAMS 0x0000000427000000| PB 0x0000000427000000| Untracked |  0
|  71|0x0000000427800000, 0x0000000427800000, 0x0000000428000000|  0%| F|  |TAMS 0x0000000427800000| PB 0x0000000427800000| Untracked |  0
|  72|0x0000000428000000, 0x0000000428000000, 0x0000000428800000|  0%| F|  |TAMS 0x0000000428000000| PB 0x0000000428000000| Untracked |  0
|  73|0x0000000428800000, 0x0000000428800000, 0x0000000429000000|  0%| F|  |TAMS 0x0000000428800000| PB 0x0000000428800000| Untracked |  0
|  74|0x0000000429000000, 0x0000000429000000, 0x0000000429800000|  0%| F|  |TAMS 0x0000000429000000| PB 0x0000000429000000| Untracked |  0
|  75|0x0000000429800000, 0x0000000429800000, 0x000000042a000000|  0%| F|  |TAMS 0x0000000429800000| PB 0x0000000429800000| Untracked |  0
|  76|0x000000042a000000, 0x000000042a000000, 0x000000042a800000|  0%| F|  |TAMS 0x000000042a000000| PB 0x000000042a000000| Untracked |  0
|  77|0x000000042a800000, 0x000000042a800000, 0x000000042b000000|  0%| F|  |TAMS 0x000000042a800000| PB 0x000000042a800000| Untracked |  0
|  78|0x000000042b000000, 0x000000042b000000, 0x000000042b800000|  0%| F|  |TAMS 0x000000042b000000| PB 0x000000042b000000| Untracked |  0
|  79|0x000000042b800000, 0x000000042b800000, 0x000000042c000000|  0%| F|  |TAMS 0x000000042b800000| PB 0x000000042b800000| Untracked |  0
|  80|0x000000042c000000, 0x000000042c000000, 0x000000042c800000|  0%| F|  |TAMS 0x000000042c000000| PB 0x000000042c000000| Untracked |  0
|  81|0x000000042c800000, 0x000000042c800000, 0x000000042d000000|  0%| F|  |TAMS 0x000000042c800000| PB 0x000000042c800000| Untracked |  0
|  82|0x000000042d000000, 0x000000042d000000, 0x000000042d800000|  0%| F|  |TAMS 0x000000042d000000| PB 0x000000042d000000| Untracked |  0
|  83|0x000000042d800000, 0x000000042d800000, 0x000000042e000000|  0%| F|  |TAMS 0x000000042d800000| PB 0x000000042d800000| Untracked |  0
|  84|0x000000042e000000, 0x000000042e000000, 0x000000042e800000|  0%| F|  |TAMS 0x000000042e000000| PB 0x000000042e000000| Untracked |  0
|  85|0x000000042e800000, 0x000000042e800000, 0x000000042f000000|  0%| F|  |TAMS 0x000000042e800000| PB 0x000000042e800000| Untracked |  0
|  86|0x000000042f000000, 0x000000042f000000, 0x000000042f800000|  0%| F|  |TAMS 0x000000042f000000| PB 0x000000042f000000| Untracked |  0
|  87|0x000000042f800000, 0x000000042f800000, 0x0000000430000000|  0%| F|  |TAMS 0x000000042f800000| PB 0x000000042f800000| Untracked |  0
|  88|0x0000000430000000, 0x0000000430000000, 0x0000000430800000|  0%| F|  |TAMS 0x0000000430000000| PB 0x0000000430000000| Untracked |  0
|  89|0x0000000430800000, 0x0000000430800000, 0x0000000431000000|  0%| F|  |TAMS 0x0000000430800000| PB 0x0000000430800000| Untracked |  0
|  90|0x0000000431000000, 0x0000000431000000, 0x0000000431800000|  0%| F|  |TAMS 0x0000000431000000| PB 0x0000000431000000| Untracked |  0
|  91|0x0000000431800000, 0x0000000431800000, 0x0000000432000000|  0%| F|  |TAMS 0x0000000431800000| PB 0x0000000431800000| Untracked |  0
|  92|0x0000000432000000, 0x0000000432000000, 0x0000000432800000|  0%| F|  |TAMS 0x0000000432000000| PB 0x0000000432000000| Untracked |  0
|  93|0x0000000432800000, 0x0000000432800000, 0x0000000433000000|  0%| F|  |TAMS 0x0000000432800000| PB 0x0000000432800000| Untracked |  0
|  94|0x0000000433000000, 0x0000000433000000, 0x0000000433800000|  0%| F|  |TAMS 0x0000000433000000| PB 0x0000000433000000| Untracked |  0
|  95|0x0000000433800000, 0x0000000433800000, 0x0000000434000000|  0%| F|  |TAMS 0x0000000433800000| PB 0x0000000433800000| Untracked |  0
|  96|0x0000000434000000, 0x0000000434000000, 0x0000000434800000|  0%| F|  |TAMS 0x0000000434000000| PB 0x0000000434000000| Untracked |  0
|  97|0x0000000434800000, 0x0000000434800000, 0x0000000435000000|  0%| F|  |TAMS 0x0000000434800000| PB 0x0000000434800000| Untracked |  0
|  98|0x0000000435000000, 0x0000000435000000, 0x0000000435800000|  0%| F|  |TAMS 0x0000000435000000| PB 0x0000000435000000| Untracked |  0
|  99|0x0000000435800000, 0x0000000435800000, 0x0000000436000000|  0%| F|  |TAMS 0x0000000435800000| PB 0x0000000435800000| Untracked |  0
| 100|0x0000000436000000, 0x0000000436000000, 0x0000000436800000|  0%| F|  |TAMS 0x0000000436000000| PB 0x0000000436000000| Untracked |  0
| 101|0x0000000436800000, 0x0000000436800000, 0x0000000437000000|  0%| F|  |TAMS 0x0000000436800000| PB 0x0000000436800000| Untracked |  0
| 102|0x0000000437000000, 0x0000000437000000, 0x0000000437800000|  0%| F|  |TAMS 0x0000000437000000| PB 0x0000000437000000| Untracked |  0
| 103|0x0000000437800000, 0x0000000437800000, 0x0000000438000000|  0%| F|  |TAMS 0x0000000437800000| PB 0x0000000437800000| Untracked |  0
| 104|0x0000000438000000, 0x0000000438000000, 0x0000000438800000|  0%| F|  |TAMS 0x0000000438000000| PB 0x0000000438000000| Untracked |  0
| 105|0x0000000438800000, 0x0000000438800000, 0x0000000439000000|  0%| F|  |TAMS 0x0000000438800000| PB 0x0000000438800000| Untracked |  0
| 106|0x0000000439000000, 0x0000000439000000, 0x0000000439800000|  0%| F|  |TAMS 0x0000000439000000| PB 0x0000000439000000| Untracked |  0
| 107|0x0000000439800000, 0x0000000439800000, 0x000000043a000000|  0%| F|  |TAMS 0x0000000439800000| PB 0x0000000439800000| Untracked |  0
| 108|0x000000043a000000, 0x000000043a000000, 0x000000043a800000|  0%| F|  |TAMS 0x000000043a000000| PB 0x000000043a000000| Untracked |  0
| 109|0x000000043a800000, 0x000000043a800000, 0x000000043b000000|  0%| F|  |TAMS 0x000000043a800000| PB 0x000000043a800000| Untracked |  0
| 110|0x000000043b000000, 0x000000043b000000, 0x000000043b800000|  0%| F|  |TAMS 0x000000043b000000| PB 0x000000043b000000| Untracked |  0
| 111|0x000000043b800000, 0x000000043b800000, 0x000000043c000000|  0%| F|  |TAMS 0x000000043b800000| PB 0x000000043b800000| Untracked |  0
| 112|0x000000043c000000, 0x000000043c000000, 0x000000043c800000|  0%| F|  |TAMS 0x000000043c000000| PB 0x000000043c000000| Untracked |  0
| 113|0x000000043c800000, 0x000000043c800000, 0x000000043d000000|  0%| F|  |TAMS 0x000000043c800000| PB 0x000000043c800000| Untracked |  0
| 114|0x000000043d000000, 0x000000043d000000, 0x000000043d800000|  0%| F|  |TAMS 0x000000043d000000| PB 0x000000043d000000| Untracked |  0
| 115|0x000000043d800000, 0x000000043d800000, 0x000000043e000000|  0%| F|  |TAMS 0x000000043d800000| PB 0x000000043d800000| Untracked |  0
| 116|0x000000043e000000, 0x000000043e000000, 0x000000043e800000|  0%| F|  |TAMS 0x000000043e000000| PB 0x000000043e000000| Untracked |  0
| 117|0x000000043e800000, 0x000000043e800000, 0x000000043f000000|  0%| F|  |TAMS 0x000000043e800000| PB 0x000000043e800000| Untracked |  0
| 118|0x000000043f000000, 0x000000043f000000, 0x000000043f800000|  0%| F|  |TAMS 0x000000043f000000| PB 0x000000043f000000| Untracked |  0
| 119|0x000000043f800000, 0x000000043f800000, 0x0000000440000000|  0%| F|  |TAMS 0x000000043f800000| PB 0x000000043f800000| Untracked |  0
| 120|0x0000000440000000, 0x0000000440000000, 0x0000000440800000|  0%| F|  |TAMS 0x0000000440000000| PB 0x0000000440000000| Untracked |  0
| 121|0x0000000440800000, 0x0000000440800000, 0x0000000441000000|  0%| F|  |TAMS 0x0000000440800000| PB 0x0000000440800000| Untracked |  0
| 122|0x0000000441000000, 0x0000000441000000, 0x0000000441800000|  0%| F|  |TAMS 0x0000000441000000| PB 0x0000000441000000| Untracked |  0
| 123|0x0000000441800000, 0x0000000441800000, 0x0000000442000000|  0%| F|  |TAMS 0x0000000441800000| PB 0x0000000441800000| Untracked |  0
| 124|0x0000000442000000, 0x00000004422e14f0, 0x0000000442800000| 36%| E|  |TAMS 0x0000000442000000| PB 0x0000000442000000| Complete |  0
| 125|0x0000000442800000, 0x0000000443000000, 0x0000000443000000|100%| E|CS|TAMS 0x0000000442800000| PB 0x0000000442800000| Complete |  0
| 126|0x0000000443000000, 0x0000000443800000, 0x0000000443800000|100%| E|CS|TAMS 0x0000000443000000| PB 0x0000000443000000| Complete |  0
| 127|0x0000000443800000, 0x0000000444000000, 0x0000000444000000|100%| E|CS|TAMS 0x0000000443800000| PB 0x0000000443800000| Complete |  0

Card table byte_map: [0x0000018cfdd80000,0x0000018cffd60000] _byte_map_base: 0x0000018cfbd60000

Marking Bits: (CMBitMap*) 0x0000018cfbc208b0
 Bits: [0x0000018c80000000, 0x0000018c8ff00000)

Polling page: 0x0000018ce1ce0000

Metaspace:

Usage:
  Non-class:      7.35 MB used.
      Class:    518.14 KB used.
       Both:      7.85 MB used.

Virtual space:
  Non-class space:       64.00 MB reserved,       7.44 MB ( 12%) committed,  1 nodes.
      Class space:        1.00 GB reserved,     640.00 KB ( <1%) committed,  1 nodes.
             Both:        1.06 GB reserved,       8.06 MB ( <1%) committed. 

Chunk freelists:
   Non-Class:  8.12 MB
       Class:  15.43 MB
        Both:  23.56 MB

MaxMetaspaceSize: unlimited
CompressedClassSpaceSize: 1.00 GB
Initial GC threshold: 21.00 MB
Current GC threshold: 21.00 MB
CDS: on
 - commit_granule_bytes: 65536.
 - commit_granule_words: 8192.
 - virtual_space_node_default_size: 8388608.
 - enlarge_chunks_in_place: 1.
 - use_allocation_guard: 0.


Internal statistics:

num_allocs_failed_limit: 0.
num_arena_births: 98.
num_arena_deaths: 0.
num_vsnodes_births: 2.
num_vsnodes_deaths: 0.
num_space_committed: 128.
num_space_uncommitted: 0.
num_chunks_returned_to_freelist: 0.
num_chunks_taken_from_freelist: 238.
num_chunk_merges: 0.
num_chunk_splits: 174.
num_chunks_enlarged: 133.
num_inconsistent_stats: 0.

CodeHeap 'non-profiled nmethods': size=119168Kb used=341Kb max_used=341Kb free=118826Kb
 bounds [0x0000018cf3ca0000, 0x0000018cf3f10000, 0x0000018cfb100000]
CodeHeap 'profiled nmethods': size=119104Kb used=1897Kb max_used=1897Kb free=117206Kb
 bounds [0x0000018cec100000, 0x0000018cec370000, 0x0000018cf3550000]
CodeHeap 'non-nmethods': size=7488Kb used=3752Kb max_used=3777Kb free=3735Kb
 bounds [0x0000018cf3550000, 0x0000018cf3910000, 0x0000018cf3ca0000]
 total_blobs=2096 nmethods=1107 adapters=891
 compilation: enabled
              stopped_count=0, restarted_count=0
 full_count=0

Compilation events (20 events):
Event: 2.092 Thread 0x0000018cd40fd2f0 1094       4       jdk.internal.util.ReferencedKeyMap::removeStaleReferences (30 bytes)
Event: 2.093 Thread 0x0000018cd40fd2f0 nmethod 1094 0x0000018cf3ceb490 code [0x0000018cf3ceb620, 0x0000018cf3ceb718]
Event: 2.093 Thread 0x0000018cd40fd2f0 1095       4       java.lang.invoke.MethodHandle::<init> (37 bytes)
Event: 2.098 Thread 0x0000018cd40fd2f0 nmethod 1095 0x0000018cf3ceb810 code [0x0000018cf3ceb9c0, 0x0000018cf3cebd98]
Event: 2.098 Thread 0x0000018cd40fd2f0 1096       4       java.lang.invoke.MethodType::hashCode (53 bytes)
Event: 2.100 Thread 0x0000018cd40fd2f0 nmethod 1096 0x0000018cf3cebf90 code [0x0000018cf3cec140, 0x0000018cf3cec380]
Event: 2.101 Thread 0x0000018cd40fd2f0 1097       4       java.lang.ref.SoftReference::get (29 bytes)
Event: 2.102 Thread 0x0000018cd40fd2f0 nmethod 1097 0x0000018cf3cec510 code [0x0000018cf3cec6a0, 0x0000018cf3cec7e0]
Event: 2.104 Thread 0x0000018cd40fd2f0 1098       4       java.util.ImmutableCollections$List12::get (35 bytes)
Event: 2.105 Thread 0x0000018cd40fd2f0 nmethod 1098 0x0000018cf3cec890 code [0x0000018cf3ceca20, 0x0000018cf3cecb50]
Event: 2.105 Thread 0x0000018cd40fd2f0 1099       4       java.lang.invoke.BoundMethodHandle::<init> (32 bytes)
Event: 2.108 Thread 0x0000018cd40fd2f0 nmethod 1099 0x0000018cf3cecc10 code [0x0000018cf3cecdc0, 0x0000018cf3ced210]
Event: 2.108 Thread 0x0000018cd40fd2f0 1101       4       jdk.internal.util.StrongReferenceKey::hashCode (8 bytes)
Event: 2.112 Thread 0x0000018cd40fd2f0 nmethod 1101 0x0000018cf3ced490 code [0x0000018cf3ced680, 0x0000018cf3cedbc8]
Event: 2.112 Thread 0x0000018cd40fd2f0 1100       4       java.util.ArrayList::get (15 bytes)
Event: 2.113 Thread 0x0000018cd40fd2f0 nmethod 1100 0x0000018cf3cedf90 code [0x0000018cf3cee120, 0x0000018cf3cee268]
Event: 2.116 Thread 0x0000018cd40fd2f0 1102       4       java.lang.invoke.MethodType::makeImpl (109 bytes)
Event: 2.150 Thread 0x0000018cd41d00e0 1108       3       sun.net.www.protocol.jar.Handler::checkNestedProtocol (18 bytes)
Event: 2.150 Thread 0x0000018cd41d00e0 nmethod 1108 0x0000018cec2da310 code [0x0000018cec2da4c0, 0x0000018cec2da6a0]
Event: 2.151 Thread 0x0000018cdbaa0910 1105       4       java.util.Arrays::equals (57 bytes)

GC Heap History (0 events):
No events

Dll operation events (10 events):
Event: 0.022 Loaded shared library C:\Program Files\Java\jdk-22\bin\java.dll
Event: 0.024 Loaded shared library C:\Program Files\Java\jdk-22\bin\zip.dll
Event: 0.071 Loaded shared library C:\Program Files\Java\jdk-22\bin\jsvml.dll
Event: 0.421 Loaded shared library C:\Program Files\Java\jdk-22\bin\instrument.dll
Event: 0.537 Loaded shared library C:\Program Files\Java\jdk-22\bin\net.dll
Event: 0.538 Loaded shared library C:\Program Files\Java\jdk-22\bin\nio.dll
Event: 0.555 Loaded shared library C:\Program Files\Java\jdk-22\bin\zip.dll
Event: 0.608 Loaded shared library C:\Program Files\Java\jdk-22\bin\jimage.dll
Event: 0.730 Loaded shared library C:\Users\lukag\AppData\Local\Temp\lwjgllukag\3.2.3-build-13\lwjgl.dll
Event: 1.388 Loaded shared library C:\Users\lukag\AppData\Local\Temp\lwjgllukag\3.2.3-build-13\lwjgl_opengl.dll

Deoptimization events (20 events):
Event: 0.619 Thread 0x0000018ce1a304d0 DEOPT PACKING pc=0x0000018cf3cbb074 sp=0x0000004ffbafe530
Event: 0.619 Thread 0x0000018ce1a304d0 DEOPT UNPACKING pc=0x0000018cf35a46a2 sp=0x0000004ffbafe4c8 mode 2
Event: 1.644 Thread 0x0000018ce1a304d0 Uncommon trap: trap_request=0xffffff3d fr.pc=0x0000018cf3cd8fb0 relative=0x0000000000000d10
Event: 1.644 Thread 0x0000018ce1a304d0 Uncommon trap: reason=unstable_fused_if action=reinterpret pc=0x0000018cf3cd8fb0 method=java.util.HashMap.resize()[Ljava/util/HashMap$Node; @ 31 c2
Event: 1.644 Thread 0x0000018ce1a304d0 DEOPT PACKING pc=0x0000018cf3cd8fb0 sp=0x0000004ffbafe120
Event: 1.644 Thread 0x0000018ce1a304d0 DEOPT UNPACKING pc=0x0000018cf35a46a2 sp=0x0000004ffbafe0b8 mode 2
Event: 1.669 Thread 0x0000018ce1a304d0 Uncommon trap: trap_request=0xffffff45 fr.pc=0x0000018cf3cb34f0 relative=0x0000000000000070
Event: 1.669 Thread 0x0000018ce1a304d0 Uncommon trap: reason=unstable_if action=reinterpret pc=0x0000018cf3cb34f0 method=java.lang.String.isLatin1()Z @ 10 c2
Event: 1.669 Thread 0x0000018ce1a304d0 DEOPT PACKING pc=0x0000018cf3cb34f0 sp=0x0000004ffbafec90
Event: 1.669 Thread 0x0000018ce1a304d0 DEOPT UNPACKING pc=0x0000018cf35a46a2 sp=0x0000004ffbafec30 mode 2
Event: 1.850 Thread 0x0000018ce1a304d0 DEOPT PACKING pc=0x0000018cec171031 sp=0x0000004ffbafdeb0
Event: 1.850 Thread 0x0000018ce1a304d0 DEOPT UNPACKING pc=0x0000018cf35a4e42 sp=0x0000004ffbafd310 mode 0
Event: 1.972 Thread 0x0000018ce1a304d0 DEOPT PACKING pc=0x0000018cec1708c3 sp=0x0000004ffbafe020
Event: 1.972 Thread 0x0000018ce1a304d0 DEOPT UNPACKING pc=0x0000018cf35a4e42 sp=0x0000004ffbafd498 mode 0
Event: 1.984 Thread 0x0000018ce1a304d0 DEOPT PACKING pc=0x0000018cec1a547f sp=0x0000004ffbafe040
Event: 1.984 Thread 0x0000018ce1a304d0 DEOPT UNPACKING pc=0x0000018cf35a4e42 sp=0x0000004ffbafd4b0 mode 0
Event: 2.056 Thread 0x0000018ce1a304d0 Uncommon trap: trap_request=0xffffff54 fr.pc=0x0000018cf3cde2f8 relative=0x0000000000000078
Event: 2.056 Thread 0x0000018ce1a304d0 Uncommon trap: reason=speculate_null_assert action=make_not_entrant pc=0x0000018cf3cde2f8 method=sun.misc.Unsafe.putLong(Ljava/lang/Object;JJ)V @ 7 c2
Event: 2.056 Thread 0x0000018ce1a304d0 DEOPT PACKING pc=0x0000018cf3cde2f8 sp=0x0000004ffbaff1f0
Event: 2.056 Thread 0x0000018ce1a304d0 DEOPT UNPACKING pc=0x0000018cf35a46a2 sp=0x0000004ffbaff188 mode 2

Classes loaded (20 events):
Event: 2.035 Loading class org/lwjgl/opengl/INTELPerformanceQuery
Event: 2.035 Loading class org/lwjgl/opengl/INTELPerformanceQuery done
Event: 2.037 Loading class org/lwjgl/opengl/KHRBlendEquationAdvanced
Event: 2.037 Loading class org/lwjgl/opengl/KHRBlendEquationAdvanced done
Event: 2.038 Loading class org/lwjgl/opengl/KHRDebug
Event: 2.038 Loading class org/lwjgl/opengl/KHRDebug done
Event: 2.043 Loading class org/lwjgl/opengl/NVConditionalRender
Event: 2.043 Loading class org/lwjgl/opengl/NVConditionalRender done
Event: 2.049 Loading class org/lwjgl/opengl/NVPrimitiveRestart
Event: 2.049 Loading class org/lwjgl/opengl/NVPrimitiveRestart done
Event: 2.055 Loading class org/lwjgl/opengl/OVRMultiview
Event: 2.055 Loading class org/lwjgl/opengl/OVRMultiview done
Event: 2.057 Loading class jdk/internal/reflect/MethodHandleLongFieldAccessorImpl
Event: 2.057 Loading class jdk/internal/reflect/MethodHandleLongFieldAccessorImpl done
Event: 2.059 Loading class org/lwjgl/system/CheckIntrinsics
Event: 2.059 Loading class org/lwjgl/system/CheckIntrinsics done
Event: 2.149 Loading class org/lwjgl/system/MultiReleaseMemCopy
Event: 2.149 Loading class org/lwjgl/system/MultiReleaseMemCopy done
Event: 2.151 Loading class org/lwjgl/opengl/GL11C
Event: 2.151 Loading class org/lwjgl/opengl/GL11C done

Classes unloaded (0 events):
No events

Classes redefined (1 events):
Event: 0.462 Thread 0x0000018cfbd5e280 redefined class name=java.lang.Throwable, count=1

Internal exceptions (20 events):
Event: 0.691 Thread 0x0000018ce1a304d0 Exception <a 'java/lang/NoSuchMethodError'{0x000000044341a670}: 'void java.lang.invoke.DelegatingMethodHandle$Holder.delegate(java.lang.Object, java.lang.Object, int, java.lang.Object)'> (0x000000044341a670) 
thrown [s\open\src\hotspot\share\interpreter\linkResolver.cpp, line 774]
Event: 0.692 Thread 0x0000018ce1a304d0 Exception <a 'java/lang/NoSuchMethodError'{0x000000044341e3d0}: 'int java.lang.invoke.DirectMethodHandle$Holder.invokeSpecial(java.lang.Object, java.lang.Object, java.lang.Object)'> (0x000000044341e3d0) 
thrown [s\open\src\hotspot\share\interpreter\linkResolver.cpp, line 774]
Event: 0.699 Thread 0x0000018ce1a304d0 Exception <a 'java/lang/NoSuchMethodError'{0x000000044343a560}: 'void java.lang.System.loadLibrary(java.lang.String, java.lang.Class)'> (0x000000044343a560) 
thrown [s\open\src\hotspot\share\interpreter\linkResolver.cpp, line 774]
Event: 0.737 Thread 0x0000018ce1a304d0 Exception <a 'sun/nio/fs/WindowsException'{0x00000004434a7a70}> (0x00000004434a7a70) 
thrown [s\open\src\hotspot\share\prims\jni.cpp, line 520]
Event: 0.738 Thread 0x0000018ce1a304d0 Exception <a 'sun/nio/fs/WindowsException'{0x00000004434a90a0}> (0x00000004434a90a0) 
thrown [s\open\src\hotspot\share\prims\jni.cpp, line 520]
Event: 0.786 Thread 0x0000018ce1a304d0 Exception <a 'sun/nio/fs/WindowsException'{0x00000004435d10a8}> (0x00000004435d10a8) 
thrown [s\open\src\hotspot\share\prims\jni.cpp, line 520]
Event: 0.786 Thread 0x0000018ce1a304d0 Exception <a 'sun/nio/fs/WindowsException'{0x00000004435d1438}> (0x00000004435d1438) 
thrown [s\open\src\hotspot\share\prims\jni.cpp, line 520]
Event: 0.794 Thread 0x0000018ce1a304d0 Exception <a 'java/lang/NoSuchMethodError'{0x00000004435e7048}: 'int java.lang.invoke.Invokers$Holder.invokeExact_MT(java.lang.Object, java.lang.Object)'> (0x00000004435e7048) 
thrown [s\open\src\hotspot\share\interpreter\linkResolver.cpp, line 774]
Event: 1.289 Thread 0x0000018ce1a304d0 Exception <a 'java/lang/NoSuchMethodError'{0x0000000443644240}: 'void java.lang.invoke.DirectMethodHandle$Holder.invokeStaticInit(java.lang.Object, long, double, double)'> (0x0000000443644240) 
thrown [s\open\src\hotspot\share\interpreter\linkResolver.cpp, line 774]
Event: 1.295 Thread 0x0000018ce1a304d0 Exception <a 'java/lang/NoSuchMethodError'{0x0000000443653c08}: 'void java.lang.invoke.DirectMethodHandle$Holder.invokeStaticInit(java.lang.Object, long, int, int, int)'> (0x0000000443653c08) 
thrown [s\open\src\hotspot\share\interpreter\linkResolver.cpp, line 774]
Event: 1.306 Thread 0x0000018ce1a304d0 Exception <a 'java/lang/NoSuchMethodError'{0x000000044366e1f8}: 'void java.lang.invoke.DirectMethodHandle$Holder.invokeStaticInit(java.lang.Object, long, int, int, int, int)'> (0x000000044366e1f8) 
thrown [s\open\src\hotspot\share\interpreter\linkResolver.cpp, line 774]
Event: 1.310 Thread 0x0000018ce1a304d0 Exception <a 'java/lang/NoSuchMethodError'{0x000000044367a7b0}: 'void java.lang.invoke.DirectMethodHandle$Holder.invokeStatic(java.lang.Object, long, int, int)'> (0x000000044367a7b0) 
thrown [s\open\src\hotspot\share\interpreter\linkResolver.cpp, line 774]
Event: 1.377 Thread 0x0000018ce1a304d0 Exception <a 'java/lang/NoSuchMethodError'{0x00000004436a5488}: 'void java.lang.System.load(java.lang.String, java.lang.Class)'> (0x00000004436a5488) 
thrown [s\open\src\hotspot\share\interpreter\linkResolver.cpp, line 774]
Event: 1.378 Thread 0x0000018ce1a304d0 Exception <a 'java/lang/NoSuchMethodError'{0x00000004436a7ef8}: 'void java.lang.System.loadLibrary(java.lang.String, java.lang.Class)'> (0x00000004436a7ef8) 
thrown [s\open\src\hotspot\share\interpreter\linkResolver.cpp, line 774]
Event: 1.386 Thread 0x0000018ce1a304d0 Exception <a 'sun/nio/fs/WindowsException'{0x00000004436b7a30}> (0x00000004436b7a30) 
thrown [s\open\src\hotspot\share\prims\jni.cpp, line 520]
Event: 1.386 Thread 0x0000018ce1a304d0 Exception <a 'sun/nio/fs/WindowsException'{0x00000004436b7e00}> (0x00000004436b7e00) 
thrown [s\open\src\hotspot\share\prims\jni.cpp, line 520]
Event: 1.391 Thread 0x0000018ce1a304d0 Exception <a 'sun/nio/fs/WindowsException'{0x00000004436bf3e0}> (0x00000004436bf3e0) 
thrown [s\open\src\hotspot\share\prims\jni.cpp, line 520]
Event: 1.391 Thread 0x0000018ce1a304d0 Exception <a 'sun/nio/fs/WindowsException'{0x00000004436bf6e8}> (0x00000004436bf6e8) 
thrown [s\open\src\hotspot\share\prims\jni.cpp, line 520]
Event: 2.057 Thread 0x0000018ce1a304d0 Exception <a 'java/lang/NoSuchMethodError'{0x0000000442f66de8}: 'long java.lang.invoke.DelegatingMethodHandle$Holder.reinvoke_L(java.lang.Object, java.lang.Object)'> (0x0000000442f66de8) 
thrown [s\open\src\hotspot\share\interpreter\linkResolver.cpp, line 774]
Event: 2.058 Thread 0x0000018ce1a304d0 Exception <a 'java/lang/NoSuchMethodError'{0x0000000442f6d250}: 'long java.lang.invoke.Invokers$Holder.invokeExact_MT(java.lang.Object, java.lang.Object, java.lang.Object)'> (0x0000000442f6d250) 
thrown [s\open\src\hotspot\share\interpreter\linkResolver.cpp, line 774]

ZGC Phase Switch (0 events):
No events

VM Operations (14 events):
Event: 0.122 Executing VM operation: HandshakeAllThreads (Deoptimize)
Event: 0.123 Executing VM operation: HandshakeAllThreads (Deoptimize) done
Event: 0.414 Executing VM operation: ChangeBreakpoints
Event: 0.414 Executing VM operation: ChangeBreakpoints done
Event: 0.416 Executing VM operation: ChangeBreakpoints
Event: 0.416 Executing VM operation: ChangeBreakpoints done
Event: 0.461 Executing VM operation: RedefineClasses
Event: 0.463 Executing VM operation: RedefineClasses done
Event: 0.474 Executing VM operation: get/set locals
Event: 0.475 Executing VM operation: get/set locals done
Event: 0.738 Executing VM operation: HandshakeAllThreads (Deoptimize)
Event: 0.738 Executing VM operation: HandshakeAllThreads (Deoptimize) done
Event: 1.739 Executing VM operation: Cleanup
Event: 1.739 Executing VM operation: Cleanup done

Memory protections (0 events):
No events

Nmethod flushes (0 events):
No events

Events (20 events):
Event: 0.068 Thread 0x0000018ce1a304d0 Thread added: 0x0000018cfbd83a10
Event: 0.068 Thread 0x0000018ce1a304d0 Thread added: 0x0000018cfbd867e0
Event: 0.068 Thread 0x0000018ce1a304d0 Thread added: 0x0000018cfbd88240
Event: 0.068 Thread 0x0000018ce1a304d0 Thread added: 0x0000018cfbd8b820
Event: 0.068 Thread 0x0000018ce1a304d0 Thread added: 0x0000018cd40fd2f0
Event: 0.068 Thread 0x0000018ce1a304d0 Thread added: 0x0000018cfbd97ab0
Event: 0.077 Thread 0x0000018cfbd97ab0 Thread added: 0x0000018cd41d00e0
Event: 0.077 Thread 0x0000018cfbd97ab0 Thread added: 0x0000018cd41dc7c0
Event: 0.114 Thread 0x0000018ce1a304d0 Thread added: 0x0000018cd4213ec0
Event: 0.149 Thread 0x0000018ce1a304d0 Thread added: 0x0000018cd437b320
Event: 0.149 Thread 0x0000018ce1a304d0 Thread added: 0x0000018cd437fb10
Event: 0.149 Thread 0x0000018cd437b320 Thread added: 0x0000018cd43b8240
Event: 0.484 Thread 0x0000018ce1a304d0 Thread added: 0x0000018cd43c2c90
Event: 0.489 Thread 0x0000018ce1a304d0 Thread added: 0x0000018cd43e0080
Event: 0.588 Thread 0x0000018cd40fd2f0 Thread added: 0x0000018cd4638250
Event: 1.286 Thread 0x0000018cd4638250 Thread exited: 0x0000018cd4638250
Event: 1.678 Thread 0x0000018cd41d00e0 Thread added: 0x0000018cdb4b4dc0
Event: 1.926 Thread 0x0000018cdb4b4dc0 Thread exited: 0x0000018cdb4b4dc0
Event: 2.065 Thread 0x0000018cd41d00e0 Thread added: 0x0000018cdbaffb20
Event: 2.150 Thread 0x0000018cd41d00e0 Thread added: 0x0000018cdbaa0910


Dynamic libraries:
0x00007ff79f730000 - 0x00007ff79f740000 	C:\Program Files\Java\jdk-22\bin\java.exe
0x00007ffa11700000 - 0x00007ffa11968000 	C:\WINDOWS\SYSTEM32\ntdll.dll
0x00007ffa0f5c0000 - 0x00007ffa0f689000 	C:\WINDOWS\System32\KERNEL32.DLL
0x00007ffa0e9d0000 - 0x00007ffa0edbd000 	C:\WINDOWS\System32\KERNELBASE.dll
0x00007ffa0f150000 - 0x00007ffa0f29b000 	C:\WINDOWS\System32\ucrtbase.dll
0x00007ff9fdfb0000 - 0x00007ff9fdfc7000 	C:\Program Files\Java\jdk-22\bin\jli.dll
0x00007ff9fe6e0000 - 0x00007ff9fe6fb000 	C:\Program Files\Java\jdk-22\bin\VCRUNTIME140.dll
0x00007ffa11070000 - 0x00007ffa1123c000 	C:\WINDOWS\System32\USER32.dll
0x00007ffa0f080000 - 0x00007ffa0f0a7000 	C:\WINDOWS\System32\win32u.dll
0x00007ffa11240000 - 0x00007ffa1126b000 	C:\WINDOWS\System32\GDI32.dll
0x00007ff9f7af0000 - 0x00007ff9f7d8a000 	C:\WINDOWS\WinSxS\amd64_microsoft.windows.common-controls_6595b64144ccf1df_6.0.26100.4484_none_3e0e6d4ce32ef3b3\COMCTL32.dll
0x00007ffa0f360000 - 0x00007ffa0f497000 	C:\WINDOWS\System32\gdi32full.dll
0x00007ffa10f00000 - 0x00007ffa10fa9000 	C:\WINDOWS\System32\msvcrt.dll
0x00007ffa0efd0000 - 0x00007ffa0f073000 	C:\WINDOWS\System32\msvcp_win.dll
0x00007ffa114f0000 - 0x00007ffa1151f000 	C:\WINDOWS\System32\IMM32.DLL
0x00007ff9fe7e0000 - 0x00007ff9fe7ec000 	C:\Program Files\Java\jdk-22\bin\vcruntime140_1.dll
0x00007ff9d95a0000 - 0x00007ff9d962e000 	C:\Program Files\Java\jdk-22\bin\msvcp140.dll
0x00007ff9411f0000 - 0x00007ff941f39000 	C:\Program Files\Java\jdk-22\bin\server\jvm.dll
0x00007ffa113d0000 - 0x00007ffa11484000 	C:\WINDOWS\System32\ADVAPI32.dll
0x00007ffa0f690000 - 0x00007ffa0f736000 	C:\WINDOWS\System32\sechost.dll
0x00007ffa0f4a0000 - 0x00007ffa0f5b8000 	C:\WINDOWS\System32\RPCRT4.dll
0x00007ffa11640000 - 0x00007ffa116b4000 	C:\WINDOWS\System32\WS2_32.dll
0x00007ffa0e6a0000 - 0x00007ffa0e6fe000 	C:\WINDOWS\SYSTEM32\POWRPROF.dll
0x00007ffa03b40000 - 0x00007ffa03b75000 	C:\WINDOWS\SYSTEM32\WINMM.dll
0x00007ff9fcae0000 - 0x00007ff9fcaeb000 	C:\WINDOWS\SYSTEM32\VERSION.dll
0x00007ffa0e680000 - 0x00007ffa0e694000 	C:\WINDOWS\SYSTEM32\UMPDC.dll
0x00007ffa0d5b0000 - 0x00007ffa0d5cb000 	C:\WINDOWS\SYSTEM32\kernel.appcore.dll
0x00007ff9fe6d0000 - 0x00007ff9fe6da000 	C:\Program Files\Java\jdk-22\bin\jimage.dll
0x00007ffa0bda0000 - 0x00007ffa0bfe1000 	C:\WINDOWS\SYSTEM32\DBGHELP.DLL
0x00007ffa0ffc0000 - 0x00007ffa10346000 	C:\WINDOWS\System32\combase.dll
0x00007ffa0f850000 - 0x00007ffa0f930000 	C:\WINDOWS\System32\OLEAUT32.dll
0x00007ff9fda60000 - 0x00007ff9fdaa3000 	C:\WINDOWS\SYSTEM32\dbgcore.DLL
0x00007ffa0f0b0000 - 0x00007ffa0f149000 	C:\WINDOWS\System32\bcryptPrimitives.dll
0x00007ff9fd220000 - 0x00007ff9fd25c000 	C:\Program Files\Java\jdk-22\bin\jdwp.dll
0x00007ff9fe480000 - 0x00007ff9fe48f000 	C:\Program Files\Java\jdk-22\bin\instrument.dll
0x00007ff9fdf90000 - 0x00007ff9fdfae000 	C:\Program Files\Java\jdk-22\bin\java.dll
0x00007ffa10580000 - 0x00007ffa10cca000 	C:\WINDOWS\System32\SHELL32.dll
0x00007ffa0e850000 - 0x00007ffa0e9c4000 	C:\WINDOWS\System32\wintypes.dll
0x00007ffa10cd0000 - 0x00007ffa10e6e000 	C:\WINDOWS\System32\ole32.dll
0x00007ff9fdf70000 - 0x00007ff9fdf87000 	C:\Program Files\Java\jdk-22\bin\zip.dll
0x00007ffa0c450000 - 0x00007ffa0ccab000 	C:\WINDOWS\SYSTEM32\windows.storage.dll
0x00007ffa112d0000 - 0x00007ffa113c5000 	C:\WINDOWS\System32\SHCORE.dll
0x00007ffa10e80000 - 0x00007ffa10eea000 	C:\WINDOWS\System32\shlwapi.dll
0x00007ffa0e760000 - 0x00007ffa0e78f000 	C:\WINDOWS\SYSTEM32\profapi.dll
0x00007ff9ce440000 - 0x00007ff9ce517000 	C:\Program Files\Java\jdk-22\bin\jsvml.dll
0x00007ff9fd210000 - 0x00007ff9fd21c000 	C:\Program Files\Java\jdk-22\bin\dt_socket.dll
0x00007ffa0d100000 - 0x00007ffa0d133000 	C:\WINDOWS\SYSTEM32\IPHLPAPI.DLL
0x00007ffa0db20000 - 0x00007ffa0db8a000 	C:\WINDOWS\system32\mswsock.dll
0x00007ff9fdda0000 - 0x00007ff9fddb0000 	C:\Program Files\Java\jdk-22\bin\net.dll
0x00007ff9fdd30000 - 0x00007ff9fdd46000 	C:\Program Files\Java\jdk-22\bin\nio.dll
0x00007ff9f5d40000 - 0x00007ff9f5da4000 	C:\Users\lukag\AppData\Local\Temp\lwjgllukag\3.2.3-build-13\lwjgl.dll
0x00007ff9f4290000 - 0x00007ff9f42f2000 	C:\Users\lukag\AppData\Local\Temp\lwjgllukag\3.2.3-build-13\glfw.dll
0x00007ffa0b440000 - 0x00007ffa0b4ef000 	C:\WINDOWS\system32\uxtheme.dll
0x00007ff9faf20000 - 0x00007ff9faf6b000 	C:\WINDOWS\SYSTEM32\dinput8.dll
0x00007ff9fbd20000 - 0x00007ff9fbd32000 	C:\WINDOWS\SYSTEM32\xinput1_4.dll
0x00007ffa0e390000 - 0x00007ffa0e3e7000 	C:\WINDOWS\SYSTEM32\cfgmgr32.dll
0x00007ffa0e3f0000 - 0x00007ffa0e41d000 	C:\WINDOWS\SYSTEM32\DEVOBJ.dll
0x00007ffa0b890000 - 0x00007ffa0b8c6000 	C:\WINDOWS\SYSTEM32\dwmapi.dll
0x00007ff9df900000 - 0x00007ff9dfae3000 	C:\WINDOWS\SYSTEM32\inputhost.dll
0x00007ffa0b060000 - 0x00007ffa0b185000 	C:\WINDOWS\SYSTEM32\CoreMessaging.dll
0x00007ffa0f940000 - 0x00007ffa0faa0000 	C:\WINDOWS\System32\MSCTF.dll
0x00007ffa0dd60000 - 0x00007ffa0dd6c000 	C:\WINDOWS\SYSTEM32\CRYPTBASE.DLL
0x00007ffa0ccb0000 - 0x00007ffa0ccbf000 	C:\WINDOWS\SYSTEM32\HID.DLL
0x00007ffa0fab0000 - 0x00007ffa0ff36000 	C:\WINDOWS\System32\SETUPAPI.DLL
0x00007ffa0ef40000 - 0x00007ffa0efc4000 	C:\WINDOWS\System32\WINTRUST.dll
0x00007ffa0edc0000 - 0x00007ffa0ef37000 	C:\WINDOWS\System32\CRYPT32.dll
0x00007ffa0df60000 - 0x00007ffa0df73000 	C:\WINDOWS\SYSTEM32\MSASN1.dll
0x00007ff9df0e0000 - 0x00007ff9df1f8000 	C:\WINDOWS\SYSTEM32\opengl32.dll
0x00007ff9f9cd0000 - 0x00007ff9f9cfd000 	C:\WINDOWS\SYSTEM32\GLU32.dll
0x00007ffa0b540000 - 0x00007ffa0b58d000 	C:\WINDOWS\SYSTEM32\dxcore.dll
0x00007ffa0b590000 - 0x00007ffa0b5f4000 	C:\WINDOWS\SYSTEM32\directxdatabasehelper.dll
0x00007ff9f4a10000 - 0x00007ff9f4a2a000 	C:\WINDOWS\SYSTEM32\windows.staterepositorycore.dll
0x00007ff93e470000 - 0x00007ff93f6d9000 	C:\WINDOWS\System32\DriverStore\FileRepository\iigd_dch.inf_amd64_1d93109bf5281989\igxelpicd64.dll
0x00007ffa0b6e0000 - 0x00007ffa0b818000 	C:\WINDOWS\system32\dxgi.dll
0x00007ff9929b0000 - 0x00007ff992cfc000 	C:\WINDOWS\System32\DriverStore\FileRepository\iigd_dch.inf_amd64_1d93109bf5281989\igdml64.dll
0x00007ffa03300000 - 0x00007ffa0373e000 	C:\WINDOWS\System32\DriverStore\FileRepository\iigd_dch.inf_amd64_1d93109bf5281989\igdgmm64.dll
0x00007ff9ff260000 - 0x00007ffa032b4000 	C:\WINDOWS\System32\DriverStore\FileRepository\iigd_dch.inf_amd64_1d93109bf5281989\igc64.dll
0x00007ff9f1260000 - 0x00007ff9f13b0000 	C:\WINDOWS\SYSTEM32\textinputframework.dll
0x00007ffa05fb0000 - 0x00007ffa06293000 	C:\WINDOWS\SYSTEM32\CoreUIComponents.dll
0x00007ff9eac20000 - 0x00007ff9eac79000 	C:\Users\lukag\AppData\Local\Temp\lwjgllukag\3.2.3-build-13\lwjgl_opengl.dll

dbghelp: loaded successfully - version: 4.0.5 - missing functions: none
symbol engine: initialized successfully - sym options: 0x614 - pdb path: .;C:\Program Files\Java\jdk-22\bin;C:\WINDOWS\SYSTEM32;C:\WINDOWS\WinSxS\amd64_microsoft.windows.common-controls_6595b64144ccf1df_6.0.26100.4484_none_3e0e6d4ce32ef3b3;C:\Program Files\Java\jdk-22\bin\server;C:\Users\lukag\AppData\Local\Temp\lwjgllukag\3.2.3-build-13;C:\WINDOWS\System32\DriverStore\FileRepository\iigd_dch.inf_amd64_1d93109bf5281989

VM Arguments:
jvm_args: -Ddebugger.agent.enable.coroutines=true -Dkotlinx.coroutines.debug.enable.creation.stack.trace=false -Dkotlinx.coroutines.debug.enable.flows.stack.trace=true -Dkotlinx.coroutines.debug.enable.mutable.state.flows.stack.trace=true -agentlib:jdwp=transport=dt_socket,server=n,suspend=y,address=127.0.0.1:54026 -javaagent:C:\Users\lukag\AppData\Local\JetBrains\IntelliJIdea2025.1\captureAgent\debugger-agent.jar=file:///C:/Users/lukag/AppData/Local/Temp/capture9928549726670961517.props -Dfile.encoding=UTF-8 -Duser.country=CH -Duser.language=de -Duser.variant -ea 
java_command: ch.noseryoung.Main java.library.path=libs
java_class_path (initial): C:\Users\lukag\Documents\GitHub\chiikawa-game_luka\Chiikawa-Game\build\classes\java\main;C:\Users\lukag\Documents\GitHub\chiikawa-game_luka\Chiikawa-Game\build\resources\main;C:\Users\lukag\Documents\GitHub\chiikawa-game_luka\Chiikawa-Game\libs\imgui-app-1.81.0-javadoc.jar;C:\Users\lukag\Documents\GitHub\chiikawa-game_luka\Chiikawa-Game\libs\imgui-app-1.81.0-sources.jar;C:\Users\lukag\Documents\GitHub\chiikawa-game_luka\Chiikawa-Game\libs\imgui-app-1.81.0.jar;C:\Users\lukag\Documents\GitHub\chiikawa-game_luka\Chiikawa-Game\libs\imgui-binding-1.81.0-javadoc.jar;C:\Users\lukag\Documents\GitHub\chiikawa-game_luka\Chiikawa-Game\libs\imgui-binding-1.81.0-sources.jar;C:\Users\lukag\Documents\GitHub\chiikawa-game_luka\Chiikawa-Game\libs\imgui-binding-1.81.0.jar;C:\Users\lukag\Documents\GitHub\chiikawa-game_luka\Chiikawa-Game\libs\imgui-lwjgl3-1.81.0-javadoc.jar;C:\Users\lukag\Documents\GitHub\chiikawa-game_luka\Chiikawa-Game\libs\imgui-lwjgl3-1.81.0-sources.jar;C:\Users\lukag\Documents\GitHub\chiikawa-game_luka\Chiikawa-Game\libs\imgui-lwjgl3-1.81.0.jar;C:\Users\lukag\.gradle\caches\modules-2\files-2.1\com.google.code.gson\gson\2.13.1\853ce06c11316b33a8eae5e9095da096a9528b8f\gson-2.13.1.jar;C:\Users\lukag\.gradle\caches\modules-2\files-2.1\org.lwjgl\lwjgl-assimp\3.2.3\f62aa07a20afbdd3097efc296c4841e0d29700eb\lwjgl-assimp-3.2.3.jar;C:\Users\lukag\.gradle\caches\modules-2\files-2.1\org.lwjgl\lwjgl-assimp\3.2.3\4e60aeb75f0343c4a9ede4ef8b6b32ca702a00a3\lwjgl-assimp-3.2.3-natives-windows.jar;C:\Users\lukag\.gradle\caches\modules-2\files-2.1\org.lwjgl\lwjgl-glfw\3.2.3\5e520d5c290c8b012545a8d34fa5db5ab051ea53\lwjgl-glfw-3.2.3.jar;C:\Users\lukag\.gradle\caches\modules-2\files-2.1\org.lwjgl\lwjgl-glfw\3.2.3\b4d8a3477cdc2edcf7a5f1e822926be846223f54\lwjgl-glfw-3.2.3-natives-windows.jar;C:\Users\lukag\.gradle\caches\modules-2\files-2.1\org.lwjgl\lwjgl-nfd\3.2.3\c44fee1043c022cf6614a28872d44cf114ca7737\lwjgl-nfd-3.2.3.jar;C:\Users\lukag\.gradle\caches\modules-2\files-2.1\org.lwjgl\lwjgl-nfd\3.2.3\32782f5f5c57769efb82af864e70b819c77bc891\lwjgl-nfd-3.2.3-natives-windows.jar;C:\Users\lukag\.gradle\caches\modules-2\files-2.1\org.lwjgl\lwjgl-openal\3.2.3\106742e805803ab9eab8e343f0fb31a3d263903c\lwjgl-openal-3.2.3.jar;C:\Users\lukag\.gradle\caches\modules-2\files-2.1\org.lwjgl\lwjgl-openal\3.2.3\ec898e8ce11b5886f4f532a1536283ef2817758d\lwjgl-openal-3.2.3-natives-windows.jar;C:\Users\lukag\.gradle\caches\modules-2\files-2.1\org.lwjgl\lwjgl-opengl\3.2.3\bdd534a323d0c8f54969b95e424b6ac8984f7d6e\lwjgl-opengl-3.2.3.jar;C:\Users\lukag\.gradle\caches\modules-2\files-2.1\org.lwjgl\lwjgl-opengl\3.2.3\e81cfc73ec8708e5e791ed770e4ec3edfc1bbab1\lwjgl-opengl-3.2.3-natives-windows.jar;C:\Users\lukag\.gradle\caches\modules-2\files-2.1\org.lwjgl\lwjgl-stb\3.2.3\40eccaa4fa86fc815f2e17946a392fb5fdcc286a\lwjgl-stb-3.2.3.jar;C:\Users\lukag\.gradle\caches\modules-2\files-2.1\org.lwjgl\lwjgl-stb\3.2.3\817b21ec286f0ba3dcedb56a3bd275e6a9345be9\lwjgl-stb-3.2.3-natives-windows.jar;C:\Users\lukag\.gradle\caches\modules-2\files-2.1\org.lwjgl\lwjgl\3.2.3\17a59ba0fe8d474ec9dbe0d5db40d2cfe59c4c08\lwjgl-3.2.3.jar;C:\Users\lukag\.gradle\caches\modules-2\files-2.1\org.lwjgl\lwjgl\3.2.3\27f32cd35349684745951e04388e8e00d681cdcd\lwjgl-3.2.3-natives-windows.jar;C:\Users\lukag\.gradle\caches\modules-2\files-2.1\org.joml\joml\1.10.8\fc0a71dad90a2cf41d82a76156a0e700af8e4f8d\joml-1.10.8.jar;C:\Users\lukag\.gradle\caches\modules-2\files-2.1\com.google.errorprone\error_prone_annotations\2.38.0\fc0ae991433e8590ba51cd558421478318a74c8c\error_prone_annotations-2.38.0.jar;C:\Users\lukag\.gradle\caches\modules-2\files-2.1\org.jetbrains.kotlin\kotlin-stdlib-jdk8\1.8.20\73576ddf378c5b4f1f6b449fe6b119b8183fc078\kotlin-stdlib-jdk8-1.8.20.jar;C:\Users\lukag\.gradle\caches\modules-2\files-2.1\org.jetbrains.kotlin\kotlin-stdlib-jdk7\1.8.20\3aa51faf20aae8b31e1a4bc54f8370673d7b7df4\kotlin-stdlib-jdk7-1.8.20.jar;C:\Users\lukag\.gradle\caches\modules-2\files-2.1\org.jetbrains.kotlin\kotlin-stdlib\1.8.20\e72fc5e03ec6c064c678a6bd0d955c88d55b0c4a\kotlin-stdlib-1.8.20.jar;C:\Users\lukag\.gradle\caches\modules-2\files-2.1\org.jetbrains.kotlin\kotlin-stdlib-common\1.8.20\5eddaaf234c8c49d03eebeb6a14feb7f90faca71\kotlin-stdlib-common-1.8.20.jar;C:\Users\lukag\.gradle\caches\modules-2\files-2.1\org.jetbrains\annotations\13.0\919f0dfe192fb4e063e7dacadee7f8bb9a2672a9\annotations-13.0.jar
Launcher Type: SUN_STANDARD

[Global flags]
     intx CICompilerCount                          = 12                                        {product} {ergonomic}
     uint ConcGCThreads                            = 4                                         {product} {ergonomic}
     uint G1ConcRefinementThreads                  = 15                                        {product} {ergonomic}
   size_t G1HeapRegionSize                         = 8388608                                   {product} {ergonomic}
   size_t InitialHeapSize                          = 1073741824                                {product} {ergonomic}
   size_t MarkStackSize                            = 4194304                                   {product} {ergonomic}
   size_t MaxHeapSize                              = 17112760320                               {product} {ergonomic}
   size_t MaxNewSize                               = 10267656192                               {product} {ergonomic}
   size_t MinHeapDeltaBytes                        = 8388608                                   {product} {ergonomic}
   size_t MinHeapSize                              = 8388608                                   {product} {ergonomic}
    uintx NonNMethodCodeHeapSize                   = 7602480                                {pd product} {ergonomic}
    uintx NonProfiledCodeHeapSize                  = 122027880                              {pd product} {ergonomic}
    uintx ProfiledCodeHeapSize                     = 122027880                              {pd product} {ergonomic}
    uintx ReservedCodeCacheSize                    = 251658240                              {pd product} {ergonomic}
     bool SegmentedCodeCache                       = true                                      {product} {ergonomic}
   size_t SoftMaxHeapSize                          = 17112760320                            {manageable} {ergonomic}
     bool UseCompressedOops                        = true                           {product lp64_product} {ergonomic}
     bool UseG1GC                                  = true                                      {product} {ergonomic}
     bool UseLargePagesIndividualAllocation        = false                                  {pd product} {ergonomic}

Logging:
Log output configuration:
 #0: stdout all=warning uptime,level,tags foldmultilines=false
 #1: stderr all=off uptime,level,tags foldmultilines=false

Environment Variables:
JAVA_HOME=C:\Program Files\Eclipse Adoptium\jdk-21.0.5.11-hotspot\
PATH=C:\Program Files\Eclipse Adoptium\jdk-17.0.15.6-hotspot\bin;C:\Program Files (x86)\VMware\VMware Workstation\bin\;C:\Program Files\Eclipse Adoptium\jdk-21.0.5.11-hotspot\bin;C:\Program Files\Common Files\Oracle\Java\javapath;C:\WINDOWS\system32;C:\WINDOWS;C:\WINDOWS\System32\Wbem;C:\WINDOWS\System32\WindowsPowerShell\v1.0\;C:\WINDOWS\System32\OpenSSH\;C:\Program Files (x86)\NVIDIA Corporation\PhysX\Common;C:\Program Files\NVIDIA Corporation\NVIDIA NvDLISR;C:\Program Files\Java\jdk-22\bin;C:\Program Files\PuTTY\;C:\Program Files\Git\cmd;C:\Program Files\nodejs\;C:\Program Files\WireGuard\;C:\Program Files\Docker\Docker\resources\bin;C:\Program Files\dotnet\;C:\Users\lukag\AppData\Local\Programs\Python\Launcher\;C:\Users\lukag\AppData\Local\Microsoft\WindowsApps;C:\Users\lukag\AppData\Local\JetBrains\IntelliJ IDEA 2024.2.0.2\bin;;C:\Users\lukag\AppData\Local\GitHubDesktop\bin;C:\Users\lukag\AppData\Local\Programs\Microsoft VS Code\bin;C:\Users\lukag\AppData\Roaming\npm;C:\Program Files\PostgreSQL\17\bin;
USERNAME=lukag
OS=Windows_NT
PROCESSOR_IDENTIFIER=Intel64 Family 6 Model 186 Stepping 2, GenuineIntel
TMP=C:\Users\lukag\AppData\Local\Temp
TEMP=C:\Users\lukag\AppData\Local\Temp




Periodic native trim disabled

---------------  S Y S T E M  ---------------

OS:
 Windows 11 , 64 bit Build 26100 (10.0.26100.4484)
OS uptime: 2 days 8:08 hours
Hyper-V role detected

CPU: total 20 (initial active 20) (10 cores per cpu, 2 threads per core) family 6 model 186 stepping 2 microcode 0x4123, cx8, cmov, fxsr, ht, mmx, 3dnowpref, sse, sse2, sse3, ssse3, sse4.1, sse4.2, popcnt, lzcnt, tsc, tscinvbit, avx, avx2, aes, erms, clmul, bmi1, bmi2, adx, sha, fma, vzeroupper, clflush, clflushopt, clwb, hv, serialize, rdtscp, rdpid, fsrm, f16c, cet_ibt, cet_ss
Processor Information for processor 0
  Max Mhz: 2600, Current Mhz: 2600, Mhz Limit: 2600
Processor Information for processor 1
  Max Mhz: 2600, Current Mhz: 2600, Mhz Limit: 2600
Processor Information for processor 2
  Max Mhz: 2600, Current Mhz: 2600, Mhz Limit: 2600
Processor Information for processor 3
  Max Mhz: 2600, Current Mhz: 2600, Mhz Limit: 2600
Processor Information for processor 4
  Max Mhz: 2600, Current Mhz: 2600, Mhz Limit: 2600
Processor Information for processor 5
  Max Mhz: 2600, Current Mhz: 2600, Mhz Limit: 2600
Processor Information for processor 6
  Max Mhz: 2600, Current Mhz: 2600, Mhz Limit: 2600
Processor Information for processor 7
  Max Mhz: 2600, Current Mhz: 2600, Mhz Limit: 2600
Processor Information for processor 8
  Max Mhz: 2600, Current Mhz: 2600, Mhz Limit: 2600
Processor Information for processor 9
  Max Mhz: 2600, Current Mhz: 2600, Mhz Limit: 2600
Processor Information for processor 10
  Max Mhz: 2600, Current Mhz: 2600, Mhz Limit: 2600
Processor Information for processor 11
  Max Mhz: 2600, Current Mhz: 1496, Mhz Limit: 2600
Processor Information for processor 12
  Max Mhz: 2600, Current Mhz: 2600, Mhz Limit: 2600
Processor Information for processor 13
  Max Mhz: 2600, Current Mhz: 2600, Mhz Limit: 2600
Processor Information for processor 14
  Max Mhz: 2600, Current Mhz: 1505, Mhz Limit: 2600
Processor Information for processor 15
  Max Mhz: 2600, Current Mhz: 2600, Mhz Limit: 2600
Processor Information for processor 16
  Max Mhz: 2600, Current Mhz: 2600, Mhz Limit: 2600
Processor Information for processor 17
  Max Mhz: 2600, Current Mhz: 2600, Mhz Limit: 2600
Processor Information for processor 18
  Max Mhz: 2600, Current Mhz: 1505, Mhz Limit: 2600
Processor Information for processor 19
  Max Mhz: 2600, Current Mhz: 1505, Mhz Limit: 2600

Memory: 4k page, system-wide physical 65259M (41749M free)
TotalPageFile size 69355M (AvailPageFile size 42222M)
current process WorkingSet (physical memory assigned to process): 173M, peak: 175M
current process commit charge ("private bytes"): 1193M, peak: 1195M

vm_info: Java HotSpot(TM) 64-Bit Server VM (22.0.2+9-70) for windows-amd64 JRE (22.0.2+9-70), built on 2024-06-04T16:52:23Z by "mach5one" with MS VC++ 17.6 (VS2022)

END.
