#
# A fatal error has been detected by the Java Runtime Environment:
#
#  EXCEPTION_ACCESS_VIOLATION (0xc0000005) at pc=0x00007ffc1e563b37, pid=11752, tid=33336
#
# JRE version: Java(TM) SE Runtime Environment (22.0.2+9) (build 22.0.2+9-70)
# Java VM: Java HotSpot(TM) 64-Bit Server VM (22.0.2+9-70, mixed mode, sharing, tiered, compressed oops, compressed class ptrs, g1 gc, windows-amd64)
# Problematic frame:
# C  [igxelpicd64.dll+0x53b37]
#
# No core dump will be written. Minidumps are not enabled by default on client versions of Windows
#
# If you would like to submit a bug report, please visit:
#   https://bugreport.java.com/bugreport/crash.jsp
# The crash happened outside the Java Virtual Machine in native code.
# See problematic frame for where to report the bug.
#

---------------  S U M M A R Y ------------

Command Line: -Dfile.encoding=UTF-8 -Duser.country=CH -Duser.language=de -Duser.variant -ea ch.noseryoung.Main

Host: 13th Gen Intel(R) Core(TM) i9-13905H, 20 cores, 63G,  Windows 11 , 64 bit Build 26100 (10.0.26100.4484)
Time: Fri Jul 11 13:24:09 2025 Mitteleuropäische Sommerzeit elapsed time: 1.123962 seconds (0d 0h 0m 1s)

---------------  T H R E A D  ---------------

Current thread (0x000001cc3ba8b640):  JavaThread "main"             [_thread_in_native, id=33336, stack(0x0000005ab5f00000,0x0000005ab6000000) (1024K)]

Stack: [0x0000005ab5f00000,0x0000005ab6000000],  sp=0x0000005ab5ffe2d0,  free space=1016k
Native frames: (J=compiled Java code, j=interpreted, Vv=VM code, C=native code)
C  [igxelpicd64.dll+0x53b37]  (no source info available)
C  [igxelpicd64.dll+0x1bb5d2]  (no source info available)
C  [igxelpicd64.dll+0x1b91c8]  (no source info available)
C  [igxelpicd64.dll+0x1bbdb4]  (no source info available)
C  [igxelpicd64.dll+0x3025e8]  (no source info available)
C  [igxelpicd64.dll+0xbd5701]  (no source info available)
C  [igxelpicd64.dll+0xfa086]  (no source info available)
C  [igxelpicd64.dll+0xf62d6]  (no source info available)
C  [igxelpicd64.dll+0xfae08]  (no source info available)
C  [opengl32.dll+0x31d0b]  (no source info available)
C  [lwjgl_opengl.dll+0xcab5]  (no source info available)
C  0x000001cc4b22cfc7  (no source info available)

The last pc belongs to native method entry point (kind = native) (printed below).
Java frames: (J=compiled Java code, j=interpreted, Vv=VM code)
j  org.lwjgl.opengl.GL11C.nglTexImage2D(IIIIIIIIJ)V+0
j  org.lwjgl.opengl.GL11C.glTexImage2D(IIIIIIIILjava/nio/ByteBuffer;)V+17
j  org.lwjgl.opengl.GL11.glTexImage2D(IIIIIIIILjava/nio/ByteBuffer;)V+14
j  ch.noseryoung.renderer.Texture.<init>(Ljava/lang/String;)V+151
j  ch.noseryoung.util.AssetPool.getTexture(Ljava/lang/String;)Lch/noseryoung/renderer/Texture;+45
j  ch.noseryoung.chiikawagameengine.RoomEditorScene.init()V+187
j  ch.noseryoung.chiikawagameengine.Window.changeScene(I)V+41
j  ch.noseryoung.chiikawagameengine.Window.init()V+162
j  ch.noseryoung.chiikawagameengine.Window.run()V+15
j  ch.noseryoung.Main.main([Ljava/lang/String;)V+5
v  ~StubRoutines::call_stub 0x000001cc4b22100d

siginfo: EXCEPTION_ACCESS_VIOLATION (0xc0000005), reading address 0x000001ccbb81d000


Registers:
RAX=0x0000000000000018, RBX=0x0000005ab5ffe3b0, RCX=0x0000000000000021, RDX=0x000001ccbb81cfec
RSP=0x0000005ab5ffe2d0, RBP=0x0000000000000000, RSI=0x000001ccbb81c3ec, RDI=0x000001ccb448d740
R8 =0x0000000000001092, R9 =0x0000000000000019, R10=0x0000000000000000, R11=0x0000000000001092
R12=0x0000000000000001, R13=0x0000000000000001, R14=0x0000005ab5ffe540, R15=0x000000000000002a
RIP=0x00007ffc1e563b37, EFLAGS=0x0000000000010203


Register to memory mapping:

RAX=0x0000000000000018 is an unknown value
RBX=0x0000005ab5ffe3b0 is pointing into the stack for thread: 0x000001cc3ba8b640
RCX=0x0000000000000021 is an unknown value
RDX=0x000001ccbb81cfec points into unknown readable memory: 00 00 00 00
RSP=0x0000005ab5ffe2d0 is pointing into the stack for thread: 0x000001cc3ba8b640
RBP=0x0 is null
RSI=0x000001ccbb81c3ec points into unknown readable memory: 00 06 01 00
RDI=0x000001ccb448d740 points into unknown readable memory: 0x0000000000000000 | 00 00 00 00 00 00 00 00
R8 =0x0000000000001092 is an unknown value
R9 =0x0000000000000019 is an unknown value
R10=0x0 is null
R11=0x0000000000001092 is an unknown value
R12=0x0000000000000001 is an unknown value
R13=0x0000000000000001 is an unknown value
R14=0x0000005ab5ffe540 is pointing into the stack for thread: 0x000001cc3ba8b640
R15=0x000000000000002a is an unknown value

Top of Stack: (sp=0x0000005ab5ffe2d0)
0x0000005ab5ffe2d0:   493b5fcc81d0fcff 75b98f5994f18bac
0x0000005ab5ffe2e0:   4988a093bbcbe557 64a8b8d8e73c94ea
0x0000005ab5ffe2f0:   000001ccb448cb40 00007ffc1e6cb5d2
0x0000005ab5ffe300:   0000000100000000 0000000000000000
0x0000005ab5ffe310:   0000005ab5ffe540 0000000000000001
0x0000005ab5ffe320:   0000005ab5ffe540 00007ffc1e6c91c8
0x0000005ab5ffe330:   000001ccb3c60000 0000005ab5ffe430
0x0000005ab5ffe340:   0000000000000000 00000000000010c0
0x0000005ab5ffe350:   0000005ab5ff002a 000001cc00000001
0x0000005ab5ffe360:   000001ccbb005040 0000005ab5ffe400
0x0000005ab5ffe370:   0000000000000000 00007ffc1e554e7e
0x0000005ab5ffe380:   000001ccb1a85b40 000001ccb26dae58
0x0000005ab5ffe390:   0000000000000002 0000000000000000
0x0000005ab5ffe3a0:   0000005ab5ffe400 000001ccb073bae0
0x0000005ab5ffe3b0:   00007ffc1f1e77b8 000001ccb1a50080
0x0000005ab5ffe3c0:   000007d000000586 0000002a00000000
0x0000005ab5ffe3d0:   0000109400000003 000001ccbb005040
0x0000005ab5ffe3e0:   00000003b5ff002a 000001cc000010c0
0x0000005ab5ffe3f0:   000001ccb3c60000 000001cc00000000
0x0000005ab5ffe400:   00000002000010c0 000001ccb1a85b20
0x0000005ab5ffe410:   000001ccb3c60000 000001ccb02bca20
0x0000005ab5ffe420:   000001cc000007d0 000001cc00000001
0x0000005ab5ffe430:   000001cc00000001 000001ccb24be840
0x0000005ab5ffe440:   0000000000000000 00007ffc1f68dce0
0x0000005ab5ffe450:   0000000000000001 0000000000000001
0x0000005ab5ffe460:   0000000000000000 0000005ab5ffe500
0x0000005ab5ffe470:   0000554e4d07f977 00007ffc1e6c9939
0x0000005ab5ffe480:   0000000000000000 00007ffc1f68dce0
0x0000005ab5ffe490:   0000000000000001 0000000000000001
0x0000005ab5ffe4a0:   0000000000000000 000001ccb26dad80
0x0000005ab5ffe4b0:   0000005ab5ffe5c0 00007ffc1e6cbdb4
0x0000005ab5ffe4c0:   0000005ab5ffe730 0000005ab5ffe5c0 

Instructions: (pc=0x00007ffc1e563b37)
0x00007ffc1e563a37:   cc cc cc cc cc cc cc cc cc 48 89 5c 24 08 57 48
0x00007ffc1e563a47:   83 ec 20 33 d2 48 8b d9 e8 38 00 00 00 48 8b 7b
0x00007ffc1e563a57:   40 48 85 ff 74 16 48 8d 4f 10 e8 22 db fc ff ba
0x00007ffc1e563a67:   60 01 00 00 48 8b cf e8 e5 0f 8f 00 48 8b 4b 08
0x00007ffc1e563a77:   48 85 c9 74 05 e8 d7 0f 8f 00 48 8b 5c 24 30 48
0x00007ffc1e563a87:   83 c4 20 5f c3 48 89 5c 24 08 57 48 83 ec 20 48
0x00007ffc1e563a97:   8b d9 48 8b fa 48 8b 49 48 48 85 c9 75 0f 48 89
0x00007ffc1e563aa7:   7b 48 48 8b 5c 24 30 48 83 c4 20 5f c3 ff 15 06
0x00007ffc1e563ab7:   f6 c6 00 eb e9 48 83 ec 28 48 81 f9 00 10 00 00
0x00007ffc1e563ac7:   76 0d 48 85 d2 74 08 45 8b c0 e8 0a 00 00 00 48
0x00007ffc1e563ad7:   83 c4 28 c3 cc cc cc cc cc 40 57 48 83 ec 20 45
0x00007ffc1e563ae7:   33 d2 48 8b f9 49 83 f8 10 0f 82 ae 00 00 00 83
0x00007ffc1e563af7:   e1 0f 0f 85 df 01 00 00 8b c1 45 8b ca 4c 2b c0
0x00007ffc1e563b07:   0f 29 74 24 10 49 8b c8 0f 29 3c 24 48 c1 e9 07
0x00007ffc1e563b17:   f6 c2 0f 0f 84 94 00 00 00 48 85 c9 74 6c 66 66
0x00007ffc1e563b27:   66 0f 1f 84 00 00 00 00 00 f3 0f 6f 02 41 ff c1
0x00007ffc1e563b37:   f3 0f 6f 4a 10 41 8b c1 f3 0f 6f 52 20 f3 0f 6f
0x00007ffc1e563b47:   5a 30 f3 0f 6f 62 40 f3 0f 6f 6a 50 f3 0f 6f 72
0x00007ffc1e563b57:   60 f3 0f 6f 7a 70 66 0f e7 07 66 0f e7 4f 10 66
0x00007ffc1e563b67:   0f e7 57 20 66 0f e7 5f 30 66 0f e7 67 40 66 0f
0x00007ffc1e563b77:   e7 6f 50 66 0f e7 77 60 66 0f e7 7f 70 48 83 ef
0x00007ffc1e563b87:   80 48 83 ea 80 48 3b c1 72 9f 41 83 e0 7f 0f 85
0x00007ffc1e563b97:   0e 01 00 00 0f 28 74 24 10 0f 28 3c 24 41 83 e0
0x00007ffc1e563ba7:   0f 0f 85 b0 00 00 00 48 83 c4 20 5f c3 48 85 c9
0x00007ffc1e563bb7:   74 68 0f 1f 80 00 00 00 00 f3 0f 6f 02 41 ff c1
0x00007ffc1e563bc7:   f3 0f 6f 4a 10 f3 0f 6f 52 20 f3 0f 6f 5a 30 f3
0x00007ffc1e563bd7:   0f 6f 62 40 f3 0f 6f 6a 50 f3 0f 6f 72 60 f3 0f
0x00007ffc1e563be7:   6f 7a 70 48 83 ea 80 66 0f e7 07 66 0f e7 4f 10
0x00007ffc1e563bf7:   66 0f e7 57 20 66 0f e7 5f 30 66 0f e7 67 40 66
0x00007ffc1e563c07:   0f e7 6f 50 66 0f e7 77 60 66 0f e7 7f 70 48 83
0x00007ffc1e563c17:   ef 80 41 8b c1 48 3b c1 72 9f 41 83 e0 7f 0f 84
0x00007ffc1e563c27:   70 ff ff ff 45 8b c8 41 8b ca 49 c1 e9 04 4d 85 


Stack slot to memory mapping:

stack at sp + 0 slots: 0x493b5fcc81d0fcff is an unknown value
stack at sp + 1 slots: 0x75b98f5994f18bac is an unknown value
stack at sp + 2 slots: 0x4988a093bbcbe557 is an unknown value
stack at sp + 3 slots: 0x64a8b8d8e73c94ea is an unknown value
stack at sp + 4 slots: 0x000001ccb448cb40 points into unknown readable memory: 0x0600010600010600 | 00 06 01 00 06 01 00 06
stack at sp + 5 slots: 0x00007ffc1e6cb5d2 igxelpicd64.dll
stack at sp + 6 slots: 0x0000000100000000 is an unknown value
stack at sp + 7 slots: 0x0 is null

native method entry point (kind = native)  [0x000001cc4b22cba0, 0x000001cc4b22d6c0]  2848 bytes
[MachCode]
  0x000001cc4b22cba0: 488b 4b08 | 0fb7 492e | 584c 8d74 | ccf8 6800 | 0000 0068 | 0000 0000 | 5055 488b | ec41 5568 
  0x000001cc4b22cbc0: 0000 0000 | 4c8b 6b08 | 4d8d 6d38 | 5348 8b53 | 0848 8b52 | 0848 8b52 | 1848 8b52 | 7048 8b12 
  0x000001cc4b22cbe0: 5248 8b53 | 1048 85d2 | 0f84 0700 | 0000 4881 | c210 0100 | 0052 488b | 5308 488b | 5208 488b 
  0x000001cc4b22cc00: 5210 5249 | 8bc6 482b | c548 c1e8 | 0350 6800 | 0000 0068 | f7ff ffff | 41c6 8781 | 0400 0001 
  0x000001cc4b22cc20: 488b 4310 | 4885 c074 | 208b 88cc | 0000 0083 | c102 8988 | cc00 0000 | 2388 e000 | 0000 0f84 
  0x000001cc4b22cc40: cb09 0000 | e9cf 0000 | 0048 8b43 | 1848 85c0 | 0f85 b000 | 0000 e805 | 0000 00e9 | 9900 0000 
  0x000001cc4b22cc60: 488b d348 | 8d44 2408 | 4c89 6dc0 | 498b cfc5 | f877 4989 | afb0 0300 | 0049 8987 | a003 0000 
  0x000001cc4b22cc80: 4883 ec20 | 40f6 c40f | 0f84 1900 | 0000 4883 | ec08 48b8 | 00a7 5851 | fc7f 0000 | ffd0 4883 
  0x000001cc4b22cca0: c408 e90c | 0000 0048 | b800 a758 | 51fc 7f00 | 00ff d048 | 83c4 2049 | c787 a003 | 0000 0000 
  0x000001cc4b22ccc0: 0000 49c7 | 87b0 0300 | 0000 0000 | 0049 c787 | a803 0000 | 0000 0000 | c5f8 7749 | 837f 0800 
  0x000001cc4b22cce0: 0f84 0500 | 0000 e915 | 42ff ff4c | 8b6d c04c | 8b75 c84e | 8d74 f500 | c348 8b43 | 1848 85c0 
  0x000001cc4b22cd00: 0f84 1200 | 0000 8b48 | 0883 c102 | 8948 0823 | 481c 0f84 | f708 0000 | 493b a7f0 | 0400 000f 
  0x000001cc4b22cd20: 8748 0000 | 0089 8424 | 00f0 ffff | 8984 2400 | e0ff ff89 | 8424 00d0 | ffff 8984 | 2400 c0ff 
  0x000001cc4b22cd40: ff89 8424 | 00b0 ffff | 8984 2400 | a0ff ff89 | 8424 0090 | ffff 8984 | 2400 80ff | ff49 3ba7 
  0x000001cc4b22cd60: e804 0000 | 7607 4989 | a7f0 0400 | 0041 c687 | 8104 0000 | 0049 ba6c | 40df 51fc | 7f00 0041 
  0x000001cc4b22cd80: 803a 000f | 843e 0000 | 0048 8b55 | e849 8bcf | 4883 ec20 | 40f6 c40f | 0f84 1900 | 0000 4883 
  0x000001cc4b22cda0: ec08 48b8 | 80b9 8f51 | fc7f 0000 | ffd0 4883 | c408 e90c | 0000 0048 | b880 b98f | 51fc 7f00 
  0x000001cc4b22cdc0: 00ff d048 | 83c4 2048 | 8b5d e84c | 8b5b 0845 | 0fb7 5b2e | 41c1 e303 | 492b e348 | 83ec 2048 
  0x000001cc4b22cde0: 83e4 f04c | 8b5b 604d | 85db 0f85 | ab00 0000 | e805 0000 | 00e9 9900 | 0000 488b | d348 8d44 
  0x000001cc4b22ce00: 2408 4c89 | 6dc0 498b | cfc5 f877 | 4989 afb0 | 0300 0049 | 8987 a003 | 0000 4883 | ec20 40f6 
  0x000001cc4b22ce20: c40f 0f84 | 1900 0000 | 4883 ec08 | 48b8 20ce | 5851 fc7f | 0000 ffd0 | 4883 c408 | e90c 0000 
  0x000001cc4b22ce40: 0048 b820 | ce58 51fc | 7f00 00ff | d048 83c4 | 2049 c787 | a003 0000 | 0000 0000 | 49c7 87b0 
  0x000001cc4b22ce60: 0300 0000 | 0000 0049 | c787 a803 | 0000 0000 | 0000 c5f8 | 7749 837f | 0800 0f84 | 0500 0000 
  0x000001cc4b22ce80: e97b 40ff | ff4c 8b6d | c04c 8b75 | c84e 8d74 | f500 c348 | 8b5d e84c | 8b5b 6041 | ffd3 488b 
  0x000001cc4b22cea0: 5de8 4889 | 4518 448b | 5b28 41f6 | c308 0f84 | 1b00 0000 | 4c8b 5b08 | 4d8b 5b08 | 4d8b 5b18 
  0x000001cc4b22cec0: 4d8b 5b70 | 4d8b 1b4c | 895d 1048 | 8d55 1048 | 8b43 5849 | ba80 1090 | 51fc 7f00 | 0049 3bc2 
  0x000001cc4b22cee0: 0f85 ab00 | 0000 e805 | 0000 00e9 | 9900 0000 | 488b d348 | 8d44 2408 | 4c89 6dc0 | 498b cfc5 
  0x000001cc4b22cf00: f877 4989 | afb0 0300 | 0049 8987 | a003 0000 | 4883 ec20 | 40f6 c40f | 0f84 1900 | 0000 4883 
  0x000001cc4b22cf20: ec08 48b8 | 20ce 5851 | fc7f 0000 | ffd0 4883 | c408 e90c | 0000 0048 | b820 ce58 | 51fc 7f00 
  0x000001cc4b22cf40: 00ff d048 | 83c4 2049 | c787 a003 | 0000 0000 | 0000 49c7 | 87b0 0300 | 0000 0000 | 0049 c787 
  0x000001cc4b22cf60: a803 0000 | 0000 0000 | c5f8 7749 | 837f 0800 | 0f84 0500 | 0000 e985 | 3fff ff4c | 8b6d c04c 
  0x000001cc4b22cf80: 8b75 c84e | 8d74 f500 | c348 8b5d | e848 8b43 | 5849 8d8f | c003 0000 | c5f8 7749 | 89af b003 
  0x000001cc4b22cfa0: 0000 49ba | 98cf 224b | cc01 0000 | 4d89 97a8 | 0300 0049 | 89a7 a003 | 0000 41c7 | 8754 0400 
  0x000001cc4b22cfc0: 0004 0000 | 00ff d0c5 | f877 4883 | ec10 c5fb | 1104 2448 | 83ec 1048 | 8904 2448 | c744 2408 
  0x000001cc4b22cfe0: 0000 0000 | 41c7 8754 | 0400 0005 | 0000 00f0 | 8344 24c0 | 0049 3baf | 5804 0000 | 0f87 0e00 
  0x000001cc4b22d000: 0000 4183 | bf50 0400 | 0000 0f84 | 2000 0000 | 498b cf4c | 8be4 4883 | ec20 4883 | e4f0 48b8 
  0x000001cc4b22d020: 4023 5a51 | fc7f 0000 | ffd0 498b | e44d 33e4 | 41c7 8754 | 0400 0008 | 0000 0049 | c787 a003 
  0x000001cc4b22d040: 0000 0000 | 0000 49c7 | 87b0 0300 | 0000 0000 | 0049 c787 | a803 0000 | 0000 0000 | c5f8 774d 
  0x000001cc4b22d060: 8b9f 3004 | 0000 41c7 | 8300 0100 | 0000 0000 | 0049 bb1a | a522 4bcc | 0100 004c | 3b5d 180f 
  0x000001cc4b22d080: 8524 0200 | 0048 8b04 | 2448 83c4 | 1048 85c0 | 0f84 fe01 | 0000 a803 | 0f85 0800 | 0000 488b 
  0x000001cc4b22d0a0: 00e9 ee01 | 0000 a801 | 0f85 0900 | 0000 488b | 40fe e9dd | 0100 0048 | 8b40 ff41 | 807f 3800 
  0x000001cc4b22d0c0: 0f84 ce01 | 0000 4883 | f800 0f84 | c401 0000 | 4d8b 5f28 | 4983 fb00 | 0f84 1400 | 0000 4983 
  0x000001cc4b22d0e0: eb08 4d89 | 5f28 4d03 | 5f30 4989 | 03e9 a201 | 0000 4881 | ecd0 0000 | 0048 8904 | 2448 894c 
  0x000001cc4b22d100: 2408 4889 | 5424 1048 | 8974 2418 | 4889 7c24 | 204c 8944 | 2428 4c89 | 4c24 304c | 8954 2438 
  0x000001cc4b22d120: 4c89 5c24 | 40c5 fb11 | 4424 50c5 | fb11 4c24 | 58c5 fb11 | 5424 60c5 | fb11 5c24 | 68c5 fb11 
  0x000001cc4b22d140: 6424 70c5 | fb11 6c24 | 78c5 fb11 | b424 8000 | 0000 c5fb | 11bc 2488 | 0000 00c5 | 7b11 8424 
  0x000001cc4b22d160: 9000 0000 | c57b 118c | 2498 0000 | 00c5 7b11 | 9424 a000 | 0000 c57b | 119c 24a8 | 0000 00c5 
  0x000001cc4b22d180: 7b11 a424 | b000 0000 | c57b 11ac | 24b8 0000 | 00c5 7b11 | b424 c000 | 0000 c57b | 11bc 24c8 
  0x000001cc4b22d1a0: 0000 0049 | 8bd7 488b | c848 83ec | 2040 f6c4 | 0f0f 8419 | 0000 0048 | 83ec 0848 | b830 3f4d 
  0x000001cc4b22d1c0: 51fc 7f00 | 00ff d048 | 83c4 08e9 | 0c00 0000 | 48b8 303f | 4d51 fc7f | 0000 ffd0 | 4883 c420 
  0x000001cc4b22d1e0: c57b 10bc | 24c8 0000 | 00c5 7b10 | b424 c000 | 0000 c57b | 10ac 24b8 | 0000 00c5 | 7b10 a424 
  0x000001cc4b22d200: b000 0000 | c57b 109c | 24a8 0000 | 00c5 7b10 | 9424 a000 | 0000 c57b | 108c 2498 | 0000 00c5 
  0x000001cc4b22d220: 7b10 8424 | 9000 0000 | c5fb 10bc | 2488 0000 | 00c5 fb10 | b424 8000 | 0000 c5fb | 106c 2478 
  0x000001cc4b22d240: c5fb 1064 | 2470 c5fb | 105c 2468 | c5fb 1054 | 2460 c5fb | 104c 2458 | c5fb 1044 | 2450 4c8b 
  0x000001cc4b22d260: 5c24 404c | 8b54 2438 | 4c8b 4c24 | 304c 8b44 | 2428 488b | 7c24 2048 | 8b74 2418 | 488b 5424 
  0x000001cc4b22d280: 1048 8b4c | 2408 488b | 0424 4881 | c4d0 0000 | 00c5 f877 | 4889 4510 | 4883 ec10 | 4889 0424 
  0x000001cc4b22d2a0: 48c7 4424 | 0800 0000 | 0041 83bf | d004 0000 | 020f 85bf | 0000 0048 | 81ec 8000 | 0000 4889 
  0x000001cc4b22d2c0: 4424 7848 | 894c 2470 | 4889 5424 | 6848 895c | 2460 4889 | 6c24 5048 | 8974 2448 | 4889 7c24 
  0x000001cc4b22d2e0: 404c 8944 | 2438 4c89 | 4c24 304c | 8954 2428 | 4c89 5c24 | 204c 8964 | 2418 4c89 | 6c24 104c 
  0x000001cc4b22d300: 8974 2408 | 4c89 3c24 | 4c8b e448 | 83ec 2048 | 83e4 f048 | b8d0 f18f | 51fc 7f00 | 00ff d049 
  0x000001cc4b22d320: 8be4 4c8b | 3c24 4c8b | 7424 084c | 8b6c 2410 | 4c8b 6424 | 184c 8b5c | 2420 4c8b | 5424 284c 
  0x000001cc4b22d340: 8b4c 2430 | 4c8b 4424 | 3848 8b7c | 2440 488b | 7424 4848 | 8b6c 2450 | 488b 5c24 | 6048 8b54 
  0x000001cc4b22d360: 2468 488b | 4c24 7048 | 8b44 2478 | 4881 c480 | 0000 004d | 33e4 488b | 5de8 4c8b | 6b08 4d8d 
  0x000001cc4b22d380: 6d38 4983 | 7f08 000f | 84bb 0000 | 00e8 0500 | 0000 e996 | 0000 0048 | 8d44 2408 | 4c89 6dc0 
  0x000001cc4b22d3a0: 498b cfc5 | f877 4989 | afb0 0300 | 0049 8987 | a003 0000 | 4883 ec20 | 40f6 c40f | 0f84 1900 
  0x000001cc4b22d3c0: 0000 4883 | ec08 48b8 | 60ec 5851 | fc7f 0000 | ffd0 4883 | c408 e90c | 0000 0048 | b860 ec58 
  0x000001cc4b22d3e0: 51fc 7f00 | 00ff d048 | 83c4 2049 | c787 a003 | 0000 0000 | 0000 49c7 | 87b0 0300 | 0000 0000 
  0x000001cc4b22d400: 0049 c787 | a803 0000 | 0000 0000 | c5f8 7749 | 837f 0800 | 0f84 0500 | 0000 e9e1 | 3aff ff4c 
  0x000001cc4b22d420: 8b6d c04c | 8b75 c84e | 8d74 f500 | c348 b9c0 | 28b7 51fc | 7f00 0048 | 83e4 f048 | b830 997e 
  0x000001cc4b22d440: 51fc 7f00 | 00ff d0f4 | 448b 5b28 | 41f6 c320 | 0f84 4401 | 0000 488d | 55a8 4c8b | 5a08 4d85 
  0x000001cc4b22d460: db0f 85bb | 0000 00e8 | 0500 0000 | e996 0000 | 0048 8d44 | 2408 4c89 | 6dc0 498b | cfc5 f877 
  0x000001cc4b22d480: 4989 afb0 | 0300 0049 | 8987 a003 | 0000 4883 | ec20 40f6 | c40f 0f84 | 1900 0000 | 4883 ec08 
  0x000001cc4b22d4a0: 48b8 90eb | 5851 fc7f | 0000 ffd0 | 4883 c408 | e90c 0000 | 0048 b890 | eb58 51fc | 7f00 00ff 
  0x000001cc4b22d4c0: d048 83c4 | 2049 c787 | a003 0000 | 0000 0000 | 49c7 87b0 | 0300 0000 | 0000 0049 | c787 a803 
  0x000001cc4b22d4e0: 0000 0000 | 0000 c5f8 | 7749 837f | 0800 0f84 | 0500 0000 | e907 3aff | ff4c 8b6d | c04c 8b75 
  0x000001cc4b22d500: c84e 8d74 | f500 c348 | b9c0 28b7 | 51fc 7f00 | 0048 83e4 | f048 b830 | 997e 51fc | 7f00 00ff 
  0x000001cc4b22d520: d0f4 4c89 | 6dc0 488d | 024c 8b4a | 0848 c742 | 0800 0000 | 004c 8b00 | 4d85 c00f | 840b 0000 
  0x000001cc4b22d540: 00f0 4d0f | b101 0f85 | 0c00 0000 | 49ff 8f58 | 0500 00e9 | 3e00 0000 | 4c89 4a08 | 488b ca48 
  0x000001cc4b22d560: 83ec 2040 | f6c4 0f0f | 8419 0000 | 0048 83ec | 0848 b820 | be58 51fc | 7f00 00ff | d048 83c4 
  0x000001cc4b22d580: 08e9 0c00 | 0000 48b8 | 20be 5851 | fc7f 0000 | ffd0 4883 | c420 4c8b | 6dc0 49ba | 6c40 df51 
  0x000001cc4b22d5a0: fc7f 0000 | 4180 3a00 | 0f84 3e00 | 0000 488b | 55e8 498b | cf48 83ec | 2040 f6c4 | 0f0f 8419 
  0x000001cc4b22d5c0: 0000 0048 | 83ec 0848 | b880 b98f | 51fc 7f00 | 00ff d048 | 83c4 08e9 | 0c00 0000 | 48b8 80b9 
  0x000001cc4b22d5e0: 8f51 fc7f | 0000 ffd0 | 4883 c420 | 488b 0424 | 4883 c410 | c5fb 1004 | 2448 83c4 | 104c 8b5d 
  0x000001cc4b22d600: 1841 ffd3 | 4c8b 5df8 | c95f 498b | e3ff e7ba | 0000 0000 | e805 0000 | 00e9 9600 | 0000 488d 
  0x000001cc4b22d620: 4424 084c | 896d c049 | 8bcf c5f8 | 7749 89af | b003 0000 | 4989 87a0 | 0300 0048 | 83ec 2040 
  0x000001cc4b22d640: f6c4 0f0f | 8419 0000 | 0048 83ec | 0848 b8e0 | b158 51fc | 7f00 00ff | d048 83c4 | 08e9 0c00 
  0x000001cc4b22d660: 0000 48b8 | e0b1 5851 | fc7f 0000 | ffd0 4883 | c420 49c7 | 87a0 0300 | 0000 0000 | 0049 c787 
  0x000001cc4b22d680: b003 0000 | 0000 0000 | 49c7 87a8 | 0300 0000 | 0000 00c5 | f877 4983 | 7f08 000f | 8405 0000 
  0x000001cc4b22d6a0: 00e9 5a38 | ffff 4c8b | 6dc0 4c8b | 75c8 4e8d | 74f5 00c3 | 488b 5de8 | e95b f6ff | ff66 6690 
[/MachCode]

---------------  P R O C E S S  ---------------

Threads class SMR info:
_java_thread_list=0x000001ccb04d8d00, length=15, elements={
0x000001cc3ba8b640, 0x000001cc67a348d0, 0x000001cc67a35530, 0x000001cc67a3d5e0,
0x000001cc67a3e4d0, 0x000001cc6ab0ff70, 0x000001cc6ab109d0, 0x000001cc6ab11890,
0x000001cc6ab1a350, 0x000001cc6abead30, 0x000001cc6acb3e40, 0x000001cc6acda580,
0x000001cc6ae1c750, 0x000001ccb1f0e4d0, 0x000001ccb05941a0
}

Java Threads: ( => current thread )
=>0x000001cc3ba8b640 JavaThread "main"                              [_thread_in_native, id=33336, stack(0x0000005ab5f00000,0x0000005ab6000000) (1024K)]
  0x000001cc67a348d0 JavaThread "Reference Handler"          daemon [_thread_blocked, id=7108, stack(0x0000005ab6700000,0x0000005ab6800000) (1024K)]
  0x000001cc67a35530 JavaThread "Finalizer"                  daemon [_thread_blocked, id=25960, stack(0x0000005ab6800000,0x0000005ab6900000) (1024K)]
  0x000001cc67a3d5e0 JavaThread "Signal Dispatcher"          daemon [_thread_blocked, id=35708, stack(0x0000005ab6900000,0x0000005ab6a00000) (1024K)]
  0x000001cc67a3e4d0 JavaThread "Attach Listener"            daemon [_thread_blocked, id=33540, stack(0x0000005ab6a00000,0x0000005ab6b00000) (1024K)]
  0x000001cc6ab0ff70 JavaThread "Service Thread"             daemon [_thread_blocked, id=29244, stack(0x0000005ab6b00000,0x0000005ab6c00000) (1024K)]
  0x000001cc6ab109d0 JavaThread "Monitor Deflation Thread"   daemon [_thread_blocked, id=16908, stack(0x0000005ab6c00000,0x0000005ab6d00000) (1024K)]
  0x000001cc6ab11890 JavaThread "C2 CompilerThread0"         daemon [_thread_blocked, id=38224, stack(0x0000005ab6d00000,0x0000005ab6e00000) (1024K)]
  0x000001cc6ab1a350 JavaThread "C1 CompilerThread0"         daemon [_thread_blocked, id=5760, stack(0x0000005ab6e00000,0x0000005ab6f00000) (1024K)]
  0x000001cc6abead30 JavaThread "C1 CompilerThread1"         daemon [_thread_blocked, id=14884, stack(0x0000005ab6f00000,0x0000005ab7000000) (1024K)]
  0x000001cc6acb3e40 JavaThread "Notification Thread"        daemon [_thread_blocked, id=35368, stack(0x0000005ab7000000,0x0000005ab7100000) (1024K)]
  0x000001cc6acda580 JavaThread "Common-Cleaner"             daemon [_thread_blocked, id=29140, stack(0x0000005ab7100000,0x0000005ab7200000) (1024K)]
  0x000001cc6ae1c750 JavaThread "C1 CompilerThread2"         daemon [_thread_blocked, id=15004, stack(0x0000005ab7800000,0x0000005ab7900000) (1024K)]
  0x000001ccb1f0e4d0 JavaThread "C1 CompilerThread3"         daemon [_thread_blocked, id=25988, stack(0x0000005ab7700000,0x0000005ab7800000) (1024K)]
  0x000001ccb05941a0 JavaThread "C2 CompilerThread1"         daemon [_thread_blocked, id=29004, stack(0x0000005ab7900000,0x0000005ab7a00000) (1024K)]
Total: 15

Other Threads:
  0x000001cc67a17330 VMThread "VM Thread"                           [id=6420, stack(0x0000005ab6600000,0x0000005ab6700000) (1024K)]
  0x000001cc6ab0a3b0 WatcherThread "VM Periodic Task Thread"        [id=16464, stack(0x0000005ab6500000,0x0000005ab6600000) (1024K)]
  0x000001cc3bb33af0 WorkerThread "GC Thread#0"                     [id=37252, stack(0x0000005ab6000000,0x0000005ab6100000) (1024K)]
  0x000001cc678c6010 ConcurrentGCThread "G1 Main Marker"            [id=33244, stack(0x0000005ab6100000,0x0000005ab6200000) (1024K)]
  0x000001cc678c79d0 WorkerThread "G1 Conc#0"                       [id=28420, stack(0x0000005ab6200000,0x0000005ab6300000) (1024K)]
  0x000001cc67995980 ConcurrentGCThread "G1 Refine#0"               [id=23152, stack(0x0000005ab6300000,0x0000005ab6400000) (1024K)]
  0x000001cc679963a0 ConcurrentGCThread "G1 Service"                [id=35324, stack(0x0000005ab6400000,0x0000005ab6500000) (1024K)]
Total: 7

Threads with active compile tasks:
Total: 0

VM state: not at safepoint (normal execution)

VM Mutex/Monitor currently owned by a thread: None

Heap address: 0x0000000404000000, size: 16320 MB, Compressed Oops mode: Zero based, Oop shift amount: 3

CDS archive(s) mapped at: [0x000001cc6b000000-0x000001cc6bc60000-0x000001cc6bc60000), size 12976128, SharedBaseAddress: 0x000001cc6b000000, ArchiveRelocationMode: 1.
Compressed class space mapped at: 0x000001cc6c000000-0x000001ccac000000, reserved size: 1073741824
Narrow klass base: 0x000001cc6b000000, Narrow klass shift: 0, Narrow klass range: 0x41000000

GC Precious Log:
 CardTable entry size: 512
 Card Set container configuration: InlinePtr #cards 4 size 8 Array Of Cards #cards 64 size 144 Howl #buckets 8 coarsen threshold 14745 Howl Bitmap #cards 2048 size 272 coarsen threshold 1843 Card regions per heap region 1 cards per card region 16384
 CPUs: 20 total, 20 available
 Memory: 65259M
 Large Page Support: Disabled
 NUMA Support: Disabled
 Compressed Oops: Enabled (Zero based)
 Heap Region Size: 8M
 Heap Min Capacity: 8M
 Heap Initial Capacity: 1G
 Heap Max Capacity: 16320M
 Pre-touch: Disabled
 Parallel Workers: 15
 Concurrent Workers: 4
 Concurrent Refinement Workers: 15
 Periodic GC: Disabled

Heap:
 garbage-first heap   total reserved 16711680K, committed 1048576K, used 16384K [0x0000000404000000, 0x0000000800000000)
  region size 8192K, 3 young (24576K), 0 survivors (0K)
 Metaspace       used 5595K, committed 5824K, reserved 1114112K
  class space    used 266K, committed 384K, reserved 1048576K

Heap Regions: E=young(eden), S=young(survivor), O=old, HS=humongous(starts), HC=humongous(continues), CS=collection set, F=free, TAMS=top-at-mark-start, PB=parsable bottom
|   0|0x0000000404000000, 0x0000000404000000, 0x0000000404800000|  0%| F|  |TAMS 0x0000000404000000| PB 0x0000000404000000| Untracked |  0
|   1|0x0000000404800000, 0x0000000404800000, 0x0000000405000000|  0%| F|  |TAMS 0x0000000404800000| PB 0x0000000404800000| Untracked |  0
|   2|0x0000000405000000, 0x0000000405000000, 0x0000000405800000|  0%| F|  |TAMS 0x0000000405000000| PB 0x0000000405000000| Untracked |  0
|   3|0x0000000405800000, 0x0000000405800000, 0x0000000406000000|  0%| F|  |TAMS 0x0000000405800000| PB 0x0000000405800000| Untracked |  0
|   4|0x0000000406000000, 0x0000000406000000, 0x0000000406800000|  0%| F|  |TAMS 0x0000000406000000| PB 0x0000000406000000| Untracked |  0
|   5|0x0000000406800000, 0x0000000406800000, 0x0000000407000000|  0%| F|  |TAMS 0x0000000406800000| PB 0x0000000406800000| Untracked |  0
|   6|0x0000000407000000, 0x0000000407000000, 0x0000000407800000|  0%| F|  |TAMS 0x0000000407000000| PB 0x0000000407000000| Untracked |  0
|   7|0x0000000407800000, 0x0000000407800000, 0x0000000408000000|  0%| F|  |TAMS 0x0000000407800000| PB 0x0000000407800000| Untracked |  0
|   8|0x0000000408000000, 0x0000000408000000, 0x0000000408800000|  0%| F|  |TAMS 0x0000000408000000| PB 0x0000000408000000| Untracked |  0
|   9|0x0000000408800000, 0x0000000408800000, 0x0000000409000000|  0%| F|  |TAMS 0x0000000408800000| PB 0x0000000408800000| Untracked |  0
|  10|0x0000000409000000, 0x0000000409000000, 0x0000000409800000|  0%| F|  |TAMS 0x0000000409000000| PB 0x0000000409000000| Untracked |  0
|  11|0x0000000409800000, 0x0000000409800000, 0x000000040a000000|  0%| F|  |TAMS 0x0000000409800000| PB 0x0000000409800000| Untracked |  0
|  12|0x000000040a000000, 0x000000040a000000, 0x000000040a800000|  0%| F|  |TAMS 0x000000040a000000| PB 0x000000040a000000| Untracked |  0
|  13|0x000000040a800000, 0x000000040a800000, 0x000000040b000000|  0%| F|  |TAMS 0x000000040a800000| PB 0x000000040a800000| Untracked |  0
|  14|0x000000040b000000, 0x000000040b000000, 0x000000040b800000|  0%| F|  |TAMS 0x000000040b000000| PB 0x000000040b000000| Untracked |  0
|  15|0x000000040b800000, 0x000000040b800000, 0x000000040c000000|  0%| F|  |TAMS 0x000000040b800000| PB 0x000000040b800000| Untracked |  0
|  16|0x000000040c000000, 0x000000040c000000, 0x000000040c800000|  0%| F|  |TAMS 0x000000040c000000| PB 0x000000040c000000| Untracked |  0
|  17|0x000000040c800000, 0x000000040c800000, 0x000000040d000000|  0%| F|  |TAMS 0x000000040c800000| PB 0x000000040c800000| Untracked |  0
|  18|0x000000040d000000, 0x000000040d000000, 0x000000040d800000|  0%| F|  |TAMS 0x000000040d000000| PB 0x000000040d000000| Untracked |  0
|  19|0x000000040d800000, 0x000000040d800000, 0x000000040e000000|  0%| F|  |TAMS 0x000000040d800000| PB 0x000000040d800000| Untracked |  0
|  20|0x000000040e000000, 0x000000040e000000, 0x000000040e800000|  0%| F|  |TAMS 0x000000040e000000| PB 0x000000040e000000| Untracked |  0
|  21|0x000000040e800000, 0x000000040e800000, 0x000000040f000000|  0%| F|  |TAMS 0x000000040e800000| PB 0x000000040e800000| Untracked |  0
|  22|0x000000040f000000, 0x000000040f000000, 0x000000040f800000|  0%| F|  |TAMS 0x000000040f000000| PB 0x000000040f000000| Untracked |  0
|  23|0x000000040f800000, 0x000000040f800000, 0x0000000410000000|  0%| F|  |TAMS 0x000000040f800000| PB 0x000000040f800000| Untracked |  0
|  24|0x0000000410000000, 0x0000000410000000, 0x0000000410800000|  0%| F|  |TAMS 0x0000000410000000| PB 0x0000000410000000| Untracked |  0
|  25|0x0000000410800000, 0x0000000410800000, 0x0000000411000000|  0%| F|  |TAMS 0x0000000410800000| PB 0x0000000410800000| Untracked |  0
|  26|0x0000000411000000, 0x0000000411000000, 0x0000000411800000|  0%| F|  |TAMS 0x0000000411000000| PB 0x0000000411000000| Untracked |  0
|  27|0x0000000411800000, 0x0000000411800000, 0x0000000412000000|  0%| F|  |TAMS 0x0000000411800000| PB 0x0000000411800000| Untracked |  0
|  28|0x0000000412000000, 0x0000000412000000, 0x0000000412800000|  0%| F|  |TAMS 0x0000000412000000| PB 0x0000000412000000| Untracked |  0
|  29|0x0000000412800000, 0x0000000412800000, 0x0000000413000000|  0%| F|  |TAMS 0x0000000412800000| PB 0x0000000412800000| Untracked |  0
|  30|0x0000000413000000, 0x0000000413000000, 0x0000000413800000|  0%| F|  |TAMS 0x0000000413000000| PB 0x0000000413000000| Untracked |  0
|  31|0x0000000413800000, 0x0000000413800000, 0x0000000414000000|  0%| F|  |TAMS 0x0000000413800000| PB 0x0000000413800000| Untracked |  0
|  32|0x0000000414000000, 0x0000000414000000, 0x0000000414800000|  0%| F|  |TAMS 0x0000000414000000| PB 0x0000000414000000| Untracked |  0
|  33|0x0000000414800000, 0x0000000414800000, 0x0000000415000000|  0%| F|  |TAMS 0x0000000414800000| PB 0x0000000414800000| Untracked |  0
|  34|0x0000000415000000, 0x0000000415000000, 0x0000000415800000|  0%| F|  |TAMS 0x0000000415000000| PB 0x0000000415000000| Untracked |  0
|  35|0x0000000415800000, 0x0000000415800000, 0x0000000416000000|  0%| F|  |TAMS 0x0000000415800000| PB 0x0000000415800000| Untracked |  0
|  36|0x0000000416000000, 0x0000000416000000, 0x0000000416800000|  0%| F|  |TAMS 0x0000000416000000| PB 0x0000000416000000| Untracked |  0
|  37|0x0000000416800000, 0x0000000416800000, 0x0000000417000000|  0%| F|  |TAMS 0x0000000416800000| PB 0x0000000416800000| Untracked |  0
|  38|0x0000000417000000, 0x0000000417000000, 0x0000000417800000|  0%| F|  |TAMS 0x0000000417000000| PB 0x0000000417000000| Untracked |  0
|  39|0x0000000417800000, 0x0000000417800000, 0x0000000418000000|  0%| F|  |TAMS 0x0000000417800000| PB 0x0000000417800000| Untracked |  0
|  40|0x0000000418000000, 0x0000000418000000, 0x0000000418800000|  0%| F|  |TAMS 0x0000000418000000| PB 0x0000000418000000| Untracked |  0
|  41|0x0000000418800000, 0x0000000418800000, 0x0000000419000000|  0%| F|  |TAMS 0x0000000418800000| PB 0x0000000418800000| Untracked |  0
|  42|0x0000000419000000, 0x0000000419000000, 0x0000000419800000|  0%| F|  |TAMS 0x0000000419000000| PB 0x0000000419000000| Untracked |  0
|  43|0x0000000419800000, 0x0000000419800000, 0x000000041a000000|  0%| F|  |TAMS 0x0000000419800000| PB 0x0000000419800000| Untracked |  0
|  44|0x000000041a000000, 0x000000041a000000, 0x000000041a800000|  0%| F|  |TAMS 0x000000041a000000| PB 0x000000041a000000| Untracked |  0
|  45|0x000000041a800000, 0x000000041a800000, 0x000000041b000000|  0%| F|  |TAMS 0x000000041a800000| PB 0x000000041a800000| Untracked |  0
|  46|0x000000041b000000, 0x000000041b000000, 0x000000041b800000|  0%| F|  |TAMS 0x000000041b000000| PB 0x000000041b000000| Untracked |  0
|  47|0x000000041b800000, 0x000000041b800000, 0x000000041c000000|  0%| F|  |TAMS 0x000000041b800000| PB 0x000000041b800000| Untracked |  0
|  48|0x000000041c000000, 0x000000041c000000, 0x000000041c800000|  0%| F|  |TAMS 0x000000041c000000| PB 0x000000041c000000| Untracked |  0
|  49|0x000000041c800000, 0x000000041c800000, 0x000000041d000000|  0%| F|  |TAMS 0x000000041c800000| PB 0x000000041c800000| Untracked |  0
|  50|0x000000041d000000, 0x000000041d000000, 0x000000041d800000|  0%| F|  |TAMS 0x000000041d000000| PB 0x000000041d000000| Untracked |  0
|  51|0x000000041d800000, 0x000000041d800000, 0x000000041e000000|  0%| F|  |TAMS 0x000000041d800000| PB 0x000000041d800000| Untracked |  0
|  52|0x000000041e000000, 0x000000041e000000, 0x000000041e800000|  0%| F|  |TAMS 0x000000041e000000| PB 0x000000041e000000| Untracked |  0
|  53|0x000000041e800000, 0x000000041e800000, 0x000000041f000000|  0%| F|  |TAMS 0x000000041e800000| PB 0x000000041e800000| Untracked |  0
|  54|0x000000041f000000, 0x000000041f000000, 0x000000041f800000|  0%| F|  |TAMS 0x000000041f000000| PB 0x000000041f000000| Untracked |  0
|  55|0x000000041f800000, 0x000000041f800000, 0x0000000420000000|  0%| F|  |TAMS 0x000000041f800000| PB 0x000000041f800000| Untracked |  0
|  56|0x0000000420000000, 0x0000000420000000, 0x0000000420800000|  0%| F|  |TAMS 0x0000000420000000| PB 0x0000000420000000| Untracked |  0
|  57|0x0000000420800000, 0x0000000420800000, 0x0000000421000000|  0%| F|  |TAMS 0x0000000420800000| PB 0x0000000420800000| Untracked |  0
|  58|0x0000000421000000, 0x0000000421000000, 0x0000000421800000|  0%| F|  |TAMS 0x0000000421000000| PB 0x0000000421000000| Untracked |  0
|  59|0x0000000421800000, 0x0000000421800000, 0x0000000422000000|  0%| F|  |TAMS 0x0000000421800000| PB 0x0000000421800000| Untracked |  0
|  60|0x0000000422000000, 0x0000000422000000, 0x0000000422800000|  0%| F|  |TAMS 0x0000000422000000| PB 0x0000000422000000| Untracked |  0
|  61|0x0000000422800000, 0x0000000422800000, 0x0000000423000000|  0%| F|  |TAMS 0x0000000422800000| PB 0x0000000422800000| Untracked |  0
|  62|0x0000000423000000, 0x0000000423000000, 0x0000000423800000|  0%| F|  |TAMS 0x0000000423000000| PB 0x0000000423000000| Untracked |  0
|  63|0x0000000423800000, 0x0000000423800000, 0x0000000424000000|  0%| F|  |TAMS 0x0000000423800000| PB 0x0000000423800000| Untracked |  0
|  64|0x0000000424000000, 0x0000000424000000, 0x0000000424800000|  0%| F|  |TAMS 0x0000000424000000| PB 0x0000000424000000| Untracked |  0
|  65|0x0000000424800000, 0x0000000424800000, 0x0000000425000000|  0%| F|  |TAMS 0x0000000424800000| PB 0x0000000424800000| Untracked |  0
|  66|0x0000000425000000, 0x0000000425000000, 0x0000000425800000|  0%| F|  |TAMS 0x0000000425000000| PB 0x0000000425000000| Untracked |  0
|  67|0x0000000425800000, 0x0000000425800000, 0x0000000426000000|  0%| F|  |TAMS 0x0000000425800000| PB 0x0000000425800000| Untracked |  0
|  68|0x0000000426000000, 0x0000000426000000, 0x0000000426800000|  0%| F|  |TAMS 0x0000000426000000| PB 0x0000000426000000| Untracked |  0
|  69|0x0000000426800000, 0x0000000426800000, 0x0000000427000000|  0%| F|  |TAMS 0x0000000426800000| PB 0x0000000426800000| Untracked |  0
|  70|0x0000000427000000, 0x0000000427000000, 0x0000000427800000|  0%| F|  |TAMS 0x0000000427000000| PB 0x0000000427000000| Untracked |  0
|  71|0x0000000427800000, 0x0000000427800000, 0x0000000428000000|  0%| F|  |TAMS 0x0000000427800000| PB 0x0000000427800000| Untracked |  0
|  72|0x0000000428000000, 0x0000000428000000, 0x0000000428800000|  0%| F|  |TAMS 0x0000000428000000| PB 0x0000000428000000| Untracked |  0
|  73|0x0000000428800000, 0x0000000428800000, 0x0000000429000000|  0%| F|  |TAMS 0x0000000428800000| PB 0x0000000428800000| Untracked |  0
|  74|0x0000000429000000, 0x0000000429000000, 0x0000000429800000|  0%| F|  |TAMS 0x0000000429000000| PB 0x0000000429000000| Untracked |  0
|  75|0x0000000429800000, 0x0000000429800000, 0x000000042a000000|  0%| F|  |TAMS 0x0000000429800000| PB 0x0000000429800000| Untracked |  0
|  76|0x000000042a000000, 0x000000042a000000, 0x000000042a800000|  0%| F|  |TAMS 0x000000042a000000| PB 0x000000042a000000| Untracked |  0
|  77|0x000000042a800000, 0x000000042a800000, 0x000000042b000000|  0%| F|  |TAMS 0x000000042a800000| PB 0x000000042a800000| Untracked |  0
|  78|0x000000042b000000, 0x000000042b000000, 0x000000042b800000|  0%| F|  |TAMS 0x000000042b000000| PB 0x000000042b000000| Untracked |  0
|  79|0x000000042b800000, 0x000000042b800000, 0x000000042c000000|  0%| F|  |TAMS 0x000000042b800000| PB 0x000000042b800000| Untracked |  0
|  80|0x000000042c000000, 0x000000042c000000, 0x000000042c800000|  0%| F|  |TAMS 0x000000042c000000| PB 0x000000042c000000| Untracked |  0
|  81|0x000000042c800000, 0x000000042c800000, 0x000000042d000000|  0%| F|  |TAMS 0x000000042c800000| PB 0x000000042c800000| Untracked |  0
|  82|0x000000042d000000, 0x000000042d000000, 0x000000042d800000|  0%| F|  |TAMS 0x000000042d000000| PB 0x000000042d000000| Untracked |  0
|  83|0x000000042d800000, 0x000000042d800000, 0x000000042e000000|  0%| F|  |TAMS 0x000000042d800000| PB 0x000000042d800000| Untracked |  0
|  84|0x000000042e000000, 0x000000042e000000, 0x000000042e800000|  0%| F|  |TAMS 0x000000042e000000| PB 0x000000042e000000| Untracked |  0
|  85|0x000000042e800000, 0x000000042e800000, 0x000000042f000000|  0%| F|  |TAMS 0x000000042e800000| PB 0x000000042e800000| Untracked |  0
|  86|0x000000042f000000, 0x000000042f000000, 0x000000042f800000|  0%| F|  |TAMS 0x000000042f000000| PB 0x000000042f000000| Untracked |  0
|  87|0x000000042f800000, 0x000000042f800000, 0x0000000430000000|  0%| F|  |TAMS 0x000000042f800000| PB 0x000000042f800000| Untracked |  0
|  88|0x0000000430000000, 0x0000000430000000, 0x0000000430800000|  0%| F|  |TAMS 0x0000000430000000| PB 0x0000000430000000| Untracked |  0
|  89|0x0000000430800000, 0x0000000430800000, 0x0000000431000000|  0%| F|  |TAMS 0x0000000430800000| PB 0x0000000430800000| Untracked |  0
|  90|0x0000000431000000, 0x0000000431000000, 0x0000000431800000|  0%| F|  |TAMS 0x0000000431000000| PB 0x0000000431000000| Untracked |  0
|  91|0x0000000431800000, 0x0000000431800000, 0x0000000432000000|  0%| F|  |TAMS 0x0000000431800000| PB 0x0000000431800000| Untracked |  0
|  92|0x0000000432000000, 0x0000000432000000, 0x0000000432800000|  0%| F|  |TAMS 0x0000000432000000| PB 0x0000000432000000| Untracked |  0
|  93|0x0000000432800000, 0x0000000432800000, 0x0000000433000000|  0%| F|  |TAMS 0x0000000432800000| PB 0x0000000432800000| Untracked |  0
|  94|0x0000000433000000, 0x0000000433000000, 0x0000000433800000|  0%| F|  |TAMS 0x0000000433000000| PB 0x0000000433000000| Untracked |  0
|  95|0x0000000433800000, 0x0000000433800000, 0x0000000434000000|  0%| F|  |TAMS 0x0000000433800000| PB 0x0000000433800000| Untracked |  0
|  96|0x0000000434000000, 0x0000000434000000, 0x0000000434800000|  0%| F|  |TAMS 0x0000000434000000| PB 0x0000000434000000| Untracked |  0
|  97|0x0000000434800000, 0x0000000434800000, 0x0000000435000000|  0%| F|  |TAMS 0x0000000434800000| PB 0x0000000434800000| Untracked |  0
|  98|0x0000000435000000, 0x0000000435000000, 0x0000000435800000|  0%| F|  |TAMS 0x0000000435000000| PB 0x0000000435000000| Untracked |  0
|  99|0x0000000435800000, 0x0000000435800000, 0x0000000436000000|  0%| F|  |TAMS 0x0000000435800000| PB 0x0000000435800000| Untracked |  0
| 100|0x0000000436000000, 0x0000000436000000, 0x0000000436800000|  0%| F|  |TAMS 0x0000000436000000| PB 0x0000000436000000| Untracked |  0
| 101|0x0000000436800000, 0x0000000436800000, 0x0000000437000000|  0%| F|  |TAMS 0x0000000436800000| PB 0x0000000436800000| Untracked |  0
| 102|0x0000000437000000, 0x0000000437000000, 0x0000000437800000|  0%| F|  |TAMS 0x0000000437000000| PB 0x0000000437000000| Untracked |  0
| 103|0x0000000437800000, 0x0000000437800000, 0x0000000438000000|  0%| F|  |TAMS 0x0000000437800000| PB 0x0000000437800000| Untracked |  0
| 104|0x0000000438000000, 0x0000000438000000, 0x0000000438800000|  0%| F|  |TAMS 0x0000000438000000| PB 0x0000000438000000| Untracked |  0
| 105|0x0000000438800000, 0x0000000438800000, 0x0000000439000000|  0%| F|  |TAMS 0x0000000438800000| PB 0x0000000438800000| Untracked |  0
| 106|0x0000000439000000, 0x0000000439000000, 0x0000000439800000|  0%| F|  |TAMS 0x0000000439000000| PB 0x0000000439000000| Untracked |  0
| 107|0x0000000439800000, 0x0000000439800000, 0x000000043a000000|  0%| F|  |TAMS 0x0000000439800000| PB 0x0000000439800000| Untracked |  0
| 108|0x000000043a000000, 0x000000043a000000, 0x000000043a800000|  0%| F|  |TAMS 0x000000043a000000| PB 0x000000043a000000| Untracked |  0
| 109|0x000000043a800000, 0x000000043a800000, 0x000000043b000000|  0%| F|  |TAMS 0x000000043a800000| PB 0x000000043a800000| Untracked |  0
| 110|0x000000043b000000, 0x000000043b000000, 0x000000043b800000|  0%| F|  |TAMS 0x000000043b000000| PB 0x000000043b000000| Untracked |  0
| 111|0x000000043b800000, 0x000000043b800000, 0x000000043c000000|  0%| F|  |TAMS 0x000000043b800000| PB 0x000000043b800000| Untracked |  0
| 112|0x000000043c000000, 0x000000043c000000, 0x000000043c800000|  0%| F|  |TAMS 0x000000043c000000| PB 0x000000043c000000| Untracked |  0
| 113|0x000000043c800000, 0x000000043c800000, 0x000000043d000000|  0%| F|  |TAMS 0x000000043c800000| PB 0x000000043c800000| Untracked |  0
| 114|0x000000043d000000, 0x000000043d000000, 0x000000043d800000|  0%| F|  |TAMS 0x000000043d000000| PB 0x000000043d000000| Untracked |  0
| 115|0x000000043d800000, 0x000000043d800000, 0x000000043e000000|  0%| F|  |TAMS 0x000000043d800000| PB 0x000000043d800000| Untracked |  0
| 116|0x000000043e000000, 0x000000043e000000, 0x000000043e800000|  0%| F|  |TAMS 0x000000043e000000| PB 0x000000043e000000| Untracked |  0
| 117|0x000000043e800000, 0x000000043e800000, 0x000000043f000000|  0%| F|  |TAMS 0x000000043e800000| PB 0x000000043e800000| Untracked |  0
| 118|0x000000043f000000, 0x000000043f000000, 0x000000043f800000|  0%| F|  |TAMS 0x000000043f000000| PB 0x000000043f000000| Untracked |  0
| 119|0x000000043f800000, 0x000000043f800000, 0x0000000440000000|  0%| F|  |TAMS 0x000000043f800000| PB 0x000000043f800000| Untracked |  0
| 120|0x0000000440000000, 0x0000000440000000, 0x0000000440800000|  0%| F|  |TAMS 0x0000000440000000| PB 0x0000000440000000| Untracked |  0
| 121|0x0000000440800000, 0x0000000440800000, 0x0000000441000000|  0%| F|  |TAMS 0x0000000440800000| PB 0x0000000440800000| Untracked |  0
| 122|0x0000000441000000, 0x0000000441000000, 0x0000000441800000|  0%| F|  |TAMS 0x0000000441000000| PB 0x0000000441000000| Untracked |  0
| 123|0x0000000441800000, 0x0000000441800000, 0x0000000442000000|  0%| F|  |TAMS 0x0000000441800000| PB 0x0000000441800000| Untracked |  0
| 124|0x0000000442000000, 0x0000000442000000, 0x0000000442800000|  0%| F|  |TAMS 0x0000000442000000| PB 0x0000000442000000| Untracked |  0
| 125|0x0000000442800000, 0x0000000442e3c180, 0x0000000443000000| 77%| E|  |TAMS 0x0000000442800000| PB 0x0000000442800000| Complete |  0
| 126|0x0000000443000000, 0x0000000443800000, 0x0000000443800000|100%| E|CS|TAMS 0x0000000443000000| PB 0x0000000443000000| Complete |  0
| 127|0x0000000443800000, 0x0000000444000000, 0x0000000444000000|100%| E|CS|TAMS 0x0000000443800000| PB 0x0000000443800000| Complete |  0

Card table byte_map: [0x000001cc55850000,0x000001cc57830000] _byte_map_base: 0x000001cc53830000

Marking Bits: (CMBitMap*) 0x000001cc6787ff00
 Bits: [0x000001cc57830000, 0x000001cc67730000)

Polling page: 0x000001cc3b140000

Metaspace:

Usage:
  Non-class:      5.20 MB used.
      Class:    266.31 KB used.
       Both:      5.46 MB used.

Virtual space:
  Non-class space:       64.00 MB reserved,       5.31 MB (  8%) committed,  1 nodes.
      Class space:        1.00 GB reserved,     384.00 KB ( <1%) committed,  1 nodes.
             Both:        1.06 GB reserved,       5.69 MB ( <1%) committed. 

Chunk freelists:
   Non-Class:  8.17 MB
       Class:  15.55 MB
        Both:  23.72 MB

MaxMetaspaceSize: unlimited
CompressedClassSpaceSize: 1.00 GB
Initial GC threshold: 21.00 MB
Current GC threshold: 21.00 MB
CDS: on
 - commit_granule_bytes: 65536.
 - commit_granule_words: 8192.
 - virtual_space_node_default_size: 8388608.
 - enlarge_chunks_in_place: 1.
 - use_allocation_guard: 0.


Internal statistics:

num_allocs_failed_limit: 0.
num_arena_births: 86.
num_arena_deaths: 0.
num_vsnodes_births: 2.
num_vsnodes_deaths: 0.
num_space_committed: 90.
num_space_uncommitted: 0.
num_chunks_returned_to_freelist: 0.
num_chunks_taken_from_freelist: 256.
num_chunk_merges: 0.
num_chunk_splits: 177.
num_chunks_enlarged: 133.
num_inconsistent_stats: 0.

CodeHeap 'non-profiled nmethods': size=119168Kb used=280Kb max_used=280Kb free=118887Kb
 bounds [0x000001cc4b970000, 0x000001cc4bbe0000, 0x000001cc52dd0000]
CodeHeap 'profiled nmethods': size=119104Kb used=1670Kb max_used=1670Kb free=117433Kb
 bounds [0x000001cc43dd0000, 0x000001cc44040000, 0x000001cc4b220000]
CodeHeap 'non-nmethods': size=7488Kb used=3738Kb max_used=3749Kb free=3749Kb
 bounds [0x000001cc4b220000, 0x000001cc4b5d0000, 0x000001cc4b970000]
 total_blobs=2031 nmethods=1001 adapters=932
 compilation: enabled
              stopped_count=0, restarted_count=0
 full_count=0

Compilation events (20 events):
Event: 1.075 Thread 0x000001ccb05941a0  992       4       java.nio.Buffer::session (20 bytes)
Event: 1.075 Thread 0x000001cc6ab11890  993   !   4       jdk.internal.misc.ScopedMemoryAccess::getByte (16 bytes)
Event: 1.076 Thread 0x000001ccb05941a0 nmethod 992 0x000001cc4b9b5290 code [0x000001cc4b9b5400, 0x000001cc4b9b54b0]
Event: 1.076 Thread 0x000001cc6ab11890 nmethod 993 0x000001cc4b9b5590 code [0x000001cc4b9b5720, 0x000001cc4b9b57f8]
Event: 1.079 Thread 0x000001cc6ae1c750  994       3       java.io.FilterInputStream::read (11 bytes)
Event: 1.079 Thread 0x000001cc6ab1a350  995       3       java.io.FilterInputStream::read (9 bytes)
Event: 1.079 Thread 0x000001cc6ae1c750 nmethod 994 0x000001cc43f6fe90 code [0x000001cc43f70040, 0x000001cc43f70220]
Event: 1.079 Thread 0x000001cc6ab1a350 nmethod 995 0x000001cc43f70310 code [0x000001cc43f704c0, 0x000001cc43f706a0]
Event: 1.080 Thread 0x000001ccb1f0e4d0  996       3       jdk.internal.misc.Unsafe::checkNativeAddress (28 bytes)
Event: 1.080 Thread 0x000001ccb1f0e4d0 nmethod 996 0x000001cc43f70790 code [0x000001cc43f70920, 0x000001cc43f70a38]
Event: 1.080 Thread 0x000001cc6ae1c750  997       3       java.nio.MappedByteBuffer::limit (8 bytes)
Event: 1.080 Thread 0x000001cc6ae1c750 nmethod 997 0x000001cc43f70b10 code [0x000001cc43f70cc0, 0x000001cc43f70e70]
Event: 1.080 Thread 0x000001cc6ae1c750  998       3       sun.nio.ch.FileChannelImpl::ensureOpen (16 bytes)
Event: 1.080 Thread 0x000001cc6ae1c750 nmethod 998 0x000001cc43f70f90 code [0x000001cc43f71140, 0x000001cc43f713b0]
Event: 1.081 Thread 0x000001ccb05941a0  999       4       sun.nio.fs.WindowsPathParser::isSlash (18 bytes)
Event: 1.081 Thread 0x000001ccb05941a0 nmethod 999 0x000001cc4b9b5910 code [0x000001cc4b9b5a80, 0x000001cc4b9b5af8]
Event: 1.083 Thread 0x000001cc6ab11890 1000       4       java.lang.StringLatin1::indexOf (121 bytes)
Event: 1.085 Thread 0x000001cc6ab11890 nmethod 1000 0x000001cc4b9b5c10 code [0x000001cc4b9b5da0, 0x000001cc4b9b60e8]
Event: 1.091 Thread 0x000001cc6ae1c750 1001       3       java.lang.Record::<init> (5 bytes)
Event: 1.091 Thread 0x000001cc6ae1c750 nmethod 1001 0x000001cc43f71490 code [0x000001cc43f71620, 0x000001cc43f71788]

GC Heap History (0 events):
No events

Dll operation events (10 events):
Event: 0.009 Loaded shared library C:\Program Files\Java\jdk-22\bin\java.dll
Event: 0.038 Loaded shared library C:\Program Files\Java\jdk-22\bin\jsvml.dll
Event: 0.075 Loaded shared library C:\Program Files\Java\jdk-22\bin\net.dll
Event: 0.076 Loaded shared library C:\Program Files\Java\jdk-22\bin\nio.dll
Event: 0.079 Loaded shared library C:\Program Files\Java\jdk-22\bin\zip.dll
Event: 0.106 Loaded shared library C:\Program Files\Java\jdk-22\bin\jimage.dll
Event: 0.159 Loaded shared library C:\Users\lukag\AppData\Local\Temp\lwjgllukag\3.2.3-build-13\lwjgl.dll
Event: 0.466 Loaded shared library C:\Users\lukag\AppData\Local\Temp\lwjgllukag\3.2.3-build-13\lwjgl_opengl.dll
Event: 1.049 Loaded shared library C:\Program Files\Java\jdk-22\bin\verify.dll
Event: 1.082 Loaded shared library C:\Users\lukag\AppData\Local\Temp\lwjgllukag\3.2.3-build-13\lwjgl_stb.dll

Deoptimization events (20 events):
Event: 0.140 Thread 0x000001cc3ba8b640 DEOPT PACKING pc=0x000001cc43dd8e4c sp=0x0000005ab5ffa240
Event: 0.140 Thread 0x000001cc3ba8b640 DEOPT UNPACKING pc=0x000001cc4b274e42 sp=0x0000005ab5ff96a8 mode 0
Event: 0.666 Thread 0x000001cc3ba8b640 Uncommon trap: trap_request=0xffffff54 fr.pc=0x000001cc4b99c9f0 relative=0x0000000000000070
Event: 0.666 Thread 0x000001cc3ba8b640 Uncommon trap: reason=speculate_null_assert action=make_not_entrant pc=0x000001cc4b99c9f0 method=sun.misc.Unsafe.putLong(Ljava/lang/Object;JJ)V @ 7 c2
Event: 0.666 Thread 0x000001cc3ba8b640 DEOPT PACKING pc=0x000001cc4b99c9f0 sp=0x0000005ab5ffee60
Event: 0.666 Thread 0x000001cc3ba8b640 DEOPT UNPACKING pc=0x000001cc4b2746a2 sp=0x0000005ab5ffedd8 mode 2
Event: 0.778 Thread 0x000001cc3ba8b640 DEOPT PACKING pc=0x000001cc43e15625 sp=0x0000005ab5ffde00
Event: 0.778 Thread 0x000001cc3ba8b640 DEOPT UNPACKING pc=0x000001cc4b274e42 sp=0x0000005ab5ffd250 mode 0
Event: 0.882 Thread 0x000001cc3ba8b640 DEOPT PACKING pc=0x000001cc43e29943 sp=0x0000005ab5ffdbf0
Event: 0.882 Thread 0x000001cc3ba8b640 DEOPT UNPACKING pc=0x000001cc4b274e42 sp=0x0000005ab5ffd068 mode 0
Event: 0.944 Thread 0x000001cc3ba8b640 DEOPT PACKING pc=0x000001cc43e617f7 sp=0x0000005ab5ffdc40
Event: 0.944 Thread 0x000001cc3ba8b640 DEOPT UNPACKING pc=0x000001cc4b274e42 sp=0x0000005ab5ffd0b0 mode 0
Event: 1.046 Thread 0x000001cc3ba8b640 Uncommon trap: trap_request=0xffffff45 fr.pc=0x000001cc4b9a2844 relative=0x0000000000000e64
Event: 1.046 Thread 0x000001cc3ba8b640 Uncommon trap: reason=unstable_if action=reinterpret pc=0x000001cc4b9a2844 method=java.util.LinkedHashMap.linkNodeAtEnd(Ljava/util/LinkedHashMap$Entry;)V @ 54 c2
Event: 1.046 Thread 0x000001cc3ba8b640 DEOPT PACKING pc=0x000001cc4b9a2844 sp=0x0000005ab5ffa780
Event: 1.046 Thread 0x000001cc3ba8b640 DEOPT UNPACKING pc=0x000001cc4b2746a2 sp=0x0000005ab5ffa620 mode 2
Event: 1.075 Thread 0x000001cc3ba8b640 Uncommon trap: trap_request=0xffffff6e fr.pc=0x000001cc4b9a4594 relative=0x0000000000000454
Event: 1.075 Thread 0x000001cc3ba8b640 Uncommon trap: reason=loop_limit_check action=maybe_recompile pc=0x000001cc4b9a4594 method=java.lang.StringLatin1.indexOf([BI[BII)I @ 37 c2
Event: 1.075 Thread 0x000001cc3ba8b640 DEOPT PACKING pc=0x000001cc4b9a4594 sp=0x0000005ab5ffd3c0
Event: 1.075 Thread 0x000001cc3ba8b640 DEOPT UNPACKING pc=0x000001cc4b2746a2 sp=0x0000005ab5ffd320 mode 2

Classes loaded (20 events):
Event: 0.654 Loading class jdk/internal/module/ModulePatcher$PatchedModuleReader
Event: 0.654 Loading class jdk/internal/module/ModulePatcher$PatchedModuleReader done
Event: 0.654 Loading class sun/net/www/protocol/jrt/Handler
Event: 0.654 Loading class sun/net/www/protocol/jrt/Handler done
Event: 0.658 Loading class sun/util/resources/LocaleData$CommonResourceBundleProvider
Event: 0.658 Loading class sun/util/resources/LocaleData$LocaleDataResourceBundleProvider
Event: 0.658 Loading class java/util/spi/ResourceBundleProvider
Event: 0.658 Loading class java/util/spi/ResourceBundleProvider done
Event: 0.658 Loading class sun/util/resources/LocaleData$LocaleDataResourceBundleProvider done
Event: 0.658 Loading class sun/util/resources/LocaleData$CommonResourceBundleProvider done
Event: 0.659 Loading class sun/util/resources/Bundles$2
Event: 0.659 Loading class sun/util/resources/Bundles$2 done
Event: 0.965 Loading class jdk/internal/reflect/MethodHandleLongFieldAccessorImpl
Event: 0.965 Loading class jdk/internal/reflect/MethodHandleLongFieldAccessorImpl done
Event: 1.047 Loading class java/io/Externalizable
Event: 1.047 Loading class java/io/Externalizable done
Event: 1.075 Loading class jdk/internal/foreign/MemorySessionImpl
Event: 1.075 Loading class java/lang/foreign/MemorySegment$Scope
Event: 1.075 Loading class java/lang/foreign/MemorySegment$Scope done
Event: 1.075 Loading class jdk/internal/foreign/MemorySessionImpl done

Classes unloaded (0 events):
No events

Classes redefined (0 events):
No events

Internal exceptions (20 events):
Event: 0.163 Thread 0x000001cc3ba8b640 Exception <a 'sun/nio/fs/WindowsException'{0x0000000443f877e8}> (0x0000000443f877e8) 
thrown [s\open\src\hotspot\share\prims\jni.cpp, line 520]
Event: 0.164 Thread 0x000001cc3ba8b640 Exception <a 'sun/nio/fs/WindowsException'{0x0000000443f87d20}> (0x0000000443f87d20) 
thrown [s\open\src\hotspot\share\prims\jni.cpp, line 520]
Event: 0.190 Thread 0x000001cc3ba8b640 Exception <a 'sun/nio/fs/WindowsException'{0x0000000443068218}> (0x0000000443068218) 
thrown [s\open\src\hotspot\share\prims\jni.cpp, line 520]
Event: 0.190 Thread 0x000001cc3ba8b640 Exception <a 'sun/nio/fs/WindowsException'{0x0000000443068588}> (0x0000000443068588) 
thrown [s\open\src\hotspot\share\prims\jni.cpp, line 520]
Event: 0.194 Thread 0x000001cc3ba8b640 Exception <a 'java/lang/NoSuchMethodError'{0x000000044307a508}: 'int java.lang.invoke.Invokers$Holder.invokeExact_MT(java.lang.Object, java.lang.Object)'> (0x000000044307a508) 
thrown [s\open\src\hotspot\share\interpreter\linkResolver.cpp, line 774]
Event: 0.404 Thread 0x000001cc3ba8b640 Exception <a 'java/lang/NoSuchMethodError'{0x00000004430cb270}: 'void java.lang.invoke.DirectMethodHandle$Holder.invokeStaticInit(java.lang.Object, long, double, double)'> (0x00000004430cb270) 
thrown [s\open\src\hotspot\share\interpreter\linkResolver.cpp, line 774]
Event: 0.407 Thread 0x000001cc3ba8b640 Exception <a 'java/lang/NoSuchMethodError'{0x00000004430d9a48}: 'void java.lang.invoke.DirectMethodHandle$Holder.invokeStaticInit(java.lang.Object, long, int, int, int)'> (0x00000004430d9a48) 
thrown [s\open\src\hotspot\share\interpreter\linkResolver.cpp, line 774]
Event: 0.411 Thread 0x000001cc3ba8b640 Exception <a 'java/lang/NoSuchMethodError'{0x00000004430f1618}: 'void java.lang.invoke.DirectMethodHandle$Holder.invokeStaticInit(java.lang.Object, long, int, int, int, int)'> (0x00000004430f1618) 
thrown [s\open\src\hotspot\share\interpreter\linkResolver.cpp, line 774]
Event: 0.457 Thread 0x000001cc3ba8b640 Exception <a 'java/lang/NoSuchMethodError'{0x0000000443115a48}: 'void java.lang.System.load(java.lang.String, java.lang.Class)'> (0x0000000443115a48) 
thrown [s\open\src\hotspot\share\interpreter\linkResolver.cpp, line 774]
Event: 0.459 Thread 0x000001cc3ba8b640 Exception <a 'java/lang/NoSuchMethodError'{0x0000000443118498}: 'void java.lang.System.loadLibrary(java.lang.String, java.lang.Class)'> (0x0000000443118498) 
thrown [s\open\src\hotspot\share\interpreter\linkResolver.cpp, line 774]
Event: 0.464 Thread 0x000001cc3ba8b640 Exception <a 'sun/nio/fs/WindowsException'{0x0000000443127c50}> (0x0000000443127c50) 
thrown [s\open\src\hotspot\share\prims\jni.cpp, line 520]
Event: 0.464 Thread 0x000001cc3ba8b640 Exception <a 'sun/nio/fs/WindowsException'{0x0000000443128000}> (0x0000000443128000) 
thrown [s\open\src\hotspot\share\prims\jni.cpp, line 520]
Event: 0.468 Thread 0x000001cc3ba8b640 Exception <a 'sun/nio/fs/WindowsException'{0x000000044312edd0}> (0x000000044312edd0) 
thrown [s\open\src\hotspot\share\prims\jni.cpp, line 520]
Event: 0.468 Thread 0x000001cc3ba8b640 Exception <a 'sun/nio/fs/WindowsException'{0x000000044312f0b8}> (0x000000044312f0b8) 
thrown [s\open\src\hotspot\share\prims\jni.cpp, line 520]
Event: 0.965 Thread 0x000001cc3ba8b640 Exception <a 'java/lang/NoSuchMethodError'{0x00000004428d6008}: 'long java.lang.invoke.DelegatingMethodHandle$Holder.reinvoke_L(java.lang.Object, java.lang.Object)'> (0x00000004428d6008) 
thrown [s\open\src\hotspot\share\interpreter\linkResolver.cpp, line 774]
Event: 0.966 Thread 0x000001cc3ba8b640 Exception <a 'java/lang/NoSuchMethodError'{0x00000004428dc450}: 'long java.lang.invoke.Invokers$Holder.invokeExact_MT(java.lang.Object, java.lang.Object, java.lang.Object)'> (0x00000004428dc450) 
thrown [s\open\src\hotspot\share\interpreter\linkResolver.cpp, line 774]
Event: 1.074 Thread 0x000001cc3ba8b640 Exception <a 'java/lang/NoSuchMethodError'{0x0000000442c954e8}: 'void java.lang.System.load(java.lang.String, java.lang.Class)'> (0x0000000442c954e8) 
thrown [s\open\src\hotspot\share\interpreter\linkResolver.cpp, line 774]
Event: 1.074 Thread 0x000001cc3ba8b640 Exception <a 'java/lang/NoSuchMethodError'{0x0000000442c97ea8}: 'void java.lang.System.loadLibrary(java.lang.String, java.lang.Class)'> (0x0000000442c97ea8) 
thrown [s\open\src\hotspot\share\interpreter\linkResolver.cpp, line 774]
Event: 1.081 Thread 0x000001cc3ba8b640 Exception <a 'sun/nio/fs/WindowsException'{0x0000000442ca7a60}> (0x0000000442ca7a60) 
thrown [s\open\src\hotspot\share\prims\jni.cpp, line 520]
Event: 1.081 Thread 0x000001cc3ba8b640 Exception <a 'sun/nio/fs/WindowsException'{0x0000000442ca7de8}> (0x0000000442ca7de8) 
thrown [s\open\src\hotspot\share\prims\jni.cpp, line 520]

ZGC Phase Switch (0 events):
No events

VM Operations (4 events):
Event: 0.080 Executing VM operation: HandshakeAllThreads (Deoptimize)
Event: 0.080 Executing VM operation: HandshakeAllThreads (Deoptimize) done
Event: 0.164 Executing VM operation: HandshakeAllThreads (Deoptimize)
Event: 0.164 Executing VM operation: HandshakeAllThreads (Deoptimize) done

Memory protections (0 events):
No events

Nmethod flushes (0 events):
No events

Events (17 events):
Event: 0.025 Thread 0x000001cc3ba8b640 Thread added: 0x000001cc3ba8b640
Event: 0.036 Thread 0x000001cc3ba8b640 Thread added: 0x000001cc67a348d0
Event: 0.036 Thread 0x000001cc3ba8b640 Thread added: 0x000001cc67a35530
Event: 0.036 Thread 0x000001cc3ba8b640 Thread added: 0x000001cc67a3d5e0
Event: 0.036 Thread 0x000001cc3ba8b640 Thread added: 0x000001cc67a3e4d0
Event: 0.036 Thread 0x000001cc3ba8b640 Thread added: 0x000001cc6ab0ff70
Event: 0.036 Thread 0x000001cc3ba8b640 Thread added: 0x000001cc6ab109d0
Event: 0.036 Thread 0x000001cc3ba8b640 Thread added: 0x000001cc6ab11890
Event: 0.036 Thread 0x000001cc3ba8b640 Thread added: 0x000001cc6ab1a350
Event: 0.042 Thread 0x000001cc6ab1a350 Thread added: 0x000001cc6abead30
Event: 0.064 Thread 0x000001cc3ba8b640 Thread added: 0x000001cc6acb3e40
Event: 0.067 Thread 0x000001cc3ba8b640 Thread added: 0x000001cc6acda580
Event: 0.669 Thread 0x000001cc6ab1a350 Thread added: 0x000001ccb1e7a4c0
Event: 0.670 Thread 0x000001cc6abead30 Thread added: 0x000001cc6ae1c750
Event: 0.778 Thread 0x000001ccb1e7a4c0 Thread exited: 0x000001ccb1e7a4c0
Event: 0.974 Thread 0x000001cc6abead30 Thread added: 0x000001ccb1f0e4d0
Event: 1.047 Thread 0x000001cc6ae1c750 Thread added: 0x000001ccb05941a0


Dynamic libraries:
0x00007ff78c890000 - 0x00007ff78c8a0000 	C:\Program Files\Java\jdk-22\bin\java.exe
0x00007ffd04820000 - 0x00007ffd04a88000 	C:\WINDOWS\SYSTEM32\ntdll.dll
0x00007ffd04160000 - 0x00007ffd04229000 	C:\WINDOWS\System32\KERNEL32.DLL
0x00007ffd020e0000 - 0x00007ffd024cd000 	C:\WINDOWS\System32\KERNELBASE.dll
0x00007ffd01b80000 - 0x00007ffd01ccb000 	C:\WINDOWS\System32\ucrtbase.dll
0x00007ffced570000 - 0x00007ffced587000 	C:\Program Files\Java\jdk-22\bin\jli.dll
0x00007ffceb600000 - 0x00007ffceb61b000 	C:\Program Files\Java\jdk-22\bin\VCRUNTIME140.dll
0x00007ffd039b0000 - 0x00007ffd03b7c000 	C:\WINDOWS\System32\USER32.dll
0x00007ffce2f40000 - 0x00007ffce31da000 	C:\WINDOWS\WinSxS\amd64_microsoft.windows.common-controls_6595b64144ccf1df_6.0.26100.4484_none_3e0e6d4ce32ef3b3\COMCTL32.dll
0x00007ffd02590000 - 0x00007ffd025b7000 	C:\WINDOWS\System32\win32u.dll
0x00007ffd043a0000 - 0x00007ffd043cb000 	C:\WINDOWS\System32\GDI32.dll
0x00007ffd025c0000 - 0x00007ffd02669000 	C:\WINDOWS\System32\msvcrt.dll
0x00007ffd01f00000 - 0x00007ffd02037000 	C:\WINDOWS\System32\gdi32full.dll
0x00007ffd01cd0000 - 0x00007ffd01d73000 	C:\WINDOWS\System32\msvcp_win.dll
0x00007ffd04590000 - 0x00007ffd045bf000 	C:\WINDOWS\System32\IMM32.DLL
0x00007ffcfba70000 - 0x00007ffcfba7c000 	C:\Program Files\Java\jdk-22\bin\vcruntime140_1.dll
0x00007ffcc9e70000 - 0x00007ffcc9efe000 	C:\Program Files\Java\jdk-22\bin\msvcp140.dll
0x00007ffc511b0000 - 0x00007ffc51ef9000 	C:\Program Files\Java\jdk-22\bin\server\jvm.dll
0x00007ffd02f90000 - 0x00007ffd03044000 	C:\WINDOWS\System32\ADVAPI32.dll
0x00007ffd02dc0000 - 0x00007ffd02e66000 	C:\WINDOWS\System32\sechost.dll
0x00007ffd045d0000 - 0x00007ffd046e8000 	C:\WINDOWS\System32\RPCRT4.dll
0x00007ffd02e70000 - 0x00007ffd02ee4000 	C:\WINDOWS\System32\WS2_32.dll
0x00007ffcf6740000 - 0x00007ffcf674b000 	C:\WINDOWS\SYSTEM32\VERSION.dll
0x00007ffcf6b50000 - 0x00007ffcf6b85000 	C:\WINDOWS\SYSTEM32\WINMM.dll
0x00007ffd00540000 - 0x00007ffd0059e000 	C:\WINDOWS\SYSTEM32\POWRPROF.dll
0x00007ffd00520000 - 0x00007ffd00534000 	C:\WINDOWS\SYSTEM32\UMPDC.dll
0x00007ffd00800000 - 0x00007ffd0081b000 	C:\WINDOWS\SYSTEM32\kernel.appcore.dll
0x00007ffcf99f0000 - 0x00007ffcf99fa000 	C:\Program Files\Java\jdk-22\bin\jimage.dll
0x00007ffcfebf0000 - 0x00007ffcfee31000 	C:\WINDOWS\SYSTEM32\DBGHELP.DLL
0x00007ffd03d30000 - 0x00007ffd040b6000 	C:\WINDOWS\System32\combase.dll
0x00007ffd046f0000 - 0x00007ffd047d0000 	C:\WINDOWS\System32\OLEAUT32.dll
0x00007ffce77d0000 - 0x00007ffce7813000 	C:\WINDOWS\SYSTEM32\dbgcore.DLL
0x00007ffd02040000 - 0x00007ffd020d9000 	C:\WINDOWS\System32\bcryptPrimitives.dll
0x00007ffceb5e0000 - 0x00007ffceb5fe000 	C:\Program Files\Java\jdk-22\bin\java.dll
0x00007ffd02670000 - 0x00007ffd02dba000 	C:\WINDOWS\System32\SHELL32.dll
0x00007ffd01970000 - 0x00007ffd01ae4000 	C:\WINDOWS\System32\wintypes.dll
0x00007ffd03b80000 - 0x00007ffd03d1e000 	C:\WINDOWS\System32\ole32.dll
0x00007ffcff5a0000 - 0x00007ffcffdfb000 	C:\WINDOWS\SYSTEM32\windows.storage.dll
0x00007ffd042a0000 - 0x00007ffd04395000 	C:\WINDOWS\System32\SHCORE.dll
0x00007ffd04450000 - 0x00007ffd044ba000 	C:\WINDOWS\System32\shlwapi.dll
0x00007ffd01880000 - 0x00007ffd018af000 	C:\WINDOWS\SYSTEM32\profapi.dll
0x00007ffcc9d90000 - 0x00007ffcc9e67000 	C:\Program Files\Java\jdk-22\bin\jsvml.dll
0x00007ffcecca0000 - 0x00007ffceccb0000 	C:\Program Files\Java\jdk-22\bin\net.dll
0x00007ffd00d60000 - 0x00007ffd00dca000 	C:\WINDOWS\system32\mswsock.dll
0x00007ffceb570000 - 0x00007ffceb586000 	C:\Program Files\Java\jdk-22\bin\nio.dll
0x00007ffceb5c0000 - 0x00007ffceb5d7000 	C:\Program Files\Java\jdk-22\bin\zip.dll
0x00007ffceabf0000 - 0x00007ffceac54000 	C:\Users\lukag\AppData\Local\Temp\lwjgllukag\3.2.3-build-13\lwjgl.dll
0x00007ffceab80000 - 0x00007ffceabe2000 	C:\Users\lukag\AppData\Local\Temp\lwjgllukag\3.2.3-build-13\glfw.dll
0x00007ffcfe410000 - 0x00007ffcfe4bf000 	C:\WINDOWS\system32\uxtheme.dll
0x00007ffceab30000 - 0x00007ffceab7b000 	C:\WINDOWS\SYSTEM32\dinput8.dll
0x00007ffcec700000 - 0x00007ffcec712000 	C:\WINDOWS\SYSTEM32\xinput1_4.dll
0x00007ffd01600000 - 0x00007ffd01657000 	C:\WINDOWS\SYSTEM32\cfgmgr32.dll
0x00007ffd015d0000 - 0x00007ffd015fd000 	C:\WINDOWS\SYSTEM32\DEVOBJ.dll
0x00007ffcfe800000 - 0x00007ffcfe836000 	C:\WINDOWS\SYSTEM32\dwmapi.dll
0x00007ffce1cf0000 - 0x00007ffce1ed3000 	C:\WINDOWS\SYSTEM32\inputhost.dll
0x00007ffcfb770000 - 0x00007ffcfb895000 	C:\WINDOWS\SYSTEM32\CoreMessaging.dll
0x00007ffd03050000 - 0x00007ffd031b0000 	C:\WINDOWS\System32\MSCTF.dll
0x00007ffd00fa0000 - 0x00007ffd00fac000 	C:\WINDOWS\SYSTEM32\CRYPTBASE.DLL
0x00007ffcffe00000 - 0x00007ffcffe0f000 	C:\WINDOWS\SYSTEM32\HID.DLL
0x00007ffd033a0000 - 0x00007ffd03826000 	C:\WINDOWS\System32\SETUPAPI.DLL
0x00007ffd01af0000 - 0x00007ffd01b74000 	C:\WINDOWS\System32\WINTRUST.dll
0x00007ffd01d80000 - 0x00007ffd01ef7000 	C:\WINDOWS\System32\CRYPT32.dll
0x00007ffd011a0000 - 0x00007ffd011b3000 	C:\WINDOWS\SYSTEM32\MSASN1.dll
0x00007ffcc4d30000 - 0x00007ffcc4e48000 	C:\WINDOWS\SYSTEM32\opengl32.dll
0x00007ffceb210000 - 0x00007ffceb23d000 	C:\WINDOWS\SYSTEM32\GLU32.dll
0x00007ffcfeba0000 - 0x00007ffcfebed000 	C:\WINDOWS\SYSTEM32\dxcore.dll
0x00007ffcfe630000 - 0x00007ffcfe694000 	C:\WINDOWS\SYSTEM32\directxdatabasehelper.dll
0x00007ffce9dd0000 - 0x00007ffce9dea000 	C:\WINDOWS\SYSTEM32\windows.staterepositorycore.dll
0x00007ffc1e510000 - 0x00007ffc1f779000 	C:\WINDOWS\System32\DriverStore\FileRepository\iigd_dch.inf_amd64_1d93109bf5281989\igxelpicd64.dll
0x00007ffcfe6a0000 - 0x00007ffcfe7d7000 	C:\WINDOWS\system32\dxgi.dll
0x00007ffcbb390000 - 0x00007ffcbb6dc000 	C:\WINDOWS\System32\DriverStore\FileRepository\iigd_dch.inf_amd64_1d93109bf5281989\igdml64.dll
0x00007ffcf6220000 - 0x00007ffcf665e000 	C:\WINDOWS\System32\DriverStore\FileRepository\iigd_dch.inf_amd64_1d93109bf5281989\igdgmm64.dll
0x00007ffcf1fe0000 - 0x00007ffcf6034000 	C:\WINDOWS\System32\DriverStore\FileRepository\iigd_dch.inf_amd64_1d93109bf5281989\igc64.dll
0x00007ffcebb00000 - 0x00007ffcebc50000 	C:\WINDOWS\SYSTEM32\textinputframework.dll
0x00007ffcf90a0000 - 0x00007ffcf9383000 	C:\WINDOWS\SYSTEM32\CoreUIComponents.dll
0x00007ffce2ec0000 - 0x00007ffce2f3d000 	C:\WINDOWS\system32\Oleacc.dll
0x00007ffccaa10000 - 0x00007ffccaa69000 	C:\Users\lukag\AppData\Local\Temp\lwjgllukag\3.2.3-build-13\lwjgl_opengl.dll
0x00007ffceb5b0000 - 0x00007ffceb5c0000 	C:\Program Files\Java\jdk-22\bin\verify.dll
0x00007ffcc0390000 - 0x00007ffcc0407000 	C:\Users\lukag\AppData\Local\Temp\lwjgllukag\3.2.3-build-13\lwjgl_stb.dll

dbghelp: loaded successfully - version: 4.0.5 - missing functions: none
symbol engine: initialized successfully - sym options: 0x614 - pdb path: .;C:\Program Files\Java\jdk-22\bin;C:\WINDOWS\SYSTEM32;C:\WINDOWS\WinSxS\amd64_microsoft.windows.common-controls_6595b64144ccf1df_6.0.26100.4484_none_3e0e6d4ce32ef3b3;C:\Program Files\Java\jdk-22\bin\server;C:\Users\lukag\AppData\Local\Temp\lwjgllukag\3.2.3-build-13;C:\WINDOWS\System32\DriverStore\FileRepository\iigd_dch.inf_amd64_1d93109bf5281989

VM Arguments:
jvm_args: -Dfile.encoding=UTF-8 -Duser.country=CH -Duser.language=de -Duser.variant -ea 
java_command: ch.noseryoung.Main
java_class_path (initial): C:\Users\lukag\Documents\GitHub\chiikawa-game_nori_luka\Chiikawa-Game\build\classes\java\main;C:\Users\lukag\Documents\GitHub\chiikawa-game_nori_luka\Chiikawa-Game\build\resources\main;C:\Users\lukag\.gradle\caches\modules-2\files-2.1\org.lwjgl\lwjgl-assimp\3.2.3\f62aa07a20afbdd3097efc296c4841e0d29700eb\lwjgl-assimp-3.2.3.jar;C:\Users\lukag\.gradle\caches\modules-2\files-2.1\org.lwjgl\lwjgl-assimp\3.2.3\4e60aeb75f0343c4a9ede4ef8b6b32ca702a00a3\lwjgl-assimp-3.2.3-natives-windows.jar;C:\Users\lukag\.gradle\caches\modules-2\files-2.1\org.lwjgl\lwjgl-glfw\3.2.3\5e520d5c290c8b012545a8d34fa5db5ab051ea53\lwjgl-glfw-3.2.3.jar;C:\Users\lukag\.gradle\caches\modules-2\files-2.1\org.lwjgl\lwjgl-glfw\3.2.3\b4d8a3477cdc2edcf7a5f1e822926be846223f54\lwjgl-glfw-3.2.3-natives-windows.jar;C:\Users\lukag\.gradle\caches\modules-2\files-2.1\org.lwjgl\lwjgl-nfd\3.2.3\c44fee1043c022cf6614a28872d44cf114ca7737\lwjgl-nfd-3.2.3.jar;C:\Users\lukag\.gradle\caches\modules-2\files-2.1\org.lwjgl\lwjgl-nfd\3.2.3\32782f5f5c57769efb82af864e70b819c77bc891\lwjgl-nfd-3.2.3-natives-windows.jar;C:\Users\lukag\.gradle\caches\modules-2\files-2.1\org.lwjgl\lwjgl-openal\3.2.3\106742e805803ab9eab8e343f0fb31a3d263903c\lwjgl-openal-3.2.3.jar;C:\Users\lukag\.gradle\caches\modules-2\files-2.1\org.lwjgl\lwjgl-openal\3.2.3\ec898e8ce11b5886f4f532a1536283ef2817758d\lwjgl-openal-3.2.3-natives-windows.jar;C:\Users\lukag\.gradle\caches\modules-2\files-2.1\org.lwjgl\lwjgl-opengl\3.2.3\bdd534a323d0c8f54969b95e424b6ac8984f7d6e\lwjgl-opengl-3.2.3.jar;C:\Users\lukag\.gradle\caches\modules-2\files-2.1\org.lwjgl\lwjgl-opengl\3.2.3\e81cfc73ec8708e5e791ed770e4ec3edfc1bbab1\lwjgl-opengl-3.2.3-natives-windows.jar;C:\Users\lukag\.gradle\caches\modules-2\files-2.1\org.lwjgl\lwjgl-stb\3.2.3\40eccaa4fa86fc815f2e17946a392fb5fdcc286a\lwjgl-stb-3.2.3.jar;C:\Users\lukag\.gradle\caches\modules-2\files-2.1\org.lwjgl\lwjgl-stb\3.2.3\817b21ec286f0ba3dcedb56a3bd275e6a9345be9\lwjgl-stb-3.2.3-natives-windows.jar;C:\Users\lukag\.gradle\caches\modules-2\files-2.1\org.lwjgl\lwjgl\3.2.3\17a59ba0fe8d474ec9dbe0d5db40d2cfe59c4c08\lwjgl-3.2.3.jar;C:\Users\lukag\.gradle\caches\modules-2\files-2.1\org.lwjgl\lwjgl\3.2.3\27f32cd35349684745951e04388e8e00d681cdcd\lwjgl-3.2.3-natives-windows.jar;C:\Users\lukag\.gradle\caches\modules-2\files-2.1\org.joml\joml\1.10.8\fc0a71dad90a2cf41d82a76156a0e700af8e4f8d\joml-1.10.8.jar;C:\Users\lukag\.gradle\caches\modules-2\files-2.1\org.jetbrains.kotlin\kotlin-stdlib-jdk8\1.8.20\73576ddf378c5b4f1f6b449fe6b119b8183fc078\kotlin-stdlib-jdk8-1.8.20.jar;C:\Users\lukag\.gradle\caches\modules-2\files-2.1\org.jetbrains.kotlin\kotlin-stdlib-jdk7\1.8.20\3aa51faf20aae8b31e1a4bc54f8370673d7b7df4\kotlin-stdlib-jdk7-1.8.20.jar;C:\Users\lukag\.gradle\caches\modules-2\files-2.1\org.jetbrains.kotlin\kotlin-stdlib\1.8.20\e72fc5e03ec6c064c678a6bd0d955c88d55b0c4a\kotlin-stdlib-1.8.20.jar;C:\Users\lukag\.gradle\caches\modules-2\files-2.1\org.jetbrains.kotlin\kotlin-stdlib-common\1.8.20\5eddaaf234c8c49d03eebeb6a14feb7f90faca71\kotlin-stdlib-common-1.8.20.jar;C:\Users\lukag\.gradle\caches\modules-2\files-2.1\org.jetbrains\annotations\13.0\919f0dfe192fb4e063e7dacadee7f8bb9a2672a9\annotations-13.0.jar
Launcher Type: SUN_STANDARD

[Global flags]
     intx CICompilerCount                          = 12                                        {product} {ergonomic}
     uint ConcGCThreads                            = 4                                         {product} {ergonomic}
     uint G1ConcRefinementThreads                  = 15                                        {product} {ergonomic}
   size_t G1HeapRegionSize                         = 8388608                                   {product} {ergonomic}
   size_t InitialHeapSize                          = 1073741824                                {product} {ergonomic}
   size_t MarkStackSize                            = 4194304                                   {product} {ergonomic}
   size_t MaxHeapSize                              = 17112760320                               {product} {ergonomic}
   size_t MaxNewSize                               = 10267656192                               {product} {ergonomic}
   size_t MinHeapDeltaBytes                        = 8388608                                   {product} {ergonomic}
   size_t MinHeapSize                              = 8388608                                   {product} {ergonomic}
    uintx NonNMethodCodeHeapSize                   = 7602480                                {pd product} {ergonomic}
    uintx NonProfiledCodeHeapSize                  = 122027880                              {pd product} {ergonomic}
    uintx ProfiledCodeHeapSize                     = 122027880                              {pd product} {ergonomic}
    uintx ReservedCodeCacheSize                    = 251658240                              {pd product} {ergonomic}
     bool SegmentedCodeCache                       = true                                      {product} {ergonomic}
   size_t SoftMaxHeapSize                          = 17112760320                            {manageable} {ergonomic}
     bool UseCompressedOops                        = true                           {product lp64_product} {ergonomic}
     bool UseG1GC                                  = true                                      {product} {ergonomic}
     bool UseLargePagesIndividualAllocation        = false                                  {pd product} {ergonomic}

Logging:
Log output configuration:
 #0: stdout all=warning uptime,level,tags foldmultilines=false
 #1: stderr all=off uptime,level,tags foldmultilines=false

Environment Variables:
JAVA_HOME=C:\Program Files\Eclipse Adoptium\jdk-21.0.5.11-hotspot\
PATH=C:\Program Files\Eclipse Adoptium\jdk-17.0.15.6-hotspot\bin;C:\Program Files (x86)\VMware\VMware Workstation\bin\;C:\Program Files\Eclipse Adoptium\jdk-21.0.5.11-hotspot\bin;C:\Program Files\Common Files\Oracle\Java\javapath;C:\WINDOWS\system32;C:\WINDOWS;C:\WINDOWS\System32\Wbem;C:\WINDOWS\System32\WindowsPowerShell\v1.0\;C:\WINDOWS\System32\OpenSSH\;C:\Program Files (x86)\NVIDIA Corporation\PhysX\Common;C:\Program Files\NVIDIA Corporation\NVIDIA NvDLISR;C:\Program Files\Java\jdk-22\bin;C:\Program Files\PuTTY\;C:\Program Files\Git\cmd;C:\Program Files\nodejs\;C:\Program Files\WireGuard\;C:\Program Files\Docker\Docker\resources\bin;C:\Program Files\dotnet\;C:\Users\lukag\AppData\Local\Programs\Python\Launcher\;C:\Users\lukag\AppData\Local\Microsoft\WindowsApps;C:\Users\lukag\AppData\Local\JetBrains\IntelliJ IDEA 2024.2.0.2\bin;;C:\Users\lukag\AppData\Local\GitHubDesktop\bin;C:\Users\lukag\AppData\Local\Programs\Microsoft VS Code\bin;C:\Users\lukag\AppData\Roaming\npm;C:\Program Files\PostgreSQL\17\bin;
USERNAME=lukag
OS=Windows_NT
PROCESSOR_IDENTIFIER=Intel64 Family 6 Model 186 Stepping 2, GenuineIntel
TMP=C:\Users\lukag\AppData\Local\Temp
TEMP=C:\Users\lukag\AppData\Local\Temp




Periodic native trim disabled

---------------  S Y S T E M  ---------------

OS:
 Windows 11 , 64 bit Build 26100 (10.0.26100.4484)
OS uptime: 3 days 10:06 hours
Hyper-V role detected

CPU: total 20 (initial active 20) (10 cores per cpu, 2 threads per core) family 6 model 186 stepping 2 microcode 0x4123, cx8, cmov, fxsr, ht, mmx, 3dnowpref, sse, sse2, sse3, ssse3, sse4.1, sse4.2, popcnt, lzcnt, tsc, tscinvbit, avx, avx2, aes, erms, clmul, bmi1, bmi2, adx, sha, fma, vzeroupper, clflush, clflushopt, clwb, hv, serialize, rdtscp, rdpid, fsrm, f16c, cet_ibt, cet_ss
Processor Information for processor 0
  Max Mhz: 2600, Current Mhz: 2600, Mhz Limit: 2600
Processor Information for processor 1
  Max Mhz: 2600, Current Mhz: 2600, Mhz Limit: 2600
Processor Information for processor 2
  Max Mhz: 2600, Current Mhz: 1496, Mhz Limit: 2600
Processor Information for processor 3
  Max Mhz: 2600, Current Mhz: 2600, Mhz Limit: 2600
Processor Information for processor 4
  Max Mhz: 2600, Current Mhz: 2600, Mhz Limit: 2600
Processor Information for processor 5
  Max Mhz: 2600, Current Mhz: 2600, Mhz Limit: 2600
Processor Information for processor 6
  Max Mhz: 2600, Current Mhz: 2600, Mhz Limit: 2600
Processor Information for processor 7
  Max Mhz: 2600, Current Mhz: 2600, Mhz Limit: 2600
Processor Information for processor 8
  Max Mhz: 2600, Current Mhz: 2600, Mhz Limit: 2600
Processor Information for processor 9
  Max Mhz: 2600, Current Mhz: 2600, Mhz Limit: 2600
Processor Information for processor 10
  Max Mhz: 2600, Current Mhz: 2600, Mhz Limit: 2600
Processor Information for processor 11
  Max Mhz: 2600, Current Mhz: 2600, Mhz Limit: 2600
Processor Information for processor 12
  Max Mhz: 2600, Current Mhz: 2600, Mhz Limit: 2600
Processor Information for processor 13
  Max Mhz: 2600, Current Mhz: 2600, Mhz Limit: 2600
Processor Information for processor 14
  Max Mhz: 2600, Current Mhz: 1505, Mhz Limit: 2600
Processor Information for processor 15
  Max Mhz: 2600, Current Mhz: 2600, Mhz Limit: 2600
Processor Information for processor 16
  Max Mhz: 2600, Current Mhz: 1505, Mhz Limit: 2600
Processor Information for processor 17
  Max Mhz: 2600, Current Mhz: 2600, Mhz Limit: 2600
Processor Information for processor 18
  Max Mhz: 2600, Current Mhz: 2600, Mhz Limit: 2600
Processor Information for processor 19
  Max Mhz: 2600, Current Mhz: 1505, Mhz Limit: 2600

Memory: 4k page, system-wide physical 65259M (38573M free)
TotalPageFile size 69355M (AvailPageFile size 37734M)
current process WorkingSet (physical memory assigned to process): 198M, peak: 198M
current process commit charge ("private bytes"): 1219M, peak: 1219M

vm_info: Java HotSpot(TM) 64-Bit Server VM (22.0.2+9-70) for windows-amd64 JRE (22.0.2+9-70), built on 2024-06-04T16:52:23Z by "mach5one" with MS VC++ 17.6 (VS2022)

END.
