#
# A fatal error has been detected by the Java Runtime Environment:
#
#  EXCEPTION_ACCESS_VIOLATION (0xc0000005) at pc=0x00007ffc482f3b49, pid=16524, tid=28676
#
# JRE version: Java(TM) SE Runtime Environment (22.0.2+9) (build 22.0.2+9-70)
# Java VM: Java HotSpot(TM) 64-Bit Server VM (22.0.2+9-70, mixed mode, sharing, tiered, compressed oops, compressed class ptrs, g1 gc, windows-amd64)
# Problematic frame:
# C  [igxelpicd64.dll+0x53b49]
#
# No core dump will be written. Minidumps are not enabled by default on client versions of Windows
#
# If you would like to submit a bug report, please visit:
#   https://bugreport.java.com/bugreport/crash.jsp
# The crash happened outside the Java Virtual Machine in native code.
# See problematic frame for where to report the bug.
#

---------------  S U M M A R Y ------------

Command Line: -Dfile.encoding=UTF-8 -Duser.country=CH -Duser.language=de -Duser.variant -ea ch.noseryoung.Main java.library.path=libs

Host: 13th Gen Intel(R) Core(TM) i9-13905H, 20 cores, 63G,  Windows 11 , 64 bit Build 26100 (10.0.26100.4484)
Time: Mon Jul 21 11:53:28 2025 Mitteleuropäische Sommerzeit elapsed time: 1.793237 seconds (0d 0h 0m 1s)

---------------  T H R E A D  ---------------

Current thread (0x0000017a5f62f670):  JavaThread "main"             [_thread_in_native, id=28676, stack(0x0000006e6c500000,0x0000006e6c600000) (1024K)]

Stack: [0x0000006e6c500000,0x0000006e6c600000],  sp=0x0000006e6c5fe820,  free space=1018k
Native frames: (J=compiled Java code, j=interpreted, Vv=VM code, C=native code)
C  [igxelpicd64.dll+0x53b49]  (no source info available)
C  [igxelpicd64.dll+0x1bb5d2]  (no source info available)
C  [igxelpicd64.dll+0x1b91c8]  (no source info available)
C  [igxelpicd64.dll+0x1bbdb4]  (no source info available)
C  [igxelpicd64.dll+0x3025e8]  (no source info available)
C  [igxelpicd64.dll+0xbd5701]  (no source info available)
C  [igxelpicd64.dll+0xfa086]  (no source info available)
C  [igxelpicd64.dll+0xf62d6]  (no source info available)
C  [igxelpicd64.dll+0xfae08]  (no source info available)
C  [opengl32.dll+0x31d0b]  (no source info available)
C  [lwjgl_opengl.dll+0xcab5]  (no source info available)
C  0x0000017a708acfc7  (no source info available)

The last pc belongs to native method entry point (kind = native) (printed below).
Java frames: (J=compiled Java code, j=interpreted, Vv=VM code)
j  org.lwjgl.opengl.GL11C.nglTexImage2D(IIIIIIIIJ)V+0
j  org.lwjgl.opengl.GL11C.glTexImage2D(IIIIIIIILjava/nio/ByteBuffer;)V+17
j  org.lwjgl.opengl.GL11.glTexImage2D(IIIIIIIILjava/nio/ByteBuffer;)V+14
j  ch.noseryoung.renderer.Texture.init(Ljava/lang/String;)V+165
j  ch.noseryoung.util.AssetPool.getTexture(Ljava/lang/String;)Lch/noseryoung/renderer/Texture;+50
j  ch.noseryoung.scenes.RoomEditorScene.init()V+155
j  ch.noseryoung.chiikawagameengine.Window.changeScene(I)V+83
j  ch.noseryoung.chiikawagameengine.Window.init()V+210
j  ch.noseryoung.chiikawagameengine.Window.run()V+15
j  ch.noseryoung.Main.main([Ljava/lang/String;)V+5
v  ~StubRoutines::call_stub 0x0000017a708a100d

siginfo: EXCEPTION_ACCESS_VIOLATION (0xc0000005), reading address 0x0000017a8245e000


Registers:
RAX=0x0000000000000010, RBX=0x0000006e6c5fe900, RCX=0x0000000000000010, RDX=0x0000017a8245dfbc
RSP=0x0000006e6c5fe820, RBP=0x0000000000000000, RSI=0x0000017a8245d83c, RDI=0x0000017a59d8ff40
R8 =0x0000000000000801, R9 =0x0000000000000010, R10=0x0000000000000000, R11=0x0000000000000801
R12=0x0000000000000001, R13=0x0000000000000001, R14=0x0000006e6c5fea90, R15=0x000000000000002a
RIP=0x00007ffc482f3b49, EFLAGS=0x0000000000010213


Register to memory mapping:

RAX=0x0000000000000010 is an unknown value
RBX=0x0000006e6c5fe900 is pointing into the stack for thread: 0x0000017a5f62f670
RCX=0x0000000000000010 is an unknown value
RDX=0x0000017a8245dfbc points into unknown readable memory: 00 00 00 00
RSP=0x0000006e6c5fe820 is pointing into the stack for thread: 0x0000017a5f62f670
RBP=0x0 is null
RSI=0x0000017a8245d83c points into unknown readable memory: 00 00 00 00
RDI=0x0000017a59d8ff40 points into unknown readable memory: 0x0000000000000000 | 00 00 00 00 00 00 00 00
R8 =0x0000000000000801 is an unknown value
R9 =0x0000000000000010 is an unknown value
R10=0x0 is null
R11=0x0000000000000801 is an unknown value
R12=0x0000000000000001 is an unknown value
R13=0x0000000000000001 is an unknown value
R14=0x0000006e6c5fea90 is pointing into the stack for thread: 0x0000017a5f62f670
R15=0x000000000000002a is an unknown value

Top of Stack: (sp=0x0000006e6c5fe820)
0x0000006e6c5fe820:   7a600dc456d3ebe6 42bd84b0ef582ecf
0x0000006e6c5fe830:   4988a093bbcbe557 64a8b8d8e73c94ea
0x0000006e6c5fe840:   0000017a59d8f7c0 00007ffc4845b5d2
0x0000006e6c5fe850:   0000000100000000 0000000000000000
0x0000006e6c5fe860:   0000006e6c5fea90 0000000000000001
0x0000006e6c5fe870:   0000006e6c5fea90 00007ffc484591c8
0x0000006e6c5fe880:   0000017a59b80000 0000006e6c5fe980
0x0000006e6c5fe890:   0000000000000000 0000000000000840
0x0000006e6c5fe8a0:   0000006e6c5f002a 0000017a00000001
0x0000006e6c5fe8b0:   0000017a8225d040 0000006e6c5fe900
0x0000006e6c5fe8c0:   0000000000000000 00007ffc482e4e7e
0x0000006e6c5fe8d0:   0000017a586d4b00 0000017a5915e988
0x0000006e6c5fe8e0:   0000000000000002 0000000000000000
0x0000006e6c5fe8f0:   0000006e6c5fe950 0000017a567b8cd0
0x0000006e6c5fe900:   00007ffc48f777b8 0000017a5869f040
0x0000006e6c5fe910:   00000400000002ab 0000002a00000000
0x0000006e6c5fe920:   0000080400000003 0000017a8225d040
0x0000006e6c5fe930:   000000036c5f002a 0000017a00000840
0x0000006e6c5fe940:   0000017a59b80000 0000017a00000000
0x0000006e6c5fe950:   0000000200000840 0000017a586d4ae0
0x0000006e6c5fe960:   0000017a59b80000 0000017a56355650
0x0000006e6c5fe970:   0000017a00000400 0000017a00000001
0x0000006e6c5fe980:   0000017a00000001 0000017a58f95cf0
0x0000006e6c5fe990:   0000000000000000 00007ffc4941dce0
0x0000006e6c5fe9a0:   0000000000000001 0000000000000001
0x0000006e6c5fe9b0:   0000000000000000 0000006e6c5fea50
0x0000006e6c5fe9c0:   000088436f63a4cc 00007ffc48459939
0x0000006e6c5fe9d0:   0000000000000000 00007ffc4941dce0
0x0000006e6c5fe9e0:   0000000000000001 0000000000000001
0x0000006e6c5fe9f0:   0000000000000000 0000017a5915e8b0
0x0000006e6c5fea00:   0000006e6c5feb10 00007ffc4845bdb4
0x0000006e6c5fea10:   0000006e6c5fec80 0000006e6c5feb10 

Instructions: (pc=0x00007ffc482f3b49)
0x00007ffc482f3a49:   20 33 d2 48 8b d9 e8 38 00 00 00 48 8b 7b 40 48
0x00007ffc482f3a59:   85 ff 74 16 48 8d 4f 10 e8 22 db fc ff ba 60 01
0x00007ffc482f3a69:   00 00 48 8b cf e8 e5 0f 8f 00 48 8b 4b 08 48 85
0x00007ffc482f3a79:   c9 74 05 e8 d7 0f 8f 00 48 8b 5c 24 30 48 83 c4
0x00007ffc482f3a89:   20 5f c3 48 89 5c 24 08 57 48 83 ec 20 48 8b d9
0x00007ffc482f3a99:   48 8b fa 48 8b 49 48 48 85 c9 75 0f 48 89 7b 48
0x00007ffc482f3aa9:   48 8b 5c 24 30 48 83 c4 20 5f c3 ff 15 06 f6 c6
0x00007ffc482f3ab9:   00 eb e9 48 83 ec 28 48 81 f9 00 10 00 00 76 0d
0x00007ffc482f3ac9:   48 85 d2 74 08 45 8b c0 e8 0a 00 00 00 48 83 c4
0x00007ffc482f3ad9:   28 c3 cc cc cc cc cc 40 57 48 83 ec 20 45 33 d2
0x00007ffc482f3ae9:   48 8b f9 49 83 f8 10 0f 82 ae 00 00 00 83 e1 0f
0x00007ffc482f3af9:   0f 85 df 01 00 00 8b c1 45 8b ca 4c 2b c0 0f 29
0x00007ffc482f3b09:   74 24 10 49 8b c8 0f 29 3c 24 48 c1 e9 07 f6 c2
0x00007ffc482f3b19:   0f 0f 84 94 00 00 00 48 85 c9 74 6c 66 66 66 0f
0x00007ffc482f3b29:   1f 84 00 00 00 00 00 f3 0f 6f 02 41 ff c1 f3 0f
0x00007ffc482f3b39:   6f 4a 10 41 8b c1 f3 0f 6f 52 20 f3 0f 6f 5a 30
0x00007ffc482f3b49:   f3 0f 6f 62 40 f3 0f 6f 6a 50 f3 0f 6f 72 60 f3
0x00007ffc482f3b59:   0f 6f 7a 70 66 0f e7 07 66 0f e7 4f 10 66 0f e7
0x00007ffc482f3b69:   57 20 66 0f e7 5f 30 66 0f e7 67 40 66 0f e7 6f
0x00007ffc482f3b79:   50 66 0f e7 77 60 66 0f e7 7f 70 48 83 ef 80 48
0x00007ffc482f3b89:   83 ea 80 48 3b c1 72 9f 41 83 e0 7f 0f 85 0e 01
0x00007ffc482f3b99:   00 00 0f 28 74 24 10 0f 28 3c 24 41 83 e0 0f 0f
0x00007ffc482f3ba9:   85 b0 00 00 00 48 83 c4 20 5f c3 48 85 c9 74 68
0x00007ffc482f3bb9:   0f 1f 80 00 00 00 00 f3 0f 6f 02 41 ff c1 f3 0f
0x00007ffc482f3bc9:   6f 4a 10 f3 0f 6f 52 20 f3 0f 6f 5a 30 f3 0f 6f
0x00007ffc482f3bd9:   62 40 f3 0f 6f 6a 50 f3 0f 6f 72 60 f3 0f 6f 7a
0x00007ffc482f3be9:   70 48 83 ea 80 66 0f e7 07 66 0f e7 4f 10 66 0f
0x00007ffc482f3bf9:   e7 57 20 66 0f e7 5f 30 66 0f e7 67 40 66 0f e7
0x00007ffc482f3c09:   6f 50 66 0f e7 77 60 66 0f e7 7f 70 48 83 ef 80
0x00007ffc482f3c19:   41 8b c1 48 3b c1 72 9f 41 83 e0 7f 0f 84 70 ff
0x00007ffc482f3c29:   ff ff 45 8b c8 41 8b ca 49 c1 e9 04 4d 85 c9 0f
0x00007ffc482f3c39:   84 5d ff ff ff 66 90 f3 0f 6f 02 ff c1 66 0f e7 


Stack slot to memory mapping:

stack at sp + 0 slots: 0x7a600dc456d3ebe6 is an unknown value
stack at sp + 1 slots: 0x42bd84b0ef582ecf is an unknown value
stack at sp + 2 slots: 0x4988a093bbcbe557 is an unknown value
stack at sp + 3 slots: 0x64a8b8d8e73c94ea is an unknown value
stack at sp + 4 slots: 0x0000017a59d8f7c0 points into unknown readable memory: 0x0000000000000000 | 00 00 00 00 00 00 00 00
stack at sp + 5 slots: 0x00007ffc4845b5d2 igxelpicd64.dll
stack at sp + 6 slots: 0x0000000100000000 is an unknown value
stack at sp + 7 slots: 0x0 is null

native method entry point (kind = native)  [0x0000017a708acba0, 0x0000017a708ad6c0]  2848 bytes
[MachCode]
  0x0000017a708acba0: 488b 4b08 | 0fb7 492e | 584c 8d74 | ccf8 6800 | 0000 0068 | 0000 0000 | 5055 488b | ec41 5568 
  0x0000017a708acbc0: 0000 0000 | 4c8b 6b08 | 4d8d 6d38 | 5348 8b53 | 0848 8b52 | 0848 8b52 | 1848 8b52 | 7048 8b12 
  0x0000017a708acbe0: 5248 8b53 | 1048 85d2 | 0f84 0700 | 0000 4881 | c210 0100 | 0052 488b | 5308 488b | 5208 488b 
  0x0000017a708acc00: 5210 5249 | 8bc6 482b | c548 c1e8 | 0350 6800 | 0000 0068 | f7ff ffff | 41c6 8781 | 0400 0001 
  0x0000017a708acc20: 488b 4310 | 4885 c074 | 208b 88cc | 0000 0083 | c102 8988 | cc00 0000 | 2388 e000 | 0000 0f84 
  0x0000017a708acc40: cb09 0000 | e9cf 0000 | 0048 8b43 | 1848 85c0 | 0f85 b000 | 0000 e805 | 0000 00e9 | 9900 0000 
  0x0000017a708acc60: 488b d348 | 8d44 2408 | 4c89 6dc0 | 498b cfc5 | f877 4989 | afb0 0300 | 0049 8987 | a003 0000 
  0x0000017a708acc80: 4883 ec20 | 40f6 c40f | 0f84 1900 | 0000 4883 | ec08 48b8 | 00a7 3287 | fc7f 0000 | ffd0 4883 
  0x0000017a708acca0: c408 e90c | 0000 0048 | b800 a732 | 87fc 7f00 | 00ff d048 | 83c4 2049 | c787 a003 | 0000 0000 
  0x0000017a708accc0: 0000 49c7 | 87b0 0300 | 0000 0000 | 0049 c787 | a803 0000 | 0000 0000 | c5f8 7749 | 837f 0800 
  0x0000017a708acce0: 0f84 0500 | 0000 e915 | 42ff ff4c | 8b6d c04c | 8b75 c84e | 8d74 f500 | c348 8b43 | 1848 85c0 
  0x0000017a708acd00: 0f84 1200 | 0000 8b48 | 0883 c102 | 8948 0823 | 481c 0f84 | f708 0000 | 493b a7f0 | 0400 000f 
  0x0000017a708acd20: 8748 0000 | 0089 8424 | 00f0 ffff | 8984 2400 | e0ff ff89 | 8424 00d0 | ffff 8984 | 2400 c0ff 
  0x0000017a708acd40: ff89 8424 | 00b0 ffff | 8984 2400 | a0ff ff89 | 8424 0090 | ffff 8984 | 2400 80ff | ff49 3ba7 
  0x0000017a708acd60: e804 0000 | 7607 4989 | a7f0 0400 | 0041 c687 | 8104 0000 | 0049 ba6c | 40b9 87fc | 7f00 0041 
  0x0000017a708acd80: 803a 000f | 843e 0000 | 0048 8b55 | e849 8bcf | 4883 ec20 | 40f6 c40f | 0f84 1900 | 0000 4883 
  0x0000017a708acda0: ec08 48b8 | 80b9 6987 | fc7f 0000 | ffd0 4883 | c408 e90c | 0000 0048 | b880 b969 | 87fc 7f00 
  0x0000017a708acdc0: 00ff d048 | 83c4 2048 | 8b5d e84c | 8b5b 0845 | 0fb7 5b2e | 41c1 e303 | 492b e348 | 83ec 2048 
  0x0000017a708acde0: 83e4 f04c | 8b5b 604d | 85db 0f85 | ab00 0000 | e805 0000 | 00e9 9900 | 0000 488b | d348 8d44 
  0x0000017a708ace00: 2408 4c89 | 6dc0 498b | cfc5 f877 | 4989 afb0 | 0300 0049 | 8987 a003 | 0000 4883 | ec20 40f6 
  0x0000017a708ace20: c40f 0f84 | 1900 0000 | 4883 ec08 | 48b8 20ce | 3287 fc7f | 0000 ffd0 | 4883 c408 | e90c 0000 
  0x0000017a708ace40: 0048 b820 | ce32 87fc | 7f00 00ff | d048 83c4 | 2049 c787 | a003 0000 | 0000 0000 | 49c7 87b0 
  0x0000017a708ace60: 0300 0000 | 0000 0049 | c787 a803 | 0000 0000 | 0000 c5f8 | 7749 837f | 0800 0f84 | 0500 0000 
  0x0000017a708ace80: e97b 40ff | ff4c 8b6d | c04c 8b75 | c84e 8d74 | f500 c348 | 8b5d e84c | 8b5b 6041 | ffd3 488b 
  0x0000017a708acea0: 5de8 4889 | 4518 448b | 5b28 41f6 | c308 0f84 | 1b00 0000 | 4c8b 5b08 | 4d8b 5b08 | 4d8b 5b18 
  0x0000017a708acec0: 4d8b 5b70 | 4d8b 1b4c | 895d 1048 | 8d55 1048 | 8b43 5849 | ba80 106a | 87fc 7f00 | 0049 3bc2 
  0x0000017a708acee0: 0f85 ab00 | 0000 e805 | 0000 00e9 | 9900 0000 | 488b d348 | 8d44 2408 | 4c89 6dc0 | 498b cfc5 
  0x0000017a708acf00: f877 4989 | afb0 0300 | 0049 8987 | a003 0000 | 4883 ec20 | 40f6 c40f | 0f84 1900 | 0000 4883 
  0x0000017a708acf20: ec08 48b8 | 20ce 3287 | fc7f 0000 | ffd0 4883 | c408 e90c | 0000 0048 | b820 ce32 | 87fc 7f00 
  0x0000017a708acf40: 00ff d048 | 83c4 2049 | c787 a003 | 0000 0000 | 0000 49c7 | 87b0 0300 | 0000 0000 | 0049 c787 
  0x0000017a708acf60: a803 0000 | 0000 0000 | c5f8 7749 | 837f 0800 | 0f84 0500 | 0000 e985 | 3fff ff4c | 8b6d c04c 
  0x0000017a708acf80: 8b75 c84e | 8d74 f500 | c348 8b5d | e848 8b43 | 5849 8d8f | c003 0000 | c5f8 7749 | 89af b003 
  0x0000017a708acfa0: 0000 49ba | 98cf 8a70 | 7a01 0000 | 4d89 97a8 | 0300 0049 | 89a7 a003 | 0000 41c7 | 8754 0400 
  0x0000017a708acfc0: 0004 0000 | 00ff d0c5 | f877 4883 | ec10 c5fb | 1104 2448 | 83ec 1048 | 8904 2448 | c744 2408 
  0x0000017a708acfe0: 0000 0000 | 41c7 8754 | 0400 0005 | 0000 00f0 | 8344 24c0 | 0049 3baf | 5804 0000 | 0f87 0e00 
  0x0000017a708ad000: 0000 4183 | bf50 0400 | 0000 0f84 | 2000 0000 | 498b cf4c | 8be4 4883 | ec20 4883 | e4f0 48b8 
  0x0000017a708ad020: 4023 3487 | fc7f 0000 | ffd0 498b | e44d 33e4 | 41c7 8754 | 0400 0008 | 0000 0049 | c787 a003 
  0x0000017a708ad040: 0000 0000 | 0000 49c7 | 87b0 0300 | 0000 0000 | 0049 c787 | a803 0000 | 0000 0000 | c5f8 774d 
  0x0000017a708ad060: 8b9f 3004 | 0000 41c7 | 8300 0100 | 0000 0000 | 0049 bb1a | a58a 707a | 0100 004c | 3b5d 180f 
  0x0000017a708ad080: 8524 0200 | 0048 8b04 | 2448 83c4 | 1048 85c0 | 0f84 fe01 | 0000 a803 | 0f85 0800 | 0000 488b 
  0x0000017a708ad0a0: 00e9 ee01 | 0000 a801 | 0f85 0900 | 0000 488b | 40fe e9dd | 0100 0048 | 8b40 ff41 | 807f 3800 
  0x0000017a708ad0c0: 0f84 ce01 | 0000 4883 | f800 0f84 | c401 0000 | 4d8b 5f28 | 4983 fb00 | 0f84 1400 | 0000 4983 
  0x0000017a708ad0e0: eb08 4d89 | 5f28 4d03 | 5f30 4989 | 03e9 a201 | 0000 4881 | ecd0 0000 | 0048 8904 | 2448 894c 
  0x0000017a708ad100: 2408 4889 | 5424 1048 | 8974 2418 | 4889 7c24 | 204c 8944 | 2428 4c89 | 4c24 304c | 8954 2438 
  0x0000017a708ad120: 4c89 5c24 | 40c5 fb11 | 4424 50c5 | fb11 4c24 | 58c5 fb11 | 5424 60c5 | fb11 5c24 | 68c5 fb11 
  0x0000017a708ad140: 6424 70c5 | fb11 6c24 | 78c5 fb11 | b424 8000 | 0000 c5fb | 11bc 2488 | 0000 00c5 | 7b11 8424 
  0x0000017a708ad160: 9000 0000 | c57b 118c | 2498 0000 | 00c5 7b11 | 9424 a000 | 0000 c57b | 119c 24a8 | 0000 00c5 
  0x0000017a708ad180: 7b11 a424 | b000 0000 | c57b 11ac | 24b8 0000 | 00c5 7b11 | b424 c000 | 0000 c57b | 11bc 24c8 
  0x0000017a708ad1a0: 0000 0049 | 8bd7 488b | c848 83ec | 2040 f6c4 | 0f0f 8419 | 0000 0048 | 83ec 0848 | b830 3f27 
  0x0000017a708ad1c0: 87fc 7f00 | 00ff d048 | 83c4 08e9 | 0c00 0000 | 48b8 303f | 2787 fc7f | 0000 ffd0 | 4883 c420 
  0x0000017a708ad1e0: c57b 10bc | 24c8 0000 | 00c5 7b10 | b424 c000 | 0000 c57b | 10ac 24b8 | 0000 00c5 | 7b10 a424 
  0x0000017a708ad200: b000 0000 | c57b 109c | 24a8 0000 | 00c5 7b10 | 9424 a000 | 0000 c57b | 108c 2498 | 0000 00c5 
  0x0000017a708ad220: 7b10 8424 | 9000 0000 | c5fb 10bc | 2488 0000 | 00c5 fb10 | b424 8000 | 0000 c5fb | 106c 2478 
  0x0000017a708ad240: c5fb 1064 | 2470 c5fb | 105c 2468 | c5fb 1054 | 2460 c5fb | 104c 2458 | c5fb 1044 | 2450 4c8b 
  0x0000017a708ad260: 5c24 404c | 8b54 2438 | 4c8b 4c24 | 304c 8b44 | 2428 488b | 7c24 2048 | 8b74 2418 | 488b 5424 
  0x0000017a708ad280: 1048 8b4c | 2408 488b | 0424 4881 | c4d0 0000 | 00c5 f877 | 4889 4510 | 4883 ec10 | 4889 0424 
  0x0000017a708ad2a0: 48c7 4424 | 0800 0000 | 0041 83bf | d004 0000 | 020f 85bf | 0000 0048 | 81ec 8000 | 0000 4889 
  0x0000017a708ad2c0: 4424 7848 | 894c 2470 | 4889 5424 | 6848 895c | 2460 4889 | 6c24 5048 | 8974 2448 | 4889 7c24 
  0x0000017a708ad2e0: 404c 8944 | 2438 4c89 | 4c24 304c | 8954 2428 | 4c89 5c24 | 204c 8964 | 2418 4c89 | 6c24 104c 
  0x0000017a708ad300: 8974 2408 | 4c89 3c24 | 4c8b e448 | 83ec 2048 | 83e4 f048 | b8d0 f169 | 87fc 7f00 | 00ff d049 
  0x0000017a708ad320: 8be4 4c8b | 3c24 4c8b | 7424 084c | 8b6c 2410 | 4c8b 6424 | 184c 8b5c | 2420 4c8b | 5424 284c 
  0x0000017a708ad340: 8b4c 2430 | 4c8b 4424 | 3848 8b7c | 2440 488b | 7424 4848 | 8b6c 2450 | 488b 5c24 | 6048 8b54 
  0x0000017a708ad360: 2468 488b | 4c24 7048 | 8b44 2478 | 4881 c480 | 0000 004d | 33e4 488b | 5de8 4c8b | 6b08 4d8d 
  0x0000017a708ad380: 6d38 4983 | 7f08 000f | 84bb 0000 | 00e8 0500 | 0000 e996 | 0000 0048 | 8d44 2408 | 4c89 6dc0 
  0x0000017a708ad3a0: 498b cfc5 | f877 4989 | afb0 0300 | 0049 8987 | a003 0000 | 4883 ec20 | 40f6 c40f | 0f84 1900 
  0x0000017a708ad3c0: 0000 4883 | ec08 48b8 | 60ec 3287 | fc7f 0000 | ffd0 4883 | c408 e90c | 0000 0048 | b860 ec32 
  0x0000017a708ad3e0: 87fc 7f00 | 00ff d048 | 83c4 2049 | c787 a003 | 0000 0000 | 0000 49c7 | 87b0 0300 | 0000 0000 
  0x0000017a708ad400: 0049 c787 | a803 0000 | 0000 0000 | c5f8 7749 | 837f 0800 | 0f84 0500 | 0000 e9e1 | 3aff ff4c 
  0x0000017a708ad420: 8b6d c04c | 8b75 c84e | 8d74 f500 | c348 b9c0 | 2891 87fc | 7f00 0048 | 83e4 f048 | b830 9958 
  0x0000017a708ad440: 87fc 7f00 | 00ff d0f4 | 448b 5b28 | 41f6 c320 | 0f84 4401 | 0000 488d | 55a8 4c8b | 5a08 4d85 
  0x0000017a708ad460: db0f 85bb | 0000 00e8 | 0500 0000 | e996 0000 | 0048 8d44 | 2408 4c89 | 6dc0 498b | cfc5 f877 
  0x0000017a708ad480: 4989 afb0 | 0300 0049 | 8987 a003 | 0000 4883 | ec20 40f6 | c40f 0f84 | 1900 0000 | 4883 ec08 
  0x0000017a708ad4a0: 48b8 90eb | 3287 fc7f | 0000 ffd0 | 4883 c408 | e90c 0000 | 0048 b890 | eb32 87fc | 7f00 00ff 
  0x0000017a708ad4c0: d048 83c4 | 2049 c787 | a003 0000 | 0000 0000 | 49c7 87b0 | 0300 0000 | 0000 0049 | c787 a803 
  0x0000017a708ad4e0: 0000 0000 | 0000 c5f8 | 7749 837f | 0800 0f84 | 0500 0000 | e907 3aff | ff4c 8b6d | c04c 8b75 
  0x0000017a708ad500: c84e 8d74 | f500 c348 | b9c0 2891 | 87fc 7f00 | 0048 83e4 | f048 b830 | 9958 87fc | 7f00 00ff 
  0x0000017a708ad520: d0f4 4c89 | 6dc0 488d | 024c 8b4a | 0848 c742 | 0800 0000 | 004c 8b00 | 4d85 c00f | 840b 0000 
  0x0000017a708ad540: 00f0 4d0f | b101 0f85 | 0c00 0000 | 49ff 8f58 | 0500 00e9 | 3e00 0000 | 4c89 4a08 | 488b ca48 
  0x0000017a708ad560: 83ec 2040 | f6c4 0f0f | 8419 0000 | 0048 83ec | 0848 b820 | be32 87fc | 7f00 00ff | d048 83c4 
  0x0000017a708ad580: 08e9 0c00 | 0000 48b8 | 20be 3287 | fc7f 0000 | ffd0 4883 | c420 4c8b | 6dc0 49ba | 6c40 b987 
  0x0000017a708ad5a0: fc7f 0000 | 4180 3a00 | 0f84 3e00 | 0000 488b | 55e8 498b | cf48 83ec | 2040 f6c4 | 0f0f 8419 
  0x0000017a708ad5c0: 0000 0048 | 83ec 0848 | b880 b969 | 87fc 7f00 | 00ff d048 | 83c4 08e9 | 0c00 0000 | 48b8 80b9 
  0x0000017a708ad5e0: 6987 fc7f | 0000 ffd0 | 4883 c420 | 488b 0424 | 4883 c410 | c5fb 1004 | 2448 83c4 | 104c 8b5d 
  0x0000017a708ad600: 1841 ffd3 | 4c8b 5df8 | c95f 498b | e3ff e7ba | 0000 0000 | e805 0000 | 00e9 9600 | 0000 488d 
  0x0000017a708ad620: 4424 084c | 896d c049 | 8bcf c5f8 | 7749 89af | b003 0000 | 4989 87a0 | 0300 0048 | 83ec 2040 
  0x0000017a708ad640: f6c4 0f0f | 8419 0000 | 0048 83ec | 0848 b8e0 | b132 87fc | 7f00 00ff | d048 83c4 | 08e9 0c00 
  0x0000017a708ad660: 0000 48b8 | e0b1 3287 | fc7f 0000 | ffd0 4883 | c420 49c7 | 87a0 0300 | 0000 0000 | 0049 c787 
  0x0000017a708ad680: b003 0000 | 0000 0000 | 49c7 87a8 | 0300 0000 | 0000 00c5 | f877 4983 | 7f08 000f | 8405 0000 
  0x0000017a708ad6a0: 00e9 5a38 | ffff 4c8b | 6dc0 4c8b | 75c8 4e8d | 74f5 00c3 | 488b 5de8 | e95b f6ff | ff66 6690 
[/MachCode]

---------------  P R O C E S S  ---------------

Threads class SMR info:
_java_thread_list=0x0000017a56240570, length=14, elements={
0x0000017a5f62f670, 0x0000017a10924fa0, 0x0000017a10925a00, 0x0000017a1092dd90,
0x0000017a10931e90, 0x0000017a10955270, 0x0000017a10960210, 0x0000017a1096db00,
0x0000017a1096eaf0, 0x0000017a10a3acf0, 0x0000017a10960f30, 0x0000017a1095e7d0,
0x0000017a58ed0180, 0x0000017a58ecd8a0
}

Java Threads: ( => current thread )
=>0x0000017a5f62f670 JavaThread "main"                              [_thread_in_native, id=28676, stack(0x0000006e6c500000,0x0000006e6c600000) (1024K)]
  0x0000017a10924fa0 JavaThread "Reference Handler"          daemon [_thread_blocked, id=2440, stack(0x0000006e6cd00000,0x0000006e6ce00000) (1024K)]
  0x0000017a10925a00 JavaThread "Finalizer"                  daemon [_thread_blocked, id=28680, stack(0x0000006e6ce00000,0x0000006e6cf00000) (1024K)]
  0x0000017a1092dd90 JavaThread "Signal Dispatcher"          daemon [_thread_blocked, id=33988, stack(0x0000006e6cf00000,0x0000006e6d000000) (1024K)]
  0x0000017a10931e90 JavaThread "Attach Listener"            daemon [_thread_blocked, id=27768, stack(0x0000006e6d000000,0x0000006e6d100000) (1024K)]
  0x0000017a10955270 JavaThread "Service Thread"             daemon [_thread_blocked, id=36248, stack(0x0000006e6d100000,0x0000006e6d200000) (1024K)]
  0x0000017a10960210 JavaThread "Monitor Deflation Thread"   daemon [_thread_blocked, id=32024, stack(0x0000006e6d200000,0x0000006e6d300000) (1024K)]
  0x0000017a1096db00 JavaThread "C2 CompilerThread0"         daemon [_thread_blocked, id=26096, stack(0x0000006e6d300000,0x0000006e6d400000) (1024K)]
  0x0000017a1096eaf0 JavaThread "C1 CompilerThread0"         daemon [_thread_blocked, id=23104, stack(0x0000006e6d400000,0x0000006e6d500000) (1024K)]
  0x0000017a10a3acf0 JavaThread "C1 CompilerThread1"         daemon [_thread_blocked, id=2816, stack(0x0000006e6d500000,0x0000006e6d600000) (1024K)]
  0x0000017a10960f30 JavaThread "Notification Thread"        daemon [_thread_blocked, id=23756, stack(0x0000006e6d600000,0x0000006e6d700000) (1024K)]
  0x0000017a1095e7d0 JavaThread "Common-Cleaner"             daemon [_thread_blocked, id=33232, stack(0x0000006e6d700000,0x0000006e6d800000) (1024K)]
  0x0000017a58ed0180 JavaThread "C1 CompilerThread2"         daemon [_thread_blocked, id=33592, stack(0x0000006e6dd00000,0x0000006e6de00000) (1024K)]
  0x0000017a58ecd8a0 JavaThread "C1 CompilerThread3"         daemon [_thread_blocked, id=25240, stack(0x0000006e6de00000,0x0000006e6df00000) (1024K)]
Total: 14

Other Threads:
  0x0000017a7d8e5130 VMThread "VM Thread"                           [id=37492, stack(0x0000006e6cc00000,0x0000006e6cd00000) (1024K)]
  0x0000017a10910fa0 WatcherThread "VM Periodic Task Thread"        [id=26636, stack(0x0000006e6cb00000,0x0000006e6cc00000) (1024K)]
  0x0000017a5fb8d8f0 WorkerThread "GC Thread#0"                     [id=26472, stack(0x0000006e6c600000,0x0000006e6c700000) (1024K)]
  0x0000017a7d7306b0 ConcurrentGCThread "G1 Main Marker"            [id=30940, stack(0x0000006e6c700000,0x0000006e6c800000) (1024K)]
  0x0000017a5fb9e020 WorkerThread "G1 Conc#0"                       [id=31812, stack(0x0000006e6c800000,0x0000006e6c900000) (1024K)]
  0x0000017a7d80bfa0 ConcurrentGCThread "G1 Refine#0"               [id=16848, stack(0x0000006e6c900000,0x0000006e6ca00000) (1024K)]
  0x0000017a7d80d9d0 ConcurrentGCThread "G1 Service"                [id=25196, stack(0x0000006e6ca00000,0x0000006e6cb00000) (1024K)]
Total: 7

Threads with active compile tasks:
Total: 0

VM state: not at safepoint (normal execution)

VM Mutex/Monitor currently owned by a thread: None

Heap address: 0x0000000404000000, size: 16320 MB, Compressed Oops mode: Zero based, Oop shift amount: 3

CDS archive(s) mapped at: [0x0000017a11000000-0x0000017a11c60000-0x0000017a11c60000), size 12976128, SharedBaseAddress: 0x0000017a11000000, ArchiveRelocationMode: 1.
Compressed class space mapped at: 0x0000017a12000000-0x0000017a52000000, reserved size: 1073741824
Narrow klass base: 0x0000017a11000000, Narrow klass shift: 0, Narrow klass range: 0x41000000

GC Precious Log:
 CardTable entry size: 512
 Card Set container configuration: InlinePtr #cards 4 size 8 Array Of Cards #cards 64 size 144 Howl #buckets 8 coarsen threshold 14745 Howl Bitmap #cards 2048 size 272 coarsen threshold 1843 Card regions per heap region 1 cards per card region 16384
 CPUs: 20 total, 20 available
 Memory: 65259M
 Large Page Support: Disabled
 NUMA Support: Disabled
 Compressed Oops: Enabled (Zero based)
 Heap Region Size: 8M
 Heap Min Capacity: 8M
 Heap Initial Capacity: 1G
 Heap Max Capacity: 16320M
 Pre-touch: Disabled
 Parallel Workers: 15
 Concurrent Workers: 4
 Concurrent Refinement Workers: 15
 Periodic GC: Disabled

Heap:
 garbage-first heap   total reserved 16711680K, committed 1048576K, used 24576K [0x0000000404000000, 0x0000000800000000)
  region size 8192K, 4 young (32768K), 0 survivors (0K)
 Metaspace       used 7111K, committed 7296K, reserved 1114112K
  class space    used 388K, committed 448K, reserved 1048576K

Heap Regions: E=young(eden), S=young(survivor), O=old, HS=humongous(starts), HC=humongous(continues), CS=collection set, F=free, TAMS=top-at-mark-start, PB=parsable bottom
|   0|0x0000000404000000, 0x0000000404000000, 0x0000000404800000|  0%| F|  |TAMS 0x0000000404000000| PB 0x0000000404000000| Untracked |  0
|   1|0x0000000404800000, 0x0000000404800000, 0x0000000405000000|  0%| F|  |TAMS 0x0000000404800000| PB 0x0000000404800000| Untracked |  0
|   2|0x0000000405000000, 0x0000000405000000, 0x0000000405800000|  0%| F|  |TAMS 0x0000000405000000| PB 0x0000000405000000| Untracked |  0
|   3|0x0000000405800000, 0x0000000405800000, 0x0000000406000000|  0%| F|  |TAMS 0x0000000405800000| PB 0x0000000405800000| Untracked |  0
|   4|0x0000000406000000, 0x0000000406000000, 0x0000000406800000|  0%| F|  |TAMS 0x0000000406000000| PB 0x0000000406000000| Untracked |  0
|   5|0x0000000406800000, 0x0000000406800000, 0x0000000407000000|  0%| F|  |TAMS 0x0000000406800000| PB 0x0000000406800000| Untracked |  0
|   6|0x0000000407000000, 0x0000000407000000, 0x0000000407800000|  0%| F|  |TAMS 0x0000000407000000| PB 0x0000000407000000| Untracked |  0
|   7|0x0000000407800000, 0x0000000407800000, 0x0000000408000000|  0%| F|  |TAMS 0x0000000407800000| PB 0x0000000407800000| Untracked |  0
|   8|0x0000000408000000, 0x0000000408000000, 0x0000000408800000|  0%| F|  |TAMS 0x0000000408000000| PB 0x0000000408000000| Untracked |  0
|   9|0x0000000408800000, 0x0000000408800000, 0x0000000409000000|  0%| F|  |TAMS 0x0000000408800000| PB 0x0000000408800000| Untracked |  0
|  10|0x0000000409000000, 0x0000000409000000, 0x0000000409800000|  0%| F|  |TAMS 0x0000000409000000| PB 0x0000000409000000| Untracked |  0
|  11|0x0000000409800000, 0x0000000409800000, 0x000000040a000000|  0%| F|  |TAMS 0x0000000409800000| PB 0x0000000409800000| Untracked |  0
|  12|0x000000040a000000, 0x000000040a000000, 0x000000040a800000|  0%| F|  |TAMS 0x000000040a000000| PB 0x000000040a000000| Untracked |  0
|  13|0x000000040a800000, 0x000000040a800000, 0x000000040b000000|  0%| F|  |TAMS 0x000000040a800000| PB 0x000000040a800000| Untracked |  0
|  14|0x000000040b000000, 0x000000040b000000, 0x000000040b800000|  0%| F|  |TAMS 0x000000040b000000| PB 0x000000040b000000| Untracked |  0
|  15|0x000000040b800000, 0x000000040b800000, 0x000000040c000000|  0%| F|  |TAMS 0x000000040b800000| PB 0x000000040b800000| Untracked |  0
|  16|0x000000040c000000, 0x000000040c000000, 0x000000040c800000|  0%| F|  |TAMS 0x000000040c000000| PB 0x000000040c000000| Untracked |  0
|  17|0x000000040c800000, 0x000000040c800000, 0x000000040d000000|  0%| F|  |TAMS 0x000000040c800000| PB 0x000000040c800000| Untracked |  0
|  18|0x000000040d000000, 0x000000040d000000, 0x000000040d800000|  0%| F|  |TAMS 0x000000040d000000| PB 0x000000040d000000| Untracked |  0
|  19|0x000000040d800000, 0x000000040d800000, 0x000000040e000000|  0%| F|  |TAMS 0x000000040d800000| PB 0x000000040d800000| Untracked |  0
|  20|0x000000040e000000, 0x000000040e000000, 0x000000040e800000|  0%| F|  |TAMS 0x000000040e000000| PB 0x000000040e000000| Untracked |  0
|  21|0x000000040e800000, 0x000000040e800000, 0x000000040f000000|  0%| F|  |TAMS 0x000000040e800000| PB 0x000000040e800000| Untracked |  0
|  22|0x000000040f000000, 0x000000040f000000, 0x000000040f800000|  0%| F|  |TAMS 0x000000040f000000| PB 0x000000040f000000| Untracked |  0
|  23|0x000000040f800000, 0x000000040f800000, 0x0000000410000000|  0%| F|  |TAMS 0x000000040f800000| PB 0x000000040f800000| Untracked |  0
|  24|0x0000000410000000, 0x0000000410000000, 0x0000000410800000|  0%| F|  |TAMS 0x0000000410000000| PB 0x0000000410000000| Untracked |  0
|  25|0x0000000410800000, 0x0000000410800000, 0x0000000411000000|  0%| F|  |TAMS 0x0000000410800000| PB 0x0000000410800000| Untracked |  0
|  26|0x0000000411000000, 0x0000000411000000, 0x0000000411800000|  0%| F|  |TAMS 0x0000000411000000| PB 0x0000000411000000| Untracked |  0
|  27|0x0000000411800000, 0x0000000411800000, 0x0000000412000000|  0%| F|  |TAMS 0x0000000411800000| PB 0x0000000411800000| Untracked |  0
|  28|0x0000000412000000, 0x0000000412000000, 0x0000000412800000|  0%| F|  |TAMS 0x0000000412000000| PB 0x0000000412000000| Untracked |  0
|  29|0x0000000412800000, 0x0000000412800000, 0x0000000413000000|  0%| F|  |TAMS 0x0000000412800000| PB 0x0000000412800000| Untracked |  0
|  30|0x0000000413000000, 0x0000000413000000, 0x0000000413800000|  0%| F|  |TAMS 0x0000000413000000| PB 0x0000000413000000| Untracked |  0
|  31|0x0000000413800000, 0x0000000413800000, 0x0000000414000000|  0%| F|  |TAMS 0x0000000413800000| PB 0x0000000413800000| Untracked |  0
|  32|0x0000000414000000, 0x0000000414000000, 0x0000000414800000|  0%| F|  |TAMS 0x0000000414000000| PB 0x0000000414000000| Untracked |  0
|  33|0x0000000414800000, 0x0000000414800000, 0x0000000415000000|  0%| F|  |TAMS 0x0000000414800000| PB 0x0000000414800000| Untracked |  0
|  34|0x0000000415000000, 0x0000000415000000, 0x0000000415800000|  0%| F|  |TAMS 0x0000000415000000| PB 0x0000000415000000| Untracked |  0
|  35|0x0000000415800000, 0x0000000415800000, 0x0000000416000000|  0%| F|  |TAMS 0x0000000415800000| PB 0x0000000415800000| Untracked |  0
|  36|0x0000000416000000, 0x0000000416000000, 0x0000000416800000|  0%| F|  |TAMS 0x0000000416000000| PB 0x0000000416000000| Untracked |  0
|  37|0x0000000416800000, 0x0000000416800000, 0x0000000417000000|  0%| F|  |TAMS 0x0000000416800000| PB 0x0000000416800000| Untracked |  0
|  38|0x0000000417000000, 0x0000000417000000, 0x0000000417800000|  0%| F|  |TAMS 0x0000000417000000| PB 0x0000000417000000| Untracked |  0
|  39|0x0000000417800000, 0x0000000417800000, 0x0000000418000000|  0%| F|  |TAMS 0x0000000417800000| PB 0x0000000417800000| Untracked |  0
|  40|0x0000000418000000, 0x0000000418000000, 0x0000000418800000|  0%| F|  |TAMS 0x0000000418000000| PB 0x0000000418000000| Untracked |  0
|  41|0x0000000418800000, 0x0000000418800000, 0x0000000419000000|  0%| F|  |TAMS 0x0000000418800000| PB 0x0000000418800000| Untracked |  0
|  42|0x0000000419000000, 0x0000000419000000, 0x0000000419800000|  0%| F|  |TAMS 0x0000000419000000| PB 0x0000000419000000| Untracked |  0
|  43|0x0000000419800000, 0x0000000419800000, 0x000000041a000000|  0%| F|  |TAMS 0x0000000419800000| PB 0x0000000419800000| Untracked |  0
|  44|0x000000041a000000, 0x000000041a000000, 0x000000041a800000|  0%| F|  |TAMS 0x000000041a000000| PB 0x000000041a000000| Untracked |  0
|  45|0x000000041a800000, 0x000000041a800000, 0x000000041b000000|  0%| F|  |TAMS 0x000000041a800000| PB 0x000000041a800000| Untracked |  0
|  46|0x000000041b000000, 0x000000041b000000, 0x000000041b800000|  0%| F|  |TAMS 0x000000041b000000| PB 0x000000041b000000| Untracked |  0
|  47|0x000000041b800000, 0x000000041b800000, 0x000000041c000000|  0%| F|  |TAMS 0x000000041b800000| PB 0x000000041b800000| Untracked |  0
|  48|0x000000041c000000, 0x000000041c000000, 0x000000041c800000|  0%| F|  |TAMS 0x000000041c000000| PB 0x000000041c000000| Untracked |  0
|  49|0x000000041c800000, 0x000000041c800000, 0x000000041d000000|  0%| F|  |TAMS 0x000000041c800000| PB 0x000000041c800000| Untracked |  0
|  50|0x000000041d000000, 0x000000041d000000, 0x000000041d800000|  0%| F|  |TAMS 0x000000041d000000| PB 0x000000041d000000| Untracked |  0
|  51|0x000000041d800000, 0x000000041d800000, 0x000000041e000000|  0%| F|  |TAMS 0x000000041d800000| PB 0x000000041d800000| Untracked |  0
|  52|0x000000041e000000, 0x000000041e000000, 0x000000041e800000|  0%| F|  |TAMS 0x000000041e000000| PB 0x000000041e000000| Untracked |  0
|  53|0x000000041e800000, 0x000000041e800000, 0x000000041f000000|  0%| F|  |TAMS 0x000000041e800000| PB 0x000000041e800000| Untracked |  0
|  54|0x000000041f000000, 0x000000041f000000, 0x000000041f800000|  0%| F|  |TAMS 0x000000041f000000| PB 0x000000041f000000| Untracked |  0
|  55|0x000000041f800000, 0x000000041f800000, 0x0000000420000000|  0%| F|  |TAMS 0x000000041f800000| PB 0x000000041f800000| Untracked |  0
|  56|0x0000000420000000, 0x0000000420000000, 0x0000000420800000|  0%| F|  |TAMS 0x0000000420000000| PB 0x0000000420000000| Untracked |  0
|  57|0x0000000420800000, 0x0000000420800000, 0x0000000421000000|  0%| F|  |TAMS 0x0000000420800000| PB 0x0000000420800000| Untracked |  0
|  58|0x0000000421000000, 0x0000000421000000, 0x0000000421800000|  0%| F|  |TAMS 0x0000000421000000| PB 0x0000000421000000| Untracked |  0
|  59|0x0000000421800000, 0x0000000421800000, 0x0000000422000000|  0%| F|  |TAMS 0x0000000421800000| PB 0x0000000421800000| Untracked |  0
|  60|0x0000000422000000, 0x0000000422000000, 0x0000000422800000|  0%| F|  |TAMS 0x0000000422000000| PB 0x0000000422000000| Untracked |  0
|  61|0x0000000422800000, 0x0000000422800000, 0x0000000423000000|  0%| F|  |TAMS 0x0000000422800000| PB 0x0000000422800000| Untracked |  0
|  62|0x0000000423000000, 0x0000000423000000, 0x0000000423800000|  0%| F|  |TAMS 0x0000000423000000| PB 0x0000000423000000| Untracked |  0
|  63|0x0000000423800000, 0x0000000423800000, 0x0000000424000000|  0%| F|  |TAMS 0x0000000423800000| PB 0x0000000423800000| Untracked |  0
|  64|0x0000000424000000, 0x0000000424000000, 0x0000000424800000|  0%| F|  |TAMS 0x0000000424000000| PB 0x0000000424000000| Untracked |  0
|  65|0x0000000424800000, 0x0000000424800000, 0x0000000425000000|  0%| F|  |TAMS 0x0000000424800000| PB 0x0000000424800000| Untracked |  0
|  66|0x0000000425000000, 0x0000000425000000, 0x0000000425800000|  0%| F|  |TAMS 0x0000000425000000| PB 0x0000000425000000| Untracked |  0
|  67|0x0000000425800000, 0x0000000425800000, 0x0000000426000000|  0%| F|  |TAMS 0x0000000425800000| PB 0x0000000425800000| Untracked |  0
|  68|0x0000000426000000, 0x0000000426000000, 0x0000000426800000|  0%| F|  |TAMS 0x0000000426000000| PB 0x0000000426000000| Untracked |  0
|  69|0x0000000426800000, 0x0000000426800000, 0x0000000427000000|  0%| F|  |TAMS 0x0000000426800000| PB 0x0000000426800000| Untracked |  0
|  70|0x0000000427000000, 0x0000000427000000, 0x0000000427800000|  0%| F|  |TAMS 0x0000000427000000| PB 0x0000000427000000| Untracked |  0
|  71|0x0000000427800000, 0x0000000427800000, 0x0000000428000000|  0%| F|  |TAMS 0x0000000427800000| PB 0x0000000427800000| Untracked |  0
|  72|0x0000000428000000, 0x0000000428000000, 0x0000000428800000|  0%| F|  |TAMS 0x0000000428000000| PB 0x0000000428000000| Untracked |  0
|  73|0x0000000428800000, 0x0000000428800000, 0x0000000429000000|  0%| F|  |TAMS 0x0000000428800000| PB 0x0000000428800000| Untracked |  0
|  74|0x0000000429000000, 0x0000000429000000, 0x0000000429800000|  0%| F|  |TAMS 0x0000000429000000| PB 0x0000000429000000| Untracked |  0
|  75|0x0000000429800000, 0x0000000429800000, 0x000000042a000000|  0%| F|  |TAMS 0x0000000429800000| PB 0x0000000429800000| Untracked |  0
|  76|0x000000042a000000, 0x000000042a000000, 0x000000042a800000|  0%| F|  |TAMS 0x000000042a000000| PB 0x000000042a000000| Untracked |  0
|  77|0x000000042a800000, 0x000000042a800000, 0x000000042b000000|  0%| F|  |TAMS 0x000000042a800000| PB 0x000000042a800000| Untracked |  0
|  78|0x000000042b000000, 0x000000042b000000, 0x000000042b800000|  0%| F|  |TAMS 0x000000042b000000| PB 0x000000042b000000| Untracked |  0
|  79|0x000000042b800000, 0x000000042b800000, 0x000000042c000000|  0%| F|  |TAMS 0x000000042b800000| PB 0x000000042b800000| Untracked |  0
|  80|0x000000042c000000, 0x000000042c000000, 0x000000042c800000|  0%| F|  |TAMS 0x000000042c000000| PB 0x000000042c000000| Untracked |  0
|  81|0x000000042c800000, 0x000000042c800000, 0x000000042d000000|  0%| F|  |TAMS 0x000000042c800000| PB 0x000000042c800000| Untracked |  0
|  82|0x000000042d000000, 0x000000042d000000, 0x000000042d800000|  0%| F|  |TAMS 0x000000042d000000| PB 0x000000042d000000| Untracked |  0
|  83|0x000000042d800000, 0x000000042d800000, 0x000000042e000000|  0%| F|  |TAMS 0x000000042d800000| PB 0x000000042d800000| Untracked |  0
|  84|0x000000042e000000, 0x000000042e000000, 0x000000042e800000|  0%| F|  |TAMS 0x000000042e000000| PB 0x000000042e000000| Untracked |  0
|  85|0x000000042e800000, 0x000000042e800000, 0x000000042f000000|  0%| F|  |TAMS 0x000000042e800000| PB 0x000000042e800000| Untracked |  0
|  86|0x000000042f000000, 0x000000042f000000, 0x000000042f800000|  0%| F|  |TAMS 0x000000042f000000| PB 0x000000042f000000| Untracked |  0
|  87|0x000000042f800000, 0x000000042f800000, 0x0000000430000000|  0%| F|  |TAMS 0x000000042f800000| PB 0x000000042f800000| Untracked |  0
|  88|0x0000000430000000, 0x0000000430000000, 0x0000000430800000|  0%| F|  |TAMS 0x0000000430000000| PB 0x0000000430000000| Untracked |  0
|  89|0x0000000430800000, 0x0000000430800000, 0x0000000431000000|  0%| F|  |TAMS 0x0000000430800000| PB 0x0000000430800000| Untracked |  0
|  90|0x0000000431000000, 0x0000000431000000, 0x0000000431800000|  0%| F|  |TAMS 0x0000000431000000| PB 0x0000000431000000| Untracked |  0
|  91|0x0000000431800000, 0x0000000431800000, 0x0000000432000000|  0%| F|  |TAMS 0x0000000431800000| PB 0x0000000431800000| Untracked |  0
|  92|0x0000000432000000, 0x0000000432000000, 0x0000000432800000|  0%| F|  |TAMS 0x0000000432000000| PB 0x0000000432000000| Untracked |  0
|  93|0x0000000432800000, 0x0000000432800000, 0x0000000433000000|  0%| F|  |TAMS 0x0000000432800000| PB 0x0000000432800000| Untracked |  0
|  94|0x0000000433000000, 0x0000000433000000, 0x0000000433800000|  0%| F|  |TAMS 0x0000000433000000| PB 0x0000000433000000| Untracked |  0
|  95|0x0000000433800000, 0x0000000433800000, 0x0000000434000000|  0%| F|  |TAMS 0x0000000433800000| PB 0x0000000433800000| Untracked |  0
|  96|0x0000000434000000, 0x0000000434000000, 0x0000000434800000|  0%| F|  |TAMS 0x0000000434000000| PB 0x0000000434000000| Untracked |  0
|  97|0x0000000434800000, 0x0000000434800000, 0x0000000435000000|  0%| F|  |TAMS 0x0000000434800000| PB 0x0000000434800000| Untracked |  0
|  98|0x0000000435000000, 0x0000000435000000, 0x0000000435800000|  0%| F|  |TAMS 0x0000000435000000| PB 0x0000000435000000| Untracked |  0
|  99|0x0000000435800000, 0x0000000435800000, 0x0000000436000000|  0%| F|  |TAMS 0x0000000435800000| PB 0x0000000435800000| Untracked |  0
| 100|0x0000000436000000, 0x0000000436000000, 0x0000000436800000|  0%| F|  |TAMS 0x0000000436000000| PB 0x0000000436000000| Untracked |  0
| 101|0x0000000436800000, 0x0000000436800000, 0x0000000437000000|  0%| F|  |TAMS 0x0000000436800000| PB 0x0000000436800000| Untracked |  0
| 102|0x0000000437000000, 0x0000000437000000, 0x0000000437800000|  0%| F|  |TAMS 0x0000000437000000| PB 0x0000000437000000| Untracked |  0
| 103|0x0000000437800000, 0x0000000437800000, 0x0000000438000000|  0%| F|  |TAMS 0x0000000437800000| PB 0x0000000437800000| Untracked |  0
| 104|0x0000000438000000, 0x0000000438000000, 0x0000000438800000|  0%| F|  |TAMS 0x0000000438000000| PB 0x0000000438000000| Untracked |  0
| 105|0x0000000438800000, 0x0000000438800000, 0x0000000439000000|  0%| F|  |TAMS 0x0000000438800000| PB 0x0000000438800000| Untracked |  0
| 106|0x0000000439000000, 0x0000000439000000, 0x0000000439800000|  0%| F|  |TAMS 0x0000000439000000| PB 0x0000000439000000| Untracked |  0
| 107|0x0000000439800000, 0x0000000439800000, 0x000000043a000000|  0%| F|  |TAMS 0x0000000439800000| PB 0x0000000439800000| Untracked |  0
| 108|0x000000043a000000, 0x000000043a000000, 0x000000043a800000|  0%| F|  |TAMS 0x000000043a000000| PB 0x000000043a000000| Untracked |  0
| 109|0x000000043a800000, 0x000000043a800000, 0x000000043b000000|  0%| F|  |TAMS 0x000000043a800000| PB 0x000000043a800000| Untracked |  0
| 110|0x000000043b000000, 0x000000043b000000, 0x000000043b800000|  0%| F|  |TAMS 0x000000043b000000| PB 0x000000043b000000| Untracked |  0
| 111|0x000000043b800000, 0x000000043b800000, 0x000000043c000000|  0%| F|  |TAMS 0x000000043b800000| PB 0x000000043b800000| Untracked |  0
| 112|0x000000043c000000, 0x000000043c000000, 0x000000043c800000|  0%| F|  |TAMS 0x000000043c000000| PB 0x000000043c000000| Untracked |  0
| 113|0x000000043c800000, 0x000000043c800000, 0x000000043d000000|  0%| F|  |TAMS 0x000000043c800000| PB 0x000000043c800000| Untracked |  0
| 114|0x000000043d000000, 0x000000043d000000, 0x000000043d800000|  0%| F|  |TAMS 0x000000043d000000| PB 0x000000043d000000| Untracked |  0
| 115|0x000000043d800000, 0x000000043d800000, 0x000000043e000000|  0%| F|  |TAMS 0x000000043d800000| PB 0x000000043d800000| Untracked |  0
| 116|0x000000043e000000, 0x000000043e000000, 0x000000043e800000|  0%| F|  |TAMS 0x000000043e000000| PB 0x000000043e000000| Untracked |  0
| 117|0x000000043e800000, 0x000000043e800000, 0x000000043f000000|  0%| F|  |TAMS 0x000000043e800000| PB 0x000000043e800000| Untracked |  0
| 118|0x000000043f000000, 0x000000043f000000, 0x000000043f800000|  0%| F|  |TAMS 0x000000043f000000| PB 0x000000043f000000| Untracked |  0
| 119|0x000000043f800000, 0x000000043f800000, 0x0000000440000000|  0%| F|  |TAMS 0x000000043f800000| PB 0x000000043f800000| Untracked |  0
| 120|0x0000000440000000, 0x0000000440000000, 0x0000000440800000|  0%| F|  |TAMS 0x0000000440000000| PB 0x0000000440000000| Untracked |  0
| 121|0x0000000440800000, 0x0000000440800000, 0x0000000441000000|  0%| F|  |TAMS 0x0000000440800000| PB 0x0000000440800000| Untracked |  0
| 122|0x0000000441000000, 0x0000000441000000, 0x0000000441800000|  0%| F|  |TAMS 0x0000000441000000| PB 0x0000000441000000| Untracked |  0
| 123|0x0000000441800000, 0x0000000441800000, 0x0000000442000000|  0%| F|  |TAMS 0x0000000441800000| PB 0x0000000441800000| Untracked |  0
| 124|0x0000000442000000, 0x00000004421f1050, 0x0000000442800000| 24%| E|  |TAMS 0x0000000442000000| PB 0x0000000442000000| Complete |  0
| 125|0x0000000442800000, 0x0000000443000000, 0x0000000443000000|100%| E|CS|TAMS 0x0000000442800000| PB 0x0000000442800000| Complete |  0
| 126|0x0000000443000000, 0x0000000443800000, 0x0000000443800000|100%| E|CS|TAMS 0x0000000443000000| PB 0x0000000443000000| Complete |  0
| 127|0x0000000443800000, 0x0000000444000000, 0x0000000444000000|100%| E|CS|TAMS 0x0000000443800000| PB 0x0000000443800000| Complete |  0

Card table byte_map: [0x0000017a7b600000,0x0000017a7d5e0000] _byte_map_base: 0x0000017a795e0000

Marking Bits: (CMBitMap*) 0x0000017a7d72fe00
 Bits: [0x0000017a00000000, 0x0000017a0ff00000)

Polling page: 0x0000017a5f5b0000

Metaspace:

Usage:
  Non-class:      6.57 MB used.
      Class:    388.94 KB used.
       Both:      6.94 MB used.

Virtual space:
  Non-class space:       64.00 MB reserved,       6.69 MB ( 10%) committed,  1 nodes.
      Class space:        1.00 GB reserved,     448.00 KB ( <1%) committed,  1 nodes.
             Both:        1.06 GB reserved,       7.12 MB ( <1%) committed. 

Chunk freelists:
   Non-Class:  7.11 MB
       Class:  15.44 MB
        Both:  22.55 MB

MaxMetaspaceSize: unlimited
CompressedClassSpaceSize: 1.00 GB
Initial GC threshold: 21.00 MB
Current GC threshold: 21.00 MB
CDS: on
 - commit_granule_bytes: 65536.
 - commit_granule_words: 8192.
 - virtual_space_node_default_size: 8388608.
 - enlarge_chunks_in_place: 1.
 - use_allocation_guard: 0.


Internal statistics:

num_allocs_failed_limit: 0.
num_arena_births: 98.
num_arena_deaths: 0.
num_vsnodes_births: 2.
num_vsnodes_deaths: 0.
num_space_committed: 113.
num_space_uncommitted: 0.
num_chunks_returned_to_freelist: 0.
num_chunks_taken_from_freelist: 313.
num_chunk_merges: 0.
num_chunk_splits: 222.
num_chunks_enlarged: 174.
num_inconsistent_stats: 0.

CodeHeap 'non-profiled nmethods': size=119168Kb used=343Kb max_used=343Kb free=118824Kb
 bounds [0x0000017a70ff0000, 0x0000017a71260000, 0x0000017a78450000]
CodeHeap 'profiled nmethods': size=119104Kb used=2021Kb max_used=2021Kb free=117082Kb
 bounds [0x0000017a69450000, 0x0000017a696c0000, 0x0000017a708a0000]
CodeHeap 'non-nmethods': size=7488Kb used=3956Kb max_used=3956Kb free=3531Kb
 bounds [0x0000017a708a0000, 0x0000017a70c80000, 0x0000017a70ff0000]
 total_blobs=2372 nmethods=1163 adapters=1111
 compilation: enabled
              stopped_count=0, restarted_count=0
 full_count=0

Compilation events (20 events):
Event: 1.693 Thread 0x0000017a1096db00 1154       4       sun.nio.fs.WindowsPathParser::isInvalidPathChar (22 bytes)
Event: 1.693 Thread 0x0000017a58ed0180 1155       1       sun.nio.fs.NativeBuffer::size (5 bytes)
Event: 1.693 Thread 0x0000017a58ed0180 nmethod 1155 0x0000017a71045190 code [0x0000017a71045320, 0x0000017a710453e8]
Event: 1.694 Thread 0x0000017a1096db00 nmethod 1154 0x0000017a71045490 code [0x0000017a71045620, 0x0000017a710457b8]
Event: 1.698 Thread 0x0000017a58ed0180 1156       3       jdk.internal.loader.URLClassPath$JarLoader::findResource (18 bytes)
Event: 1.699 Thread 0x0000017a58ed0180 nmethod 1156 0x0000017a69646e90 code [0x0000017a69647060, 0x0000017a696472e0]
Event: 1.701 Thread 0x0000017a58ed0180 1157       3       jdk.internal.loader.URLClassPath$JarLoader$2::getBytes (48 bytes)
Event: 1.701 Thread 0x0000017a1096eaf0 1158       3       jdk.internal.loader.URLClassPath$JarLoader$2::getContentLength (9 bytes)
Event: 1.702 Thread 0x0000017a10a3acf0 1159       3       jdk.internal.loader.URLClassPath$JarLoader$2::getCodeSigners (8 bytes)
Event: 1.702 Thread 0x0000017a58ecd8a0 1160   !   3       java.util.jar.JarFile$JarFileEntry::getCodeSigners (77 bytes)
Event: 1.702 Thread 0x0000017a10a3acf0 nmethod 1159 0x0000017a69647410 code [0x0000017a696475c0, 0x0000017a696477a0]
Event: 1.702 Thread 0x0000017a1096eaf0 nmethod 1158 0x0000017a69647890 code [0x0000017a69647a20, 0x0000017a69647bd8]
Event: 1.703 Thread 0x0000017a58ed0180 nmethod 1157 0x0000017a69647c90 code [0x0000017a69647e80, 0x0000017a696484c0]
Event: 1.703 Thread 0x0000017a58ecd8a0 nmethod 1160 0x0000017a69648710 code [0x0000017a69648920, 0x0000017a69648e78]
Event: 1.708 Thread 0x0000017a58ecd8a0 1161       3       org.joml.Vector2f::<init> (15 bytes)
Event: 1.708 Thread 0x0000017a10a3acf0 1162       1       ch.noseryoung.renderer.Texture::getWidth (5 bytes)
Event: 1.708 Thread 0x0000017a58ed0180 1163       1       ch.noseryoung.renderer.Texture::getHeight (5 bytes)
Event: 1.708 Thread 0x0000017a10a3acf0 nmethod 1162 0x0000017a71045910 code [0x0000017a71045aa0, 0x0000017a71045b68]
Event: 1.708 Thread 0x0000017a58ed0180 nmethod 1163 0x0000017a71045c10 code [0x0000017a71045da0, 0x0000017a71045e68]
Event: 1.708 Thread 0x0000017a58ecd8a0 nmethod 1161 0x0000017a69649090 code [0x0000017a69649220, 0x0000017a69649390]

GC Heap History (0 events):
No events

Dll operation events (11 events):
Event: 0.012 Loaded shared library C:\Program Files\Java\jdk-22\bin\java.dll
Event: 0.049 Loaded shared library C:\Program Files\Java\jdk-22\bin\jsvml.dll
Event: 0.098 Loaded shared library C:\Program Files\Java\jdk-22\bin\net.dll
Event: 0.101 Loaded shared library C:\Program Files\Java\jdk-22\bin\nio.dll
Event: 0.104 Loaded shared library C:\Program Files\Java\jdk-22\bin\zip.dll
Event: 0.149 Loaded shared library C:\Program Files\Java\jdk-22\bin\jimage.dll
Event: 0.236 Loaded shared library C:\Users\lukag\AppData\Local\Temp\lwjgllukag\3.2.3-build-13\lwjgl.dll
Event: 0.722 Loaded shared library C:\Users\lukag\AppData\Local\Temp\lwjgllukag\3.2.3-build-13\lwjgl_opengl.dll
Event: 1.520 Loaded shared library C:\Users\lukag\AppData\Local\Temp\imgui-java-natives_1753091608407\imgui-java64.dll
Event: 1.698 Loaded shared library C:\Users\lukag\AppData\Local\Temp\lwjgllukag\3.2.3-build-13\lwjgl_stb.dll
Event: 1.704 Loaded shared library C:\Program Files\Java\jdk-22\bin\verify.dll

Deoptimization events (20 events):
Event: 1.465 Thread 0x0000017a5f62f670 Uncommon trap: trap_request=0xffffff45 fr.pc=0x0000017a71025ef4 relative=0x0000000000001014
Event: 1.465 Thread 0x0000017a5f62f670 Uncommon trap: reason=unstable_if action=reinterpret pc=0x0000017a71025ef4 method=java.util.HashMap.putVal(ILjava/lang/Object;Ljava/lang/Object;ZZ)Ljava/lang/Object; @ 69 c2
Event: 1.465 Thread 0x0000017a5f62f670 DEOPT PACKING pc=0x0000017a71025ef4 sp=0x0000006e6c5fe7a0
Event: 1.465 Thread 0x0000017a5f62f670 DEOPT UNPACKING pc=0x0000017a708f46a2 sp=0x0000006e6c5fe740 mode 2
Event: 1.570 Thread 0x0000017a5f62f670 Uncommon trap: trap_request=0xffffffde fr.pc=0x0000017a71021958 relative=0x00000000000002f8
Event: 1.570 Thread 0x0000017a5f62f670 Uncommon trap: reason=class_check action=maybe_recompile pc=0x0000017a71021958 method=java.util.regex.Pattern$BmpCharPropertyGreedy.match(Ljava/util/regex/Matcher;ILjava/lang/CharSequence;)Z @ 26 c2
Event: 1.570 Thread 0x0000017a5f62f670 DEOPT PACKING pc=0x0000017a71021958 sp=0x0000006e6c5ff330
Event: 1.570 Thread 0x0000017a5f62f670 DEOPT UNPACKING pc=0x0000017a708f46a2 sp=0x0000006e6c5ff2c8 mode 2
Event: 1.570 Thread 0x0000017a5f62f670 Uncommon trap: trap_request=0xffffffde fr.pc=0x0000017a71021958 relative=0x00000000000002f8
Event: 1.570 Thread 0x0000017a5f62f670 Uncommon trap: reason=class_check action=maybe_recompile pc=0x0000017a71021958 method=java.util.regex.Pattern$BmpCharPropertyGreedy.match(Ljava/util/regex/Matcher;ILjava/lang/CharSequence;)Z @ 26 c2
Event: 1.570 Thread 0x0000017a5f62f670 DEOPT PACKING pc=0x0000017a71021958 sp=0x0000006e6c5ff330
Event: 1.570 Thread 0x0000017a5f62f670 DEOPT UNPACKING pc=0x0000017a708f46a2 sp=0x0000006e6c5ff2c8 mode 2
Event: 1.570 Thread 0x0000017a5f62f670 Uncommon trap: trap_request=0xffffffde fr.pc=0x0000017a71021958 relative=0x00000000000002f8
Event: 1.570 Thread 0x0000017a5f62f670 Uncommon trap: reason=class_check action=maybe_recompile pc=0x0000017a71021958 method=java.util.regex.Pattern$BmpCharPropertyGreedy.match(Ljava/util/regex/Matcher;ILjava/lang/CharSequence;)Z @ 26 c2
Event: 1.570 Thread 0x0000017a5f62f670 DEOPT PACKING pc=0x0000017a71021958 sp=0x0000006e6c5ff330
Event: 1.570 Thread 0x0000017a5f62f670 DEOPT UNPACKING pc=0x0000017a708f46a2 sp=0x0000006e6c5ff2c8 mode 2
Event: 1.570 Thread 0x0000017a5f62f670 Uncommon trap: trap_request=0xffffffde fr.pc=0x0000017a71021958 relative=0x00000000000002f8
Event: 1.570 Thread 0x0000017a5f62f670 Uncommon trap: reason=class_check action=maybe_recompile pc=0x0000017a71021958 method=java.util.regex.Pattern$BmpCharPropertyGreedy.match(Ljava/util/regex/Matcher;ILjava/lang/CharSequence;)Z @ 26 c2
Event: 1.570 Thread 0x0000017a5f62f670 DEOPT PACKING pc=0x0000017a71021958 sp=0x0000006e6c5ff330
Event: 1.570 Thread 0x0000017a5f62f670 DEOPT UNPACKING pc=0x0000017a708f46a2 sp=0x0000006e6c5ff2c8 mode 2

Classes loaded (20 events):
Event: 1.644 Loading class java/util/BitSet
Event: 1.644 Loading class java/util/BitSet done
Event: 1.645 Loading class java/util/concurrent/atomic/AtomicBoolean
Event: 1.645 Loading class java/util/concurrent/atomic/AtomicBoolean done
Event: 1.646 Loading class java/util/concurrent/atomic/AtomicIntegerArray
Event: 1.646 Loading class java/util/concurrent/atomic/AtomicIntegerArray done
Event: 1.648 Loading class java/util/UUID
Event: 1.648 Loading class java/util/UUID done
Event: 1.649 Loading class java/util/Currency
Event: 1.649 Loading class java/util/Currency done
Event: 1.653 Loading class java/util/concurrent/atomic/AtomicLongArray
Event: 1.653 Loading class java/util/concurrent/atomic/AtomicLongArray done
Event: 1.670 Loading class java/util/regex/Pattern$Pos
Event: 1.670 Loading class java/util/regex/Pattern$Pos done
Event: 1.670 Loading class java/util/regex/Pattern$BnM
Event: 1.670 Loading class java/util/regex/Pattern$BnM done
Event: 1.670 Loading class java/util/regex/Pattern$SliceS
Event: 1.670 Loading class java/util/regex/Pattern$SliceS done
Event: 1.701 Loading class java/io/Externalizable
Event: 1.701 Loading class java/io/Externalizable done

Classes unloaded (0 events):
No events

Classes redefined (0 events):
No events

Internal exceptions (20 events):
Event: 0.292 Thread 0x0000017a5f62f670 Exception <a 'sun/nio/fs/WindowsException'{0x000000044309a158}> (0x000000044309a158) 
thrown [s\open\src\hotspot\share\prims\jni.cpp, line 520]
Event: 0.292 Thread 0x0000017a5f62f670 Exception <a 'sun/nio/fs/WindowsException'{0x000000044309a4c8}> (0x000000044309a4c8) 
thrown [s\open\src\hotspot\share\prims\jni.cpp, line 520]
Event: 0.302 Thread 0x0000017a5f62f670 Exception <a 'java/lang/NoSuchMethodError'{0x00000004430ac9c0}: 'int java.lang.invoke.Invokers$Holder.invokeExact_MT(java.lang.Object, java.lang.Object)'> (0x00000004430ac9c0) 
thrown [s\open\src\hotspot\share\interpreter\linkResolver.cpp, line 774]
Event: 0.626 Thread 0x0000017a5f62f670 Exception <a 'java/lang/NoSuchMethodError'{0x000000044310bdf0}: 'void java.lang.invoke.DirectMethodHandle$Holder.invokeStaticInit(java.lang.Object, long, double, double)'> (0x000000044310bdf0) 
thrown [s\open\src\hotspot\share\interpreter\linkResolver.cpp, line 774]
Event: 0.629 Thread 0x0000017a5f62f670 Exception <a 'java/lang/NoSuchMethodError'{0x000000044311a8f8}: 'void java.lang.invoke.DirectMethodHandle$Holder.invokeStaticInit(java.lang.Object, long, int, int, int)'> (0x000000044311a8f8) 
thrown [s\open\src\hotspot\share\interpreter\linkResolver.cpp, line 774]
Event: 0.637 Thread 0x0000017a5f62f670 Exception <a 'java/lang/NoSuchMethodError'{0x0000000443132af8}: 'void java.lang.invoke.DirectMethodHandle$Holder.invokeStaticInit(java.lang.Object, long, int, int, int, int)'> (0x0000000443132af8) 
thrown [s\open\src\hotspot\share\interpreter\linkResolver.cpp, line 774]
Event: 0.639 Thread 0x0000017a5f62f670 Exception <a 'java/lang/NoSuchMethodError'{0x000000044313e258}: 'void java.lang.invoke.DirectMethodHandle$Holder.invokeStatic(java.lang.Object, long, int, int)'> (0x000000044313e258) 
thrown [s\open\src\hotspot\share\interpreter\linkResolver.cpp, line 774]
Event: 0.704 Thread 0x0000017a5f62f670 Exception <a 'java/lang/NoSuchMethodError'{0x0000000443162eb0}: 'void java.lang.System.load(java.lang.String, java.lang.Class)'> (0x0000000443162eb0) 
thrown [s\open\src\hotspot\share\interpreter\linkResolver.cpp, line 774]
Event: 0.705 Thread 0x0000017a5f62f670 Exception <a 'java/lang/NoSuchMethodError'{0x0000000443165900}: 'void java.lang.System.loadLibrary(java.lang.String, java.lang.Class)'> (0x0000000443165900) 
thrown [s\open\src\hotspot\share\interpreter\linkResolver.cpp, line 774]
Event: 0.717 Thread 0x0000017a5f62f670 Exception <a 'sun/nio/fs/WindowsException'{0x00000004431751c8}> (0x00000004431751c8) 
thrown [s\open\src\hotspot\share\prims\jni.cpp, line 520]
Event: 0.717 Thread 0x0000017a5f62f670 Exception <a 'sun/nio/fs/WindowsException'{0x0000000443175578}> (0x0000000443175578) 
thrown [s\open\src\hotspot\share\prims\jni.cpp, line 520]
Event: 0.726 Thread 0x0000017a5f62f670 Exception <a 'sun/nio/fs/WindowsException'{0x000000044317c7a8}> (0x000000044317c7a8) 
thrown [s\open\src\hotspot\share\prims\jni.cpp, line 520]
Event: 0.726 Thread 0x0000017a5f62f670 Exception <a 'sun/nio/fs/WindowsException'{0x000000044317ca90}> (0x000000044317ca90) 
thrown [s\open\src\hotspot\share\prims\jni.cpp, line 520]
Event: 1.353 Thread 0x0000017a5f62f670 Exception <a 'java/lang/NoSuchMethodError'{0x000000044283ac60}: 'long java.lang.invoke.DelegatingMethodHandle$Holder.reinvoke_L(java.lang.Object, java.lang.Object)'> (0x000000044283ac60) 
thrown [s\open\src\hotspot\share\interpreter\linkResolver.cpp, line 774]
Event: 1.354 Thread 0x0000017a5f62f670 Exception <a 'java/lang/NoSuchMethodError'{0x00000004428410a8}: 'long java.lang.invoke.Invokers$Holder.invokeExact_MT(java.lang.Object, java.lang.Object, java.lang.Object)'> (0x00000004428410a8) 
thrown [s\open\src\hotspot\share\interpreter\linkResolver.cpp, line 774]
Event: 1.465 Thread 0x0000017a5f62f670 Exception <a 'sun/nio/fs/WindowsException'{0x0000000442c8f4a0}> (0x0000000442c8f4a0) 
thrown [s\open\src\hotspot\share\prims\jni.cpp, line 520]
Event: 1.680 Thread 0x0000017a5f62f670 Exception <a 'java/lang/NoSuchMethodError'{0x000000044203b310}: 'void java.lang.System.load(java.lang.String, java.lang.Class)'> (0x000000044203b310) 
thrown [s\open\src\hotspot\share\interpreter\linkResolver.cpp, line 774]
Event: 1.681 Thread 0x0000017a5f62f670 Exception <a 'java/lang/NoSuchMethodError'{0x000000044203dcd0}: 'void java.lang.System.loadLibrary(java.lang.String, java.lang.Class)'> (0x000000044203dcd0) 
thrown [s\open\src\hotspot\share\interpreter\linkResolver.cpp, line 774]
Event: 1.693 Thread 0x0000017a5f62f670 Exception <a 'sun/nio/fs/WindowsException'{0x000000044204cb98}> (0x000000044204cb98) 
thrown [s\open\src\hotspot\share\prims\jni.cpp, line 520]
Event: 1.693 Thread 0x0000017a5f62f670 Exception <a 'sun/nio/fs/WindowsException'{0x000000044204cf20}> (0x000000044204cf20) 
thrown [s\open\src\hotspot\share\prims\jni.cpp, line 520]

ZGC Phase Switch (0 events):
No events

VM Operations (6 events):
Event: 0.113 Executing VM operation: HandshakeAllThreads (Deoptimize)
Event: 0.113 Executing VM operation: HandshakeAllThreads (Deoptimize) done
Event: 0.244 Executing VM operation: HandshakeAllThreads (Deoptimize)
Event: 0.244 Executing VM operation: HandshakeAllThreads (Deoptimize) done
Event: 1.255 Executing VM operation: Cleanup
Event: 1.255 Executing VM operation: Cleanup done

Memory protections (0 events):
No events

Nmethod flushes (0 events):
No events

Events (16 events):
Event: 0.031 Thread 0x0000017a5f62f670 Thread added: 0x0000017a5f62f670
Event: 0.046 Thread 0x0000017a5f62f670 Thread added: 0x0000017a10924fa0
Event: 0.046 Thread 0x0000017a5f62f670 Thread added: 0x0000017a10925a00
Event: 0.046 Thread 0x0000017a5f62f670 Thread added: 0x0000017a1092dd90
Event: 0.046 Thread 0x0000017a5f62f670 Thread added: 0x0000017a10931e90
Event: 0.046 Thread 0x0000017a5f62f670 Thread added: 0x0000017a10955270
Event: 0.047 Thread 0x0000017a5f62f670 Thread added: 0x0000017a10960210
Event: 0.047 Thread 0x0000017a5f62f670 Thread added: 0x0000017a1096db00
Event: 0.047 Thread 0x0000017a5f62f670 Thread added: 0x0000017a1096eaf0
Event: 0.053 Thread 0x0000017a1096eaf0 Thread added: 0x0000017a10a3acf0
Event: 0.085 Thread 0x0000017a5f62f670 Thread added: 0x0000017a10960f30
Event: 0.088 Thread 0x0000017a5f62f670 Thread added: 0x0000017a1095e7d0
Event: 0.978 Thread 0x0000017a10a3acf0 Thread added: 0x0000017a56610b40
Event: 1.127 Thread 0x0000017a56610b40 Thread exited: 0x0000017a56610b40
Event: 1.360 Thread 0x0000017a10a3acf0 Thread added: 0x0000017a58ed0180
Event: 1.360 Thread 0x0000017a10a3acf0 Thread added: 0x0000017a58ecd8a0


Dynamic libraries:
0x00007ff698bb0000 - 0x00007ff698bc0000 	C:\Program Files\Java\jdk-22\bin\java.exe
0x00007ffcf5060000 - 0x00007ffcf52c8000 	C:\WINDOWS\SYSTEM32\ntdll.dll
0x00007ffcf2e00000 - 0x00007ffcf2ec9000 	C:\WINDOWS\System32\KERNEL32.DLL
0x00007ffcf22f0000 - 0x00007ffcf26dd000 	C:\WINDOWS\System32\KERNELBASE.dll
0x00007ffcf2b00000 - 0x00007ffcf2c4b000 	C:\WINDOWS\System32\ucrtbase.dll
0x00007ffcdfa70000 - 0x00007ffcdfa8b000 	C:\Program Files\Java\jdk-22\bin\VCRUNTIME140.dll
0x00007ffcea280000 - 0x00007ffcea297000 	C:\Program Files\Java\jdk-22\bin\jli.dll
0x00007ffcf4d90000 - 0x00007ffcf4f5c000 	C:\WINDOWS\System32\USER32.dll
0x00007ffcf2dd0000 - 0x00007ffcf2df7000 	C:\WINDOWS\System32\win32u.dll
0x00007ffccf960000 - 0x00007ffccfbfa000 	C:\WINDOWS\WinSxS\amd64_microsoft.windows.common-controls_6595b64144ccf1df_6.0.26100.4484_none_3e0e6d4ce32ef3b3\COMCTL32.dll
0x00007ffcf4ce0000 - 0x00007ffcf4d89000 	C:\WINDOWS\System32\msvcrt.dll
0x00007ffcf4fd0000 - 0x00007ffcf4ffb000 	C:\WINDOWS\System32\GDI32.dll
0x00007ffcf2840000 - 0x00007ffcf2977000 	C:\WINDOWS\System32\gdi32full.dll
0x00007ffcf21b0000 - 0x00007ffcf2253000 	C:\WINDOWS\System32\msvcp_win.dll
0x00007ffcf3160000 - 0x00007ffcf318f000 	C:\WINDOWS\System32\IMM32.DLL
0x00007ffcea250000 - 0x00007ffcea25c000 	C:\Program Files\Java\jdk-22\bin\vcruntime140_1.dll
0x00007ffcdec30000 - 0x00007ffcdecbe000 	C:\Program Files\Java\jdk-22\bin\msvcp140.dll
0x00007ffc86f50000 - 0x00007ffc87c99000 	C:\Program Files\Java\jdk-22\bin\server\jvm.dll
0x00007ffcf42e0000 - 0x00007ffcf4394000 	C:\WINDOWS\System32\ADVAPI32.dll
0x00007ffcf30b0000 - 0x00007ffcf3156000 	C:\WINDOWS\System32\sechost.dll
0x00007ffcf3a70000 - 0x00007ffcf3b88000 	C:\WINDOWS\System32\RPCRT4.dll
0x00007ffcf47d0000 - 0x00007ffcf4844000 	C:\WINDOWS\System32\WS2_32.dll
0x00007ffcf2000000 - 0x00007ffcf205e000 	C:\WINDOWS\SYSTEM32\POWRPROF.dll
0x00007ffce7640000 - 0x00007ffce7675000 	C:\WINDOWS\SYSTEM32\WINMM.dll
0x00007ffcdcca0000 - 0x00007ffcdccab000 	C:\WINDOWS\SYSTEM32\VERSION.dll
0x00007ffcf1fe0000 - 0x00007ffcf1ff4000 	C:\WINDOWS\SYSTEM32\UMPDC.dll
0x00007ffcf0f10000 - 0x00007ffcf0f2b000 	C:\WINDOWS\SYSTEM32\kernel.appcore.dll
0x00007ffcea150000 - 0x00007ffcea15a000 	C:\Program Files\Java\jdk-22\bin\jimage.dll
0x00007ffcef8b0000 - 0x00007ffcefaf1000 	C:\WINDOWS\SYSTEM32\DBGHELP.DLL
0x00007ffcf4950000 - 0x00007ffcf4cd6000 	C:\WINDOWS\System32\combase.dll
0x00007ffcf3200000 - 0x00007ffcf32e0000 	C:\WINDOWS\System32\OLEAUT32.dll
0x00007ffcde5d0000 - 0x00007ffcde613000 	C:\WINDOWS\SYSTEM32\dbgcore.DLL
0x00007ffcf27a0000 - 0x00007ffcf2839000 	C:\WINDOWS\System32\bcryptPrimitives.dll
0x00007ffcdf1e0000 - 0x00007ffcdf1fe000 	C:\Program Files\Java\jdk-22\bin\java.dll
0x00007ffcf3b90000 - 0x00007ffcf42da000 	C:\WINDOWS\System32\SHELL32.dll
0x00007ffcf2c50000 - 0x00007ffcf2dc4000 	C:\WINDOWS\System32\wintypes.dll
0x00007ffcf43a0000 - 0x00007ffcf453e000 	C:\WINDOWS\System32\ole32.dll
0x00007ffcefdb0000 - 0x00007ffcf060b000 	C:\WINDOWS\SYSTEM32\windows.storage.dll
0x00007ffcf3970000 - 0x00007ffcf3a65000 	C:\WINDOWS\System32\SHCORE.dll
0x00007ffcf3470000 - 0x00007ffcf34da000 	C:\WINDOWS\System32\shlwapi.dll
0x00007ffcf20c0000 - 0x00007ffcf20ef000 	C:\WINDOWS\SYSTEM32\profapi.dll
0x00007ffcbc920000 - 0x00007ffcbc9f7000 	C:\Program Files\Java\jdk-22\bin\jsvml.dll
0x00007ffcdf0d0000 - 0x00007ffcdf0e0000 	C:\Program Files\Java\jdk-22\bin\net.dll
0x00007ffcf1480000 - 0x00007ffcf14ea000 	C:\WINDOWS\system32\mswsock.dll
0x00007ffcdea30000 - 0x00007ffcdea46000 	C:\Program Files\Java\jdk-22\bin\nio.dll
0x00007ffcdf170000 - 0x00007ffcdf187000 	C:\Program Files\Java\jdk-22\bin\zip.dll
0x00007ffcddaf0000 - 0x00007ffcddb54000 	C:\Users\lukag\AppData\Local\Temp\lwjgllukag\3.2.3-build-13\lwjgl.dll
0x00007ffcd6d30000 - 0x00007ffcd6d92000 	C:\Users\lukag\AppData\Local\Temp\lwjgllukag\3.2.3-build-13\glfw.dll
0x00007ffceed50000 - 0x00007ffceedff000 	C:\WINDOWS\system32\uxtheme.dll
0x00007ffcd6a20000 - 0x00007ffcd6a6b000 	C:\WINDOWS\SYSTEM32\dinput8.dll
0x00007ffce7680000 - 0x00007ffce7692000 	C:\WINDOWS\SYSTEM32\xinput1_4.dll
0x00007ffcf1db0000 - 0x00007ffcf1e07000 	C:\WINDOWS\SYSTEM32\cfgmgr32.dll
0x00007ffcf1d80000 - 0x00007ffcf1dad000 	C:\WINDOWS\SYSTEM32\DEVOBJ.dll
0x00007ffcef0c0000 - 0x00007ffcef0f6000 	C:\WINDOWS\SYSTEM32\dwmapi.dll
0x00007ffcd2e80000 - 0x00007ffcd3063000 	C:\WINDOWS\SYSTEM32\inputhost.dll
0x00007ffcee910000 - 0x00007ffceea35000 	C:\WINDOWS\SYSTEM32\CoreMessaging.dll
0x00007ffcf16c0000 - 0x00007ffcf16cc000 	C:\WINDOWS\SYSTEM32\CRYPTBASE.DLL
0x00007ffcf3300000 - 0x00007ffcf3460000 	C:\WINDOWS\System32\MSCTF.dll
0x00007ffcf0610000 - 0x00007ffcf061f000 	C:\WINDOWS\SYSTEM32\HID.DLL
0x00007ffcf34e0000 - 0x00007ffcf3966000 	C:\WINDOWS\System32\SETUPAPI.DLL
0x00007ffcf2260000 - 0x00007ffcf22e4000 	C:\WINDOWS\System32\WINTRUST.dll
0x00007ffcf2980000 - 0x00007ffcf2af7000 	C:\WINDOWS\System32\CRYPT32.dll
0x00007ffcf18c0000 - 0x00007ffcf18d3000 	C:\WINDOWS\SYSTEM32\MSASN1.dll
0x00007ffcade50000 - 0x00007ffcadf68000 	C:\WINDOWS\SYSTEM32\opengl32.dll
0x00007ffcde620000 - 0x00007ffcde64d000 	C:\WINDOWS\SYSTEM32\GLU32.dll
0x00007ffceef10000 - 0x00007ffceef5d000 	C:\WINDOWS\SYSTEM32\dxcore.dll
0x00007ffceee80000 - 0x00007ffceeee4000 	C:\WINDOWS\SYSTEM32\directxdatabasehelper.dll
0x00007ffcdc0a0000 - 0x00007ffcdc0ba000 	C:\WINDOWS\SYSTEM32\windows.staterepositorycore.dll
0x00007ffc482a0000 - 0x00007ffc49509000 	C:\WINDOWS\System32\DriverStore\FileRepository\iigd_dch.inf_amd64_1d93109bf5281989\igxelpicd64.dll
0x00007ffceef60000 - 0x00007ffcef098000 	C:\WINDOWS\system32\dxgi.dll
0x00007ffc8aad0000 - 0x00007ffc8ae1c000 	C:\WINDOWS\System32\DriverStore\FileRepository\iigd_dch.inf_amd64_1d93109bf5281989\igdml64.dll
0x00007ffce69c0000 - 0x00007ffce6dfe000 	C:\WINDOWS\System32\DriverStore\FileRepository\iigd_dch.inf_amd64_1d93109bf5281989\igdgmm64.dll
0x00007ffce2040000 - 0x00007ffce6094000 	C:\WINDOWS\System32\DriverStore\FileRepository\iigd_dch.inf_amd64_1d93109bf5281989\igc64.dll
0x00007ffcdf350000 - 0x00007ffcdf4a0000 	C:\WINDOWS\SYSTEM32\textinputframework.dll
0x00007ffce99e0000 - 0x00007ffce9cc3000 	C:\WINDOWS\SYSTEM32\CoreUIComponents.dll
0x00007ffcc0c10000 - 0x00007ffcc0c69000 	C:\Users\lukag\AppData\Local\Temp\lwjgllukag\3.2.3-build-13\lwjgl_opengl.dll
0x0000000064a00000 - 0x0000000064d10000 	C:\Users\lukag\AppData\Local\Temp\imgui-java-natives_1753091608407\imgui-java64.dll
0x00007ffcf1860000 - 0x00007ffcf187b000 	C:\WINDOWS\SYSTEM32\CRYPTSP.dll
0x00007ffcf0e70000 - 0x00007ffcf0eab000 	C:\WINDOWS\system32\rsaenh.dll
0x00007ffcbfbf0000 - 0x00007ffcbfc67000 	C:\Users\lukag\AppData\Local\Temp\lwjgllukag\3.2.3-build-13\lwjgl_stb.dll
0x00007ffcdf0c0000 - 0x00007ffcdf0d0000 	C:\Program Files\Java\jdk-22\bin\verify.dll

dbghelp: loaded successfully - version: 4.0.5 - missing functions: none
symbol engine: initialized successfully - sym options: 0x614 - pdb path: .;C:\Program Files\Java\jdk-22\bin;C:\WINDOWS\SYSTEM32;C:\WINDOWS\WinSxS\amd64_microsoft.windows.common-controls_6595b64144ccf1df_6.0.26100.4484_none_3e0e6d4ce32ef3b3;C:\Program Files\Java\jdk-22\bin\server;C:\Users\lukag\AppData\Local\Temp\lwjgllukag\3.2.3-build-13;C:\WINDOWS\System32\DriverStore\FileRepository\iigd_dch.inf_amd64_1d93109bf5281989;C:\Users\lukag\AppData\Local\Temp\imgui-java-natives_1753091608407

VM Arguments:
jvm_args: -Dfile.encoding=UTF-8 -Duser.country=CH -Duser.language=de -Duser.variant -ea 
java_command: ch.noseryoung.Main java.library.path=libs
java_class_path (initial): C:\Users\lukag\Documents\GitHub\chiikawa-game_luka\Chiikawa-Game\build\classes\java\main;C:\Users\lukag\Documents\GitHub\chiikawa-game_luka\Chiikawa-Game\build\resources\main;C:\Users\lukag\Documents\GitHub\chiikawa-game_luka\Chiikawa-Game\libs\imgui-app-1.81.0-javadoc.jar;C:\Users\lukag\Documents\GitHub\chiikawa-game_luka\Chiikawa-Game\libs\imgui-app-1.81.0-sources.jar;C:\Users\lukag\Documents\GitHub\chiikawa-game_luka\Chiikawa-Game\libs\imgui-app-1.81.0.jar;C:\Users\lukag\Documents\GitHub\chiikawa-game_luka\Chiikawa-Game\libs\imgui-binding-1.81.0-javadoc.jar;C:\Users\lukag\Documents\GitHub\chiikawa-game_luka\Chiikawa-Game\libs\imgui-binding-1.81.0-sources.jar;C:\Users\lukag\Documents\GitHub\chiikawa-game_luka\Chiikawa-Game\libs\imgui-binding-1.81.0.jar;C:\Users\lukag\Documents\GitHub\chiikawa-game_luka\Chiikawa-Game\libs\imgui-lwjgl3-1.81.0-javadoc.jar;C:\Users\lukag\Documents\GitHub\chiikawa-game_luka\Chiikawa-Game\libs\imgui-lwjgl3-1.81.0-sources.jar;C:\Users\lukag\Documents\GitHub\chiikawa-game_luka\Chiikawa-Game\libs\imgui-lwjgl3-1.81.0.jar;C:\Users\lukag\.gradle\caches\modules-2\files-2.1\com.google.code.gson\gson\2.13.1\853ce06c11316b33a8eae5e9095da096a9528b8f\gson-2.13.1.jar;C:\Users\lukag\.gradle\caches\modules-2\files-2.1\org.lwjgl\lwjgl-assimp\3.2.3\f62aa07a20afbdd3097efc296c4841e0d29700eb\lwjgl-assimp-3.2.3.jar;C:\Users\lukag\.gradle\caches\modules-2\files-2.1\org.lwjgl\lwjgl-assimp\3.2.3\4e60aeb75f0343c4a9ede4ef8b6b32ca702a00a3\lwjgl-assimp-3.2.3-natives-windows.jar;C:\Users\lukag\.gradle\caches\modules-2\files-2.1\org.lwjgl\lwjgl-glfw\3.2.3\5e520d5c290c8b012545a8d34fa5db5ab051ea53\lwjgl-glfw-3.2.3.jar;C:\Users\lukag\.gradle\caches\modules-2\files-2.1\org.lwjgl\lwjgl-glfw\3.2.3\b4d8a3477cdc2edcf7a5f1e822926be846223f54\lwjgl-glfw-3.2.3-natives-windows.jar;C:\Users\lukag\.gradle\caches\modules-2\files-2.1\org.lwjgl\lwjgl-nfd\3.2.3\c44fee1043c022cf6614a28872d44cf114ca7737\lwjgl-nfd-3.2.3.jar;C:\Users\lukag\.gradle\caches\modules-2\files-2.1\org.lwjgl\lwjgl-nfd\3.2.3\32782f5f5c57769efb82af864e70b819c77bc891\lwjgl-nfd-3.2.3-natives-windows.jar;C:\Users\lukag\.gradle\caches\modules-2\files-2.1\org.lwjgl\lwjgl-openal\3.2.3\106742e805803ab9eab8e343f0fb31a3d263903c\lwjgl-openal-3.2.3.jar;C:\Users\lukag\.gradle\caches\modules-2\files-2.1\org.lwjgl\lwjgl-openal\3.2.3\ec898e8ce11b5886f4f532a1536283ef2817758d\lwjgl-openal-3.2.3-natives-windows.jar;C:\Users\lukag\.gradle\caches\modules-2\files-2.1\org.lwjgl\lwjgl-opengl\3.2.3\bdd534a323d0c8f54969b95e424b6ac8984f7d6e\lwjgl-opengl-3.2.3.jar;C:\Users\lukag\.gradle\caches\modules-2\files-2.1\org.lwjgl\lwjgl-opengl\3.2.3\e81cfc73ec8708e5e791ed770e4ec3edfc1bbab1\lwjgl-opengl-3.2.3-natives-windows.jar;C:\Users\lukag\.gradle\caches\modules-2\files-2.1\org.lwjgl\lwjgl-stb\3.2.3\40eccaa4fa86fc815f2e17946a392fb5fdcc286a\lwjgl-stb-3.2.3.jar;C:\Users\lukag\.gradle\caches\modules-2\files-2.1\org.lwjgl\lwjgl-stb\3.2.3\817b21ec286f0ba3dcedb56a3bd275e6a9345be9\lwjgl-stb-3.2.3-natives-windows.jar;C:\Users\lukag\.gradle\caches\modules-2\files-2.1\org.lwjgl\lwjgl\3.2.3\17a59ba0fe8d474ec9dbe0d5db40d2cfe59c4c08\lwjgl-3.2.3.jar;C:\Users\lukag\.gradle\caches\modules-2\files-2.1\org.lwjgl\lwjgl\3.2.3\27f32cd35349684745951e04388e8e00d681cdcd\lwjgl-3.2.3-natives-windows.jar;C:\Users\lukag\.gradle\caches\modules-2\files-2.1\org.joml\joml\1.10.8\fc0a71dad90a2cf41d82a76156a0e700af8e4f8d\joml-1.10.8.jar;C:\Users\lukag\.gradle\caches\modules-2\files-2.1\com.google.errorprone\error_prone_annotations\2.38.0\fc0ae991433e8590ba51cd558421478318a74c8c\error_prone_annotations-2.38.0.jar;C:\Users\lukag\.gradle\caches\modules-2\files-2.1\org.jetbrains.kotlin\kotlin-stdlib-jdk8\1.8.20\73576ddf378c5b4f1f6b449fe6b119b8183fc078\kotlin-stdlib-jdk8-1.8.20.jar;C:\Users\lukag\.gradle\caches\modules-2\files-2.1\org.jetbrains.kotlin\kotlin-stdlib-jdk7\1.8.20\3aa51faf20aae8b31e1a4bc54f8370673d7b7df4\kotlin-stdlib-jdk7-1.8.20.jar;C:\Users\lukag\.gradle\caches\modules-2\files-2.1\org.jetbrains.kotlin\kotlin-stdlib\1.8.20\e72fc5e03ec6c064c678a6bd0d955c88d55b0c4a\kotlin-stdlib-1.8.20.jar;C:\Users\lukag\.gradle\caches\modules-2\files-2.1\org.jetbrains.kotlin\kotlin-stdlib-common\1.8.20\5eddaaf234c8c49d03eebeb6a14feb7f90faca71\kotlin-stdlib-common-1.8.20.jar;C:\Users\lukag\.gradle\caches\modules-2\files-2.1\org.jetbrains\annotations\13.0\919f0dfe192fb4e063e7dacadee7f8bb9a2672a9\annotations-13.0.jar
Launcher Type: SUN_STANDARD

[Global flags]
     intx CICompilerCount                          = 12                                        {product} {ergonomic}
     uint ConcGCThreads                            = 4                                         {product} {ergonomic}
     uint G1ConcRefinementThreads                  = 15                                        {product} {ergonomic}
   size_t G1HeapRegionSize                         = 8388608                                   {product} {ergonomic}
   size_t InitialHeapSize                          = 1073741824                                {product} {ergonomic}
   size_t MarkStackSize                            = 4194304                                   {product} {ergonomic}
   size_t MaxHeapSize                              = 17112760320                               {product} {ergonomic}
   size_t MaxNewSize                               = 10267656192                               {product} {ergonomic}
   size_t MinHeapDeltaBytes                        = 8388608                                   {product} {ergonomic}
   size_t MinHeapSize                              = 8388608                                   {product} {ergonomic}
    uintx NonNMethodCodeHeapSize                   = 7602480                                {pd product} {ergonomic}
    uintx NonProfiledCodeHeapSize                  = 122027880                              {pd product} {ergonomic}
    uintx ProfiledCodeHeapSize                     = 122027880                              {pd product} {ergonomic}
    uintx ReservedCodeCacheSize                    = 251658240                              {pd product} {ergonomic}
     bool SegmentedCodeCache                       = true                                      {product} {ergonomic}
   size_t SoftMaxHeapSize                          = 17112760320                            {manageable} {ergonomic}
     bool UseCompressedOops                        = true                           {product lp64_product} {ergonomic}
     bool UseG1GC                                  = true                                      {product} {ergonomic}
     bool UseLargePagesIndividualAllocation        = false                                  {pd product} {ergonomic}

Logging:
Log output configuration:
 #0: stdout all=warning uptime,level,tags foldmultilines=false
 #1: stderr all=off uptime,level,tags foldmultilines=false

Environment Variables:
JAVA_HOME=C:\Program Files\Eclipse Adoptium\jdk-21.0.5.11-hotspot\
PATH=C:\Program Files\Eclipse Adoptium\jdk-17.0.15.6-hotspot\bin;C:\Program Files (x86)\VMware\VMware Workstation\bin\;C:\Program Files\Eclipse Adoptium\jdk-21.0.5.11-hotspot\bin;C:\Program Files\Common Files\Oracle\Java\javapath;C:\WINDOWS\system32;C:\WINDOWS;C:\WINDOWS\System32\Wbem;C:\WINDOWS\System32\WindowsPowerShell\v1.0\;C:\WINDOWS\System32\OpenSSH\;C:\Program Files (x86)\NVIDIA Corporation\PhysX\Common;C:\Program Files\NVIDIA Corporation\NVIDIA NvDLISR;C:\Program Files\Java\jdk-22\bin;C:\Program Files\PuTTY\;C:\Program Files\Git\cmd;C:\Program Files\nodejs\;C:\Program Files\WireGuard\;C:\Program Files\Docker\Docker\resources\bin;C:\Program Files\dotnet\;C:\Users\lukag\AppData\Local\Programs\Python\Launcher\;C:\Users\lukag\AppData\Local\Microsoft\WindowsApps;C:\Users\lukag\AppData\Local\JetBrains\IntelliJ IDEA 2024.2.0.2\bin;;C:\Users\lukag\AppData\Local\GitHubDesktop\bin;C:\Users\lukag\AppData\Local\Programs\Microsoft VS Code\bin;C:\Users\lukag\AppData\Roaming\npm;C:\Program Files\PostgreSQL\17\bin;
USERNAME=lukag
OS=Windows_NT
PROCESSOR_IDENTIFIER=Intel64 Family 6 Model 186 Stepping 2, GenuineIntel
TMP=C:\Users\lukag\AppData\Local\Temp
TEMP=C:\Users\lukag\AppData\Local\Temp




Periodic native trim disabled

---------------  S Y S T E M  ---------------

OS:
 Windows 11 , 64 bit Build 26100 (10.0.26100.4484)
OS uptime: 4 days 3:07 hours
Hyper-V role detected

CPU: total 20 (initial active 20) (10 cores per cpu, 2 threads per core) family 6 model 186 stepping 2 microcode 0x4123, cx8, cmov, fxsr, ht, mmx, 3dnowpref, sse, sse2, sse3, ssse3, sse4.1, sse4.2, popcnt, lzcnt, tsc, tscinvbit, avx, avx2, aes, erms, clmul, bmi1, bmi2, adx, sha, fma, vzeroupper, clflush, clflushopt, clwb, hv, serialize, rdtscp, rdpid, fsrm, f16c, cet_ibt, cet_ss
Processor Information for processor 0
  Max Mhz: 2600, Current Mhz: 2600, Mhz Limit: 2600
Processor Information for processor 1
  Max Mhz: 2600, Current Mhz: 1496, Mhz Limit: 2600
Processor Information for processor 2
  Max Mhz: 2600, Current Mhz: 1496, Mhz Limit: 2600
Processor Information for processor 3
  Max Mhz: 2600, Current Mhz: 2600, Mhz Limit: 2600
Processor Information for processor 4
  Max Mhz: 2600, Current Mhz: 2600, Mhz Limit: 2600
Processor Information for processor 5
  Max Mhz: 2600, Current Mhz: 2600, Mhz Limit: 2600
Processor Information for processor 6
  Max Mhz: 2600, Current Mhz: 2600, Mhz Limit: 2600
Processor Information for processor 7
  Max Mhz: 2600, Current Mhz: 2600, Mhz Limit: 2600
Processor Information for processor 8
  Max Mhz: 2600, Current Mhz: 1496, Mhz Limit: 2600
Processor Information for processor 9
  Max Mhz: 2600, Current Mhz: 2600, Mhz Limit: 2600
Processor Information for processor 10
  Max Mhz: 2600, Current Mhz: 1496, Mhz Limit: 2600
Processor Information for processor 11
  Max Mhz: 2600, Current Mhz: 1496, Mhz Limit: 2600
Processor Information for processor 12
  Max Mhz: 2600, Current Mhz: 2600, Mhz Limit: 2600
Processor Information for processor 13
  Max Mhz: 2600, Current Mhz: 2600, Mhz Limit: 2600
Processor Information for processor 14
  Max Mhz: 2600, Current Mhz: 2600, Mhz Limit: 2600
Processor Information for processor 15
  Max Mhz: 2600, Current Mhz: 2600, Mhz Limit: 2600
Processor Information for processor 16
  Max Mhz: 2600, Current Mhz: 2600, Mhz Limit: 2600
Processor Information for processor 17
  Max Mhz: 2600, Current Mhz: 2600, Mhz Limit: 2600
Processor Information for processor 18
  Max Mhz: 2600, Current Mhz: 2600, Mhz Limit: 2600
Processor Information for processor 19
  Max Mhz: 2600, Current Mhz: 1505, Mhz Limit: 2600

Memory: 4k page, system-wide physical 65259M (38440M free)
TotalPageFile size 69355M (AvailPageFile size 37264M)
current process WorkingSet (physical memory assigned to process): 184M, peak: 184M
current process commit charge ("private bytes"): 1201M, peak: 1201M

vm_info: Java HotSpot(TM) 64-Bit Server VM (22.0.2+9-70) for windows-amd64 JRE (22.0.2+9-70), built on 2024-06-04T16:52:23Z by "mach5one" with MS VC++ 17.6 (VS2022)

END.
